Microchip MPLAB XC8 Compiler V2.10 ()

Linker command line:

-W-3 --edf=C:\Program Files (x86)\Microchip\xc8\v2.10\pic\dat\en_msgs.txt \
  -cs -h+dist/default/production\firmware.production.sym \
  --cmf=dist/default/production\firmware.production.cmf -z -Q16F1847 \
  -oC:\Users\ciro_\AppData\Local\Temp\sujg.2 --defsym=__MPLAB_BUILD=1 \
  -Mdist/default/production/firmware.production.map -E1 -ver=XC8 \
  --acfsm=1493 -ASTACK=0206Bh-022F4h -pstack=STACK -ACODE=00h-07FFhx4 \
  -ASTRCODE=00h-01FFFh -ASTRING=00h-0FFhx32 -ACONST=00h-0FFhx32 \
  -AENTRY=00h-0FFhx32 -ACOMMON=070h-07Fh -ABANK0=020h-06Fh \
  -ABANK1=0A0h-0EFh -ABANK2=0120h-016Fh -ABANK3=01A0h-01EFh \
  -ABANK4=0220h-026Fh -ABANK5=02A0h-02EFh -ABANK6=0320h-036Fh \
  -ABANK7=03A0h-03EFh -ABANK8=0420h-046Fh -ABANK9=04A0h-04EFh \
  -ABANK10=0520h-056Fh -ABANK11=05A0h-05EFh -ABANK12=0620h-064Fh \
  -ABIGRAM=02000h-023EFh \
  -ARAM=020h-06Fh,0A0h-0EFh,0120h-016Fh,01A0h-01EFh,0220h-026Fh,02A0h-02EFh,0320h-036Fh,03A0h-03EFh,0420h-046Fh,04A0h-04EFh,0520h-056Fh,05A0h-05EFh,0620h-064Fh \
  -AABS1=020h-07Fh,0A0h-0EFh,0120h-016Fh,01A0h-01EFh,0220h-026Fh,02A0h-02EFh,0320h-036Fh,03A0h-03EFh,0420h-046Fh,04A0h-04EFh,0520h-056Fh,05A0h-05EFh,0620h-064Fh \
  -ASFR0=00h-01Fh -ASFR1=080h-09Fh -ASFR2=0100h-011Fh -ASFR3=0180h-019Fh \
  -ASFR4=0200h-021Fh -ASFR5=0280h-029Fh -ASFR6=0300h-031Fh \
  -ASFR7=0380h-039Fh -ASFR8=0400h-041Fh -ASFR9=0480h-049Fh \
  -ASFR10=0500h-051Fh -ASFR11=0580h-059Fh -ASFR12=0600h-061Fh \
  -ASFR13=0680h-06EFh -ASFR14=0700h-076Fh -ASFR15=0780h-07EFh \
  -ASFR16=0800h-086Fh -ASFR17=0880h-08EFh -ASFR18=0900h-096Fh \
  -ASFR19=0980h-09EFh -ASFR20=0A00h-0A6Fh -ASFR21=0A80h-0AEFh \
  -ASFR22=0B00h-0B6Fh -ASFR23=0B80h-0BEFh -ASFR24=0C00h-0C6Fh \
  -ASFR25=0C80h-0CEFh -ASFR26=0D00h-0D6Fh -ASFR27=0D80h-0DEFh \
  -ASFR28=0E00h-0E6Fh -ASFR29=0E80h-0EEFh -ASFR30=0F00h-0F6Fh \
  -ASFR31=0F80h-0FEFh -preset_vec=00h,intentry=04h,init,end_init \
  -ppowerup=CODE -pcinit=CODE -pfunctab=ENTRY -ACONFIG=08007h-08008h \
  -pconfig=CONFIG -DCONFIG=2 -AIDLOC=08000h-08003h -pidloc=IDLOC -DIDLOC=2 \
  -AEEDATA=00h-0FFh/0F000h -peeprom_data=EEDATA -DEEDATA=2 -DCODE=2 \
  -DSTRCODE=2 -DSTRING=2 -DCONST=2 -DENTRY=2 -k \
  C:\Users\ciro_\AppData\Local\Temp\sujg.o \
  dist/default/production\firmware.production.o 

Object code version is 3.11

Machine type is 16F1847



                Name                               Link     Load   Length Selector   Space Scale
C:\Users\ciro_\AppData\Local\Temp\sujg.o
                end_init                            319      319        2        8       0
                reset_vec                             0        0        2        0       0
                config                             8007     8007        2    1000E       0
dist/default/production\firmware.production.o
                cinit                               31B      31B       1D        8       0
                intentry                              4        4      315        8       0
                eeprom_data                           0     F000       E0    1E000       3
                text9                               F2D      F2D       1E     1E5A       0
                text8                               F7A      F7A       34     1EF4       0
                text7                               FAE      FAE       52     1F5C       0
                text6                               F4B      F4B       2F     1E96       0
                text5                               778      778       5E        8       0
                text3                               7D6      7D6       28        8       0
                text2                               F12      F12       1B     1E24       0
                text1                               69B      69B       DD        8       0
                maintext                            338      338      363        8       0
                cstackBANK0                          20       20       3B       20       1
                cstackCOMMON                         70       70        D       70       1
                cstackBANK1                          A0       A0       1B       A0       1
                clrtext                             F06      F06        C     1E0C       0
                dataBANK0                            66       66        1       20       1
                bssBANK0                             5B       5B        B       20       1
                stringtext1                        1000     1000        1     2000       0
                idataBANK0                          7FE      7FE        1        8       0

TOTAL           Name                               Link     Load   Length     Space
        CLASS   STACK          

        CLASS   CODE           
                end_init                            319      319        2         0
                cinit                               31B      31B       1D         0
                intentry                              4        4      315         0
                reset_vec                             0        0        2         0
                text9                               F2D      F2D       1E         0
                text8                               F7A      F7A       34         0
                text7                               FAE      FAE       52         0
                text6                               F4B      F4B       2F         0
                text5                               778      778       5E         0
                text3                               7D6      7D6       28         0
                text2                               F12      F12       1B         0
                text1                               69B      69B       DD         0
                maintext                            338      338      363         0
                clrtext                             F06      F06        C         0
                idataBANK0                          7FE      7FE        1         0

        CLASS   STRCODE        
                stringtext1                        1000     1000        1         0

        CLASS   STRING         

        CLASS   CONST          

        CLASS   ENTRY          

        CLASS   COMMON         
                cstackCOMMON                         70       70        D         1

        CLASS   BANK0          
                cstackBANK0                          20       20       3B         1
                dataBANK0                            66       66        1         1
                bssBANK0                             5B       5B        B         1

        CLASS   BANK1          
                cstackBANK1                          A0       A0       1B         1

        CLASS   BANK2          

        CLASS   BANK3          

        CLASS   BANK4          

        CLASS   BANK5          

        CLASS   BANK6          

        CLASS   BANK7          

        CLASS   BANK8          

        CLASS   BANK9          

        CLASS   BANK10         

        CLASS   BANK11         

        CLASS   BANK12         

        CLASS   BIGRAM         

        CLASS   RAM            

        CLASS   ABS1           
                abs_s1                               7E       7E        2         1
                abs_s1                              4C5      4C5       2B         1
                abs_s1                              520      520       50         1
                abs_s1                              5A0      5A0       50         1
                abs_s1                              620      620       30         1
                abs_s1                             22F5     22F5        0         1

        CLASS   SFR0           

        CLASS   SFR1           

        CLASS   SFR2           

        CLASS   SFR3           

        CLASS   SFR4           

        CLASS   SFR5           

        CLASS   SFR6           

        CLASS   SFR7           

        CLASS   SFR8           

        CLASS   SFR9           

        CLASS   SFR10          

        CLASS   SFR11          

        CLASS   SFR12          

        CLASS   SFR13          

        CLASS   SFR14          

        CLASS   SFR15          

        CLASS   SFR16          

        CLASS   SFR17          

        CLASS   SFR18          

        CLASS   SFR19          

        CLASS   SFR20          

        CLASS   SFR21          

        CLASS   SFR22          

        CLASS   SFR23          

        CLASS   SFR24          

        CLASS   SFR25          

        CLASS   SFR26          

        CLASS   SFR27          

        CLASS   SFR28          

        CLASS   SFR29          

        CLASS   SFR30          

        CLASS   SFR31          

        CLASS   CONFIG         
                config                             8007     8007        2         0

        CLASS   IDLOC          

        CLASS   EEDATA         
                eeprom_data                           0     F000       E0         3

        CLASS   BANK31         

        CLASS   BANK30         

        CLASS   BANK29         

        CLASS   BANK28         

        CLASS   BANK27         

        CLASS   BANK26         

        CLASS   BANK25         

        CLASS   BANK24         

        CLASS   BANK23         

        CLASS   BANK22         

        CLASS   BANK21         

        CLASS   BANK20         

        CLASS   BANK19         

        CLASS   BANK18         

        CLASS   BANK17         

        CLASS   BANK16         

        CLASS   BANK15         

        CLASS   BANK14         

        CLASS   BANK13         



SEGMENTS        Name                           Load    Length   Top    Selector   Space  Class     Delta

                reset_vec                      000000  000002  000002         0       0  CODE        2
                intentry                       000004  0007FB  0007FF         8       0  CODE        2
                cstackBANK0                    000020  000047  000067        20       1  BANK0       1
                cstackCOMMON                   000070  00000D  00007D        70       1  COMMON      1
                cstackBANK1                    0000A0  00001B  0000BB        A0       1  BANK1       1
                clrtext                        000F06  00000C  000F12      1E0C       0  CODE        2
                text2                          000F12  00001B  000F2D      1E24       0  CODE        2
                text9                          000F2D  00001E  000F4B      1E5A       0  CODE        2
                text6                          000F4B  00002F  000F7A      1E96       0  CODE        2
                text8                          000F7A  000034  000FAE      1EF4       0  CODE        2
                text7                          000FAE  000052  001000      1F5C       0  CODE        2
                stringtext1                    001000  000001  001001      2000       0  STRCODE     2
                config                         008007  000002  008009     1000E       0  CONFIG      2
                eeprom_data                    00F000  0000E0  00F0E0     1E000       3  EEDATA      2


UNUSED ADDRESS RANGES

        Name                Unused          Largest block    Delta
        BANK0            00067-0006F               9           1
        BANK1            000BB-000EF              35           1
        BANK2            00120-0016F              50           1
        BANK3            001A0-001EF              50           1
        BANK4            00220-0026F              50           1
        BANK5            002A0-002EF              50           1
        BANK6            00320-0036F              50           1
        BANK7            003A0-003EF              50           1
        BANK8            00420-0046F              50           1
        BANK9            004A0-004C4              25           1
        BIGRAM           02000-023EF             3F0           1
        CODE             00002-00003               2           2
                         007FF-00F05               1
                         01001-01FFF             7FF
        COMMON           0007D-0007D               1           1
        CONST            00002-00003               2           2
                         007FF-00F05             100
                         01001-01FFF             100
        EEDATA           0F0E0-0F0FF              20           2
        ENTRY            00002-00003               2           2
                         007FF-00F05             100
                         01001-01FFF             100
        IDLOC            08000-08003               4           2
        RAM              00067-0006F               9           1
                         000BB-000EF              35
                         00120-0016F              50
                         001A0-001EF              50
                         00220-0026F              50
                         002A0-002EF              50
                         00320-0036F              50
                         003A0-003EF              50
                         00420-0046F              50
                         004A0-004C4              25
        SFR0             00000-0001F              20           1
        SFR1             00080-0009F              20           1
        SFR10            00500-0051F              20           1
        SFR11            00580-0059F              20           1
        SFR12            00600-0061F              20           1
        SFR13            00680-006EF              70           1
        SFR14            00700-0076F              70           1
        SFR15            00780-007EF              70           1
        SFR16            00800-0086F              70           1
        SFR17            00880-008EF              70           1
        SFR18            00900-0096F              70           1
        SFR19            00980-009EF              70           1
        SFR2             00100-0011F              20           1
        SFR20            00A00-00A6F              70           1
        SFR21            00A80-00AEF              70           1
        SFR22            00B00-00B6F              70           1
        SFR23            00B80-00BEF              70           1
        SFR24            00C00-00C6F              70           1
        SFR25            00C80-00CEF              70           1
        SFR26            00D00-00D6F              70           1
        SFR27            00D80-00DEF              70           1
        SFR28            00E00-00E6F              70           1
        SFR29            00E80-00EEF              70           1
        SFR3             00180-0019F              20           1
        SFR30            00F00-00F6F              70           1
        SFR31            00F80-00FEF              70           1
        SFR4             00200-0021F              20           1
        SFR5             00280-0029F              20           1
        SFR6             00300-0031F              20           1
        SFR7             00380-0039F              20           1
        SFR8             00400-0041F              20           1
        SFR9             00480-0049F              20           1
        STACK            0206B-022F4             28A           1
        STRCODE          00002-00003               2           2
                         007FF-00F05             707
                         01001-01FFF             FFF
        STRING           00002-00003               2           2
                         007FF-00F05             100
                         01001-01FFF             100

                                  Symbol Table

?_ADC_read                cstackCOMMON 00070
?___lldiv                 cstackBANK0  00020
?___lmul                  cstackCOMMON 00070
?___lwdiv                 cstackCOMMON 00070
?_map                     cstackBANK0  0002D
ADC_read@channel          cstackCOMMON 00073
_ADCON0                   (abs)        0009D
_ADCON0bits               (abs)        0009D
_ADC_read                 text9        00F2D
_ADRESH                   (abs)        0009C
_ADRESL                   (abs)        0009B
_ANSELA                   (abs)        0018C
_ANSELB                   (abs)        0018D
_EEADR                    (abs)        00191
_EECON1                   (abs)        00195
_EECON1bits               (abs)        00195
_EECON2                   (abs)        00196
_EEDATA                   (abs)        00193
_I2C_buffer               (abs)        022F5
_INTCON                   (abs)        0000B
_INTCONbits               (abs)        0000B
_IOCBF                    (abs)        00396
_IOCBFbits                (abs)        00396
_IOCBN                    (abs)        00395
_LATAbits                 (abs)        0010C
_LATBbits                 (abs)        0010D
_OPTION_REGbits           (abs)        00095
_OSCCON                   (abs)        00099
_PIE1bits                 (abs)        00091
_PIE2bits                 (abs)        00092
_PIR1bits                 (abs)        00011
_PIR2bits                 (abs)        00012
_PORTA                    (abs)        0000C
_PORTB                    (abs)        0000D
_SSP1ADD                  (abs)        00212
_SSP1BUF                  (abs)        00211
_SSP1CON1                 (abs)        00215
_SSP1CON1bits             (abs)        00215
_SSP1CON2bits             (abs)        00216
_SSP1CON3bits             (abs)        00217
_SSP1STAT                 (abs)        00214
_SSP1STATbits             (abs)        00214
_STATUSbits               (abs)        00003
_T1CON                    (abs)        00018
_T1CONbits                (abs)        00018
_TRISA                    (abs)        0008C
_TRISB                    (abs)        0008D
_WPUA                     (abs)        0020C
_WPUB                     (abs)        0020D
__Babs1                   abs1         1E1C0
__Bbank0                  bank0        1E1C0
__Bbank1                  bank1        1E1C0
__Bbank10                 bank10       1E1C0
__Bbank11                 bank11       1E1C0
__Bbank12                 bank12       1E1C0
__Bbank13                 bank13       1E1C0
__Bbank14                 bank14       1E1C0
__Bbank15                 bank15       1E1C0
__Bbank16                 bank16       1E1C0
__Bbank17                 bank17       1E1C0
__Bbank18                 bank18       1E1C0
__Bbank19                 bank19       1E1C0
__Bbank2                  bank2        1E1C0
__Bbank20                 bank20       1E1C0
__Bbank21                 bank21       1E1C0
__Bbank22                 bank22       1E1C0
__Bbank23                 bank23       1E1C0
__Bbank24                 bank24       1E1C0
__Bbank25                 bank25       1E1C0
__Bbank26                 bank26       1E1C0
__Bbank27                 bank27       1E1C0
__Bbank28                 bank28       1E1C0
__Bbank29                 bank29       1E1C0
__Bbank3                  bank3        1E1C0
__Bbank30                 bank30       1E1C0
__Bbank31                 bank31       1E1C0
__Bbank4                  bank4        1E1C0
__Bbank5                  bank5        1E1C0
__Bbank6                  bank6        1E1C0
__Bbank7                  bank7        1E1C0
__Bbank8                  bank8        1E1C0
__Bbank9                  bank9        1E1C0
__Bbigram                 bigram       1E1C0
__BbssBANK0               bssBANK0     1E1C0
__Bclrtext                clrtext      1E1C0
__Bcode                   code         1E1C0
__Bcommon                 common       1E1C0
__BcstackBANK0            cstackBANK0  1E1C0
__BcstackBANK1            cstackBANK1  1E1C0
__BcstackCOMMON           cstackCOMMON 1E1C0
__BdataBANK0              dataBANK0    1E1C0
__Beeprom_data            eeprom_data  0F000
__BidataBANK0             idataBANK0   1E1C0
__Bmaintext               maintext     1E1C0
__Bram                    ram          1E1C0
__Bsfr0                   sfr0         1E1C0
__Bsfr1                   sfr1         1E1C0
__Bsfr10                  sfr10        1E1C0
__Bsfr11                  sfr11        1E1C0
__Bsfr12                  sfr12        1E1C0
__Bsfr13                  sfr13        1E1C0
__Bsfr14                  sfr14        1E1C0
__Bsfr15                  sfr15        1E1C0
__Bsfr16                  sfr16        1E1C0
__Bsfr17                  sfr17        1E1C0
__Bsfr18                  sfr18        1E1C0
__Bsfr19                  sfr19        1E1C0
__Bsfr2                   sfr2         1E1C0
__Bsfr20                  sfr20        1E1C0
__Bsfr21                  sfr21        1E1C0
__Bsfr22                  sfr22        1E1C0
__Bsfr23                  sfr23        1E1C0
__Bsfr24                  sfr24        1E1C0
__Bsfr25                  sfr25        1E1C0
__Bsfr26                  sfr26        1E1C0
__Bsfr27                  sfr27        1E1C0
__Bsfr28                  sfr28        1E1C0
__Bsfr29                  sfr29        1E1C0
__Bsfr3                   sfr3         1E1C0
__Bsfr30                  sfr30        1E1C0
__Bsfr31                  sfr31        1E1C0
__Bsfr4                   sfr4         1E1C0
__Bsfr5                   sfr5         1E1C0
__Bsfr6                   sfr6         1E1C0
__Bsfr7                   sfr7         1E1C0
__Bsfr8                   sfr8         1E1C0
__Bsfr9                   sfr9         1E1C0
__Bstrings                strings      1E1C0
__Bstringtext1            stringtext1  1E1C0
__Btext                   text         1E1C0
__CFG_BOREN$ON            (abs)        00000
__CFG_BORV$LO             (abs)        00000
__CFG_CLKOUTEN$OFF        (abs)        00000
__CFG_CP$OFF              (abs)        00000
__CFG_CPD$OFF             (abs)        00000
__CFG_FCMEN$OFF           (abs)        00000
__CFG_FOSC$INTOSC         (abs)        00000
__CFG_IESO$OFF            (abs)        00000
__CFG_LVP$OFF             (abs)        00000
__CFG_MCLRE$ON            (abs)        00000
__CFG_PLLEN$ON            (abs)        00000
__CFG_PWRTE$ON            (abs)        00000
__CFG_STVREN$ON           (abs)        00000
__CFG_WDTE$ON             (abs)        00000
__CFG_WRT$OFF             (abs)        00000
__Habs1                   abs1         001C0
__Hbank0                  bank0        001C0
__Hbank1                  bank1        001C0
__Hbank10                 bank10       001C0
__Hbank11                 bank11       001C0
__Hbank12                 bank12       001C0
__Hbank13                 bank13       001C0
__Hbank14                 bank14       001C0
__Hbank15                 bank15       001C0
__Hbank16                 bank16       001C0
__Hbank17                 bank17       001C0
__Hbank18                 bank18       001C0
__Hbank19                 bank19       001C0
__Hbank2                  bank2        001C0
__Hbank20                 bank20       001C0
__Hbank21                 bank21       001C0
__Hbank22                 bank22       001C0
__Hbank23                 bank23       001C0
__Hbank24                 bank24       001C0
__Hbank25                 bank25       001C0
__Hbank26                 bank26       001C0
__Hbank27                 bank27       001C0
__Hbank28                 bank28       001C0
__Hbank29                 bank29       001C0
__Hbank3                  bank3        001C0
__Hbank30                 bank30       001C0
__Hbank31                 bank31       001C0
__Hbank4                  bank4        001C0
__Hbank5                  bank5        001C0
__Hbank6                  bank6        001C0
__Hbank7                  bank7        001C0
__Hbank8                  bank8        001C0
__Hbank9                  bank9        001C0
__Hbigram                 bigram       001C0
__HbssBANK0               bssBANK0     001C0
__Hcinit                  cinit        00338
__Hclrtext                clrtext      001C0
__Hcode                   code         001C0
__Hcommon                 common       001C0
__Hconfig                 config       08009
__HcstackBANK0            cstackBANK0  001C0
__HcstackBANK1            cstackBANK1  001C0
__HcstackCOMMON           cstackCOMMON 001C0
__HdataBANK0              dataBANK0    001C0
__Heeprom_data            eeprom_data  000E0
__Hend_init               end_init     0031B
__Hfunctab                functab      00000
__HidataBANK0             idataBANK0   001C0
__Hidloc                  idloc        00000
__Hinit                   init         00319
__Hintentry               intentry     00319
__Hmaintext               maintext     001C0
__Hpowerup                powerup      00000
__Hram                    ram          001C0
__Hreset_vec              reset_vec    00002
__Hsfr0                   sfr0         001C0
__Hsfr1                   sfr1         001C0
__Hsfr10                  sfr10        001C0
__Hsfr11                  sfr11        001C0
__Hsfr12                  sfr12        001C0
__Hsfr13                  sfr13        001C0
__Hsfr14                  sfr14        001C0
__Hsfr15                  sfr15        001C0
__Hsfr16                  sfr16        001C0
__Hsfr17                  sfr17        001C0
__Hsfr18                  sfr18        001C0
__Hsfr19                  sfr19        001C0
__Hsfr2                   sfr2         001C0
__Hsfr20                  sfr20        001C0
__Hsfr21                  sfr21        001C0
__Hsfr22                  sfr22        001C0
__Hsfr23                  sfr23        001C0
__Hsfr24                  sfr24        001C0
__Hsfr25                  sfr25        001C0
__Hsfr26                  sfr26        001C0
__Hsfr27                  sfr27        001C0
__Hsfr28                  sfr28        001C0
__Hsfr29                  sfr29        001C0
__Hsfr3                   sfr3         001C0
__Hsfr30                  sfr30        001C0
__Hsfr31                  sfr31        001C0
__Hsfr4                   sfr4         001C0
__Hsfr5                   sfr5         001C0
__Hsfr6                   sfr6         001C0
__Hsfr7                   sfr7         001C0
__Hsfr8                   sfr8         001C0
__Hsfr9                   sfr9         001C0
__Hspace_0                (abs)        08009
__Hspace_1                (abs)        001C0
__Hspace_2                (abs)        00000
__Hspace_3                (abs)        000E0
__Hstack                  stack        00000
__Hstrings                strings      001C0
__Hstringtext1            stringtext1  001C0
__Htext                   text         001C0
__Labs1                   abs1         001C0
__Lbank0                  bank0        001C0
__Lbank1                  bank1        001C0
__Lbank10                 bank10       001C0
__Lbank11                 bank11       001C0
__Lbank12                 bank12       001C0
__Lbank13                 bank13       001C0
__Lbank14                 bank14       001C0
__Lbank15                 bank15       001C0
__Lbank16                 bank16       001C0
__Lbank17                 bank17       001C0
__Lbank18                 bank18       001C0
__Lbank19                 bank19       001C0
__Lbank2                  bank2        001C0
__Lbank20                 bank20       001C0
__Lbank21                 bank21       001C0
__Lbank22                 bank22       001C0
__Lbank23                 bank23       001C0
__Lbank24                 bank24       001C0
__Lbank25                 bank25       001C0
__Lbank26                 bank26       001C0
__Lbank27                 bank27       001C0
__Lbank28                 bank28       001C0
__Lbank29                 bank29       001C0
__Lbank3                  bank3        001C0
__Lbank30                 bank30       001C0
__Lbank31                 bank31       001C0
__Lbank4                  bank4        001C0
__Lbank5                  bank5        001C0
__Lbank6                  bank6        001C0
__Lbank7                  bank7        001C0
__Lbank8                  bank8        001C0
__Lbank9                  bank9        001C0
__Lbigram                 bigram       001C0
__LbssBANK0               bssBANK0     001C0
__Lcinit                  cinit        0031B
__Lclrtext                clrtext      001C0
__Lcode                   code         001C0
__Lcommon                 common       001C0
__Lconfig                 config       08007
__LcstackBANK0            cstackBANK0  001C0
__LcstackBANK1            cstackBANK1  001C0
__LcstackCOMMON           cstackCOMMON 001C0
__LdataBANK0              dataBANK0    001C0
__Leeprom_data            eeprom_data  00000
__Lend_init               end_init     00319
__Lfunctab                functab      00000
__LidataBANK0             idataBANK0   001C0
__Lidloc                  idloc        00000
__Linit                   init         00319
__Lintentry               intentry     00004
__Lmaintext               maintext     001C0
__Lpowerup                powerup      00000
__Lram                    ram          001C0
__Lreset_vec              reset_vec    00000
__Lsfr0                   sfr0         001C0
__Lsfr1                   sfr1         001C0
__Lsfr10                  sfr10        001C0
__Lsfr11                  sfr11        001C0
__Lsfr12                  sfr12        001C0
__Lsfr13                  sfr13        001C0
__Lsfr14                  sfr14        001C0
__Lsfr15                  sfr15        001C0
__Lsfr16                  sfr16        001C0
__Lsfr17                  sfr17        001C0
__Lsfr18                  sfr18        001C0
__Lsfr19                  sfr19        001C0
__Lsfr2                   sfr2         001C0
__Lsfr20                  sfr20        001C0
__Lsfr21                  sfr21        001C0
__Lsfr22                  sfr22        001C0
__Lsfr23                  sfr23        001C0
__Lsfr24                  sfr24        001C0
__Lsfr25                  sfr25        001C0
__Lsfr26                  sfr26        001C0
__Lsfr27                  sfr27        001C0
__Lsfr28                  sfr28        001C0
__Lsfr29                  sfr29        001C0
__Lsfr3                   sfr3         001C0
__Lsfr30                  sfr30        001C0
__Lsfr31                  sfr31        001C0
__Lsfr4                   sfr4         001C0
__Lsfr5                   sfr5         001C0
__Lsfr6                   sfr6         001C0
__Lsfr7                   sfr7         001C0
__Lsfr8                   sfr8         001C0
__Lsfr9                   sfr9         001C0
__Lspace_0                (abs)        00000
__Lspace_1                (abs)        00000
__Lspace_2                (abs)        00000
__Lspace_3                (abs)        00000
__Lstack                  stack        00000
__Lstrings                strings      001C0
__Lstringtext1            stringtext1  001C0
__Ltext                   text         001C0
__S0                      (abs)        08009
__S1                      (abs)        000BB
__S2                      (abs)        00000
__S3                      (abs)        0F0E0
___int_sp                 stack        00000
___latbits                (abs)        00002
___lldiv                  text7        00FAE
___lldiv@counter          cstackBANK0  0002C
___lldiv@dividend         cstackBANK0  00024
___lldiv@divisor          cstackBANK0  00020
___lldiv@quotient         cstackBANK0  00028
___lmul                   text6        00F4B
___lmul@multiplicand      cstackCOMMON 00074
___lmul@multiplier        cstackCOMMON 00070
___lmul@product           cstackCOMMON 00078
___lwdiv                  text8        00F7A
___lwdiv@counter          cstackCOMMON 00077
___lwdiv@dividend         cstackCOMMON 00072
___lwdiv@divisor          cstackCOMMON 00070
___lwdiv@quotient         cstackCOMMON 00075
___sp                     stack        00000
___stackhi                (abs)        022F4
___stacklo                (abs)        0206B
__end_of_ADC_read         text9        00F4B
__end_of_RX_ELMNTS        stringtext1  01001
__end_of___lldiv          text7        01000
__end_of___lmul           text6        00F7A
__end_of___lwdiv          text8        00FAE
__end_of__initialization  cinit        00334
__end_of_eeprom_read      text2        00F2D
__end_of_eeprom_write     text3        007FE
__end_of_init_I2C_buffer  text1        00778
__end_of_isr              intentry     00319
__end_of_main             maintext     0069B
__end_of_map              text5        007D6
__initialization          cinit        0031B
__pbssBANK0               bssBANK0     0005B
__pbssBIGRAM              (abs)        022F5
__pcstackBANK0            cstackBANK0  00020
__pcstackBANK1            cstackBANK1  000A0
__pcstackCOMMON           cstackCOMMON 00070
__pdataBANK0              dataBANK0    00066
__pidataBANK0             idataBANK0   007FE
__pintentry               intentry     00004
__pmaintext               maintext     00338
__pstringtext1            stringtext1  01000
__ptext1                  text1        0069B
__ptext2                  text2        00F12
__ptext3                  text3        007D6
__ptext5                  text5        00778
__ptext6                  text6        00F4B
__ptext7                  text7        00FAE
__ptext8                  text8        00F7A
__ptext9                  text9        00F2D
__size_of_ADC_read        (abs)        00000
__size_of___lldiv         (abs)        00000
__size_of___lmul          (abs)        00000
__size_of___lwdiv         (abs)        00000
__size_of_eeprom_read     (abs)        00000
__size_of_eeprom_write    (abs)        00000
__size_of_init_I2C_buffer (abs)        00000
__size_of_isr             (abs)        00000
__size_of_main            (abs)        00000
__size_of_map             (abs)        00000
_average                  bssBANK0     00064
_eeprom_read              text2        00F12
_eeprom_write             text3        007D6
_first_i2c                dataBANK0    00066
_index_i2c                bssBANK0     00065
_init_I2C_buffer          text1        0069B
_isr                      intentry     00004
_main                     maintext     00338
_map                      text5        00778
_stock1                   bssBANK0     00061
_stock2                   bssBANK0     0005F
_stock3                   bssBANK0     0005D
_stock4                   bssBANK0     0005B
btemp                     (abs)        0007E
clear_ram0                clrtext      00F06
eeprom_read@addr          cstackBANK1  000A3
eeprom_write@addr         cstackBANK1  000A3
eeprom_write@value        cstackBANK1  000A0
end_of_initialization     cinit        00334
init_I2C_buffer@i         cstackBANK1  000A7
init_I2C_buffer@i_640     cstackBANK1  000A8
init_I2C_buffer@i_641     cstackBANK1  000A9
init_I2C_buffer@i_642     cstackBANK1  000AA
int$flags                 (abs)        0007E
intlevel0                 functab      00000
intlevel1                 functab      00000
intlevel2                 functab      00000
intlevel3                 functab      00000
intlevel4                 functab      00000
intlevel5                 functab      00000
isr@junk                  bssBANK0     00063
main@i                    cstackBANK1  000B7
main@i_816                cstackBANK1  000B8
main@i_817                cstackBANK1  000B9
main@i_818                cstackBANK1  000BA
map@in_max                cstackBANK0  00035
map@in_min                cstackBANK0  00031
map@out_max               cstackBANK0  0003D
map@out_min               cstackBANK0  00039
map@x                     cstackBANK0  0002D
reset_vec                 reset_vec    00000
start                     init         00319
start_initialization      cinit        0031B
wtemp0                    (abs)        0007E


FUNCTION INFORMATION:

 *************** function _main *****************
 Defined at:
		line 354 in file "main.c"
 Parameters:    Size  Location     Type
  argc            2   11[BANK1 ] int 
  argv            2   13[BANK1 ] PTR PTR unsigned char 
 Auto vars:     Size  Location     Type
  i               1   26[BANK1 ] unsigned char 
  i               1   25[BANK1 ] unsigned char 
  i               1   24[BANK1 ] unsigned char 
  i               1   23[BANK1 ] unsigned char 
 Return value:  Size  Location     Type
                  2   11[BANK1 ] int 
 Registers used:
		wreg, fsr0l, fsr0h, fsr1l, fsr1h, status,2, status,0, pclath, cstack
 Tracked objects:
		On entry : 
		On exit  : 
		Unchanged: 
 Data sizes:     COMMON   BANK0   BANK1   BANK2   BANK3   BANK4   BANK5   BANK6   BANK7   BANK8   BANK9  BANK10  BANK11  BANK12
      Params:         0       0       4       0       0       0       0       0       0       0       0       0       0       0
      Locals:         0       0       4       0       0       0       0       0       0       0       0       0       0       0
      Temps:          0       0       8       0       0       0       0       0       0       0       0       0       0       0
      Totals:         0       0      16       0       0       0       0       0       0       0       0       0       0       0
Total ram usage:       16 bytes
 Hardware stack levels required when called:    5
 This function calls:
		_eeprom_write
		_init_I2C_buffer
 This function is called by:
		Startup code after reset
 This function uses a non-reentrant model


 *************** function _init_I2C_buffer *****************
 Defined at:
		line 172 in file "main.c"
 Parameters:    Size  Location     Type
		None
 Auto vars:     Size  Location     Type
  i               1   10[BANK1 ] unsigned char 
  i               1    9[BANK1 ] unsigned char 
  i               1    8[BANK1 ] unsigned char 
  i               1    7[BANK1 ] unsigned char 
 Return value:  Size  Location     Type
                  1    wreg      void 
 Registers used:
		wreg, fsr1l, fsr1h, status,2, status,0, pclath, cstack
 Tracked objects:
		On entry : 
		On exit  : 
		Unchanged: 
 Data sizes:     COMMON   BANK0   BANK1   BANK2   BANK3   BANK4   BANK5   BANK6   BANK7   BANK8   BANK9  BANK10  BANK11  BANK12
      Params:         0       0       0       0       0       0       0       0       0       0       0       0       0       0
      Locals:         0       0       4       0       0       0       0       0       0       0       0       0       0       0
      Temps:          0       0       3       0       0       0       0       0       0       0       0       0       0       0
      Totals:         0       0       7       0       0       0       0       0       0       0       0       0       0       0
Total ram usage:        7 bytes
 Hardware stack levels used:    1
 Hardware stack levels required when called:    4
 This function calls:
		_eeprom_read
 This function is called by:
		_main
 This function uses a non-reentrant model


 *************** function _eeprom_read *****************
 Defined at:
		line 6 in file "C:\Program Files (x86)\Microchip\xc8\v2.10\pic\sources\c90\pic\__eeread.c"
 Parameters:    Size  Location     Type
  addr            1    wreg     unsigned char 
 Auto vars:     Size  Location     Type
  addr            1    3[BANK1 ] unsigned char 
 Return value:  Size  Location     Type
                  1    wreg      unsigned char 
 Registers used:
		wreg, status,2, status,0
 Tracked objects:
		On entry : 
		On exit  : 
		Unchanged: 
 Data sizes:     COMMON   BANK0   BANK1   BANK2   BANK3   BANK4   BANK5   BANK6   BANK7   BANK8   BANK9  BANK10  BANK11  BANK12
      Params:         0       0       0       0       0       0       0       0       0       0       0       0       0       0
      Locals:         0       0       1       0       0       0       0       0       0       0       0       0       0       0
      Temps:          0       0       3       0       0       0       0       0       0       0       0       0       0       0
      Totals:         0       0       4       0       0       0       0       0       0       0       0       0       0       0
Total ram usage:        4 bytes
 Hardware stack levels used:    1
 Hardware stack levels required when called:    3
 This function calls:
		Nothing
 This function is called by:
		_init_I2C_buffer
 This function uses a non-reentrant model


 *************** function _eeprom_write *****************
 Defined at:
		line 6 in file "C:\Program Files (x86)\Microchip\xc8\v2.10\pic\sources\c90\pic\__eewrite.c"
 Parameters:    Size  Location     Type
  addr            1    wreg     unsigned char 
  value           1    0[BANK1 ] unsigned char 
 Auto vars:     Size  Location     Type
  addr            1    3[BANK1 ] unsigned char 
 Return value:  Size  Location     Type
                  1    wreg      void 
 Registers used:
		wreg, status,2, status,0
 Tracked objects:
		On entry : 
		On exit  : 
		Unchanged: 
 Data sizes:     COMMON   BANK0   BANK1   BANK2   BANK3   BANK4   BANK5   BANK6   BANK7   BANK8   BANK9  BANK10  BANK11  BANK12
      Params:         0       0       1       0       0       0       0       0       0       0       0       0       0       0
      Locals:         0       0       1       0       0       0       0       0       0       0       0       0       0       0
      Temps:          0       0       2       0       0       0       0       0       0       0       0       0       0       0
      Totals:         0       0       4       0       0       0       0       0       0       0       0       0       0       0
Total ram usage:        4 bytes
 Hardware stack levels used:    1
 Hardware stack levels required when called:    3
 This function calls:
		Nothing
 This function is called by:
		_main
 This function uses a non-reentrant model


 *************** function _isr *****************
 Defined at:
		line 211 in file "main.c"
 Parameters:    Size  Location     Type
		None
 Auto vars:     Size  Location     Type
		None
 Return value:  Size  Location     Type
                  1    wreg      void 
 Registers used:
		wreg, fsr1l, fsr1h, status,2, status,0, pclath, cstack
 Tracked objects:
		On entry : 
		On exit  : 
		Unchanged: 
 Data sizes:     COMMON   BANK0   BANK1   BANK2   BANK3   BANK4   BANK5   BANK6   BANK7   BANK8   BANK9  BANK10  BANK11  BANK12
      Params:         0       0       0       0       0       0       0       0       0       0       0       0       0       0
      Locals:         0       0       0       0       0       0       0       0       0       0       0       0       0       0
      Temps:          0      10       0       0       0       0       0       0       0       0       0       0       0       0
      Totals:         0      10       0       0       0       0       0       0       0       0       0       0       0       0
Total ram usage:       10 bytes
 Hardware stack levels used:    1
 Hardware stack levels required when called:    2
 This function calls:
		_ADC_read
		___lwdiv
		_map
 This function is called by:
		Interrupt level 1
 This function uses a non-reentrant model


 *************** function _map *****************
 Defined at:
		line 158 in file "main.c"
 Parameters:    Size  Location     Type
  x               4   13[BANK0 ] unsigned long 
  in_min          4   17[BANK0 ] unsigned long 
  in_max          4   21[BANK0 ] unsigned long 
  out_min         4   25[BANK0 ] unsigned long 
  out_max         4   29[BANK0 ] unsigned long 
 Auto vars:     Size  Location     Type
		None
 Return value:  Size  Location     Type
                  4   13[BANK0 ] unsigned long 
 Registers used:
		wreg, status,2, status,0, pclath, cstack
 Tracked objects:
		On entry : 
		On exit  : 
		Unchanged: 
 Data sizes:     COMMON   BANK0   BANK1   BANK2   BANK3   BANK4   BANK5   BANK6   BANK7   BANK8   BANK9  BANK10  BANK11  BANK12
      Params:         0      20       0       0       0       0       0       0       0       0       0       0       0       0
      Locals:         0       0       0       0       0       0       0       0       0       0       0       0       0       0
      Temps:          0      16       0       0       0       0       0       0       0       0       0       0       0       0
      Totals:         0      36       0       0       0       0       0       0       0       0       0       0       0       0
Total ram usage:       36 bytes
 Hardware stack levels used:    1
 Hardware stack levels required when called:    1
 This function calls:
		___lldiv
		___lmul
 This function is called by:
		_isr
 This function uses a non-reentrant model


 *************** function ___lmul *****************
 Defined at:
		line 15 in file "C:\Program Files (x86)\Microchip\xc8\v2.10\pic\sources\c90\common\Umul32.c"
 Parameters:    Size  Location     Type
  multiplier      4    0[COMMON] unsigned long 
  multiplicand    4    4[COMMON] unsigned long 
 Auto vars:     Size  Location     Type
  product         4    8[COMMON] unsigned long 
 Return value:  Size  Location     Type
                  4    0[COMMON] unsigned long 
 Registers used:
		wreg, status,2, status,0
 Tracked objects:
		On entry : 
		On exit  : 
		Unchanged: 
 Data sizes:     COMMON   BANK0   BANK1   BANK2   BANK3   BANK4   BANK5   BANK6   BANK7   BANK8   BANK9  BANK10  BANK11  BANK12
      Params:         8       0       0       0       0       0       0       0       0       0       0       0       0       0
      Locals:         4       0       0       0       0       0       0       0       0       0       0       0       0       0
      Temps:          0       0       0       0       0       0       0       0       0       0       0       0       0       0
      Totals:        12       0       0       0       0       0       0       0       0       0       0       0       0       0
Total ram usage:       12 bytes
 Hardware stack levels used:    1
 This function calls:
		Nothing
 This function is called by:
		_map
 This function uses a non-reentrant model


 *************** function ___lldiv *****************
 Defined at:
		line 5 in file "C:\Program Files (x86)\Microchip\xc8\v2.10\pic\sources\c90\common\__lldiv.c"
 Parameters:    Size  Location     Type
  divisor         4    0[BANK0 ] unsigned long 
  dividend        4    4[BANK0 ] unsigned long 
 Auto vars:     Size  Location     Type
  quotient        4    8[BANK0 ] unsigned long 
  counter         1   12[BANK0 ] unsigned char 
 Return value:  Size  Location     Type
                  4    0[BANK0 ] unsigned long 
 Registers used:
		wreg, status,2, status,0
 Tracked objects:
		On entry : 
		On exit  : 
		Unchanged: 
 Data sizes:     COMMON   BANK0   BANK1   BANK2   BANK3   BANK4   BANK5   BANK6   BANK7   BANK8   BANK9  BANK10  BANK11  BANK12
      Params:         0       8       0       0       0       0       0       0       0       0       0       0       0       0
      Locals:         0       5       0       0       0       0       0       0       0       0       0       0       0       0
      Temps:          1       0       0       0       0       0       0       0       0       0       0       0       0       0
      Totals:         1      13       0       0       0       0       0       0       0       0       0       0       0       0
Total ram usage:       14 bytes
 Hardware stack levels used:    1
 This function calls:
		Nothing
 This function is called by:
		_map
 This function uses a non-reentrant model


 *************** function ___lwdiv *****************
 Defined at:
		line 5 in file "C:\Program Files (x86)\Microchip\xc8\v2.10\pic\sources\c90\common\lwdiv.c"
 Parameters:    Size  Location     Type
  divisor         2    0[COMMON] unsigned int 
  dividend        2    2[COMMON] unsigned int 
 Auto vars:     Size  Location     Type
  quotient        2    5[COMMON] unsigned int 
  counter         1    7[COMMON] unsigned char 
 Return value:  Size  Location     Type
                  2    0[COMMON] unsigned int 
 Registers used:
		wreg, status,2, status,0
 Tracked objects:
		On entry : 
		On exit  : 
		Unchanged: 
 Data sizes:     COMMON   BANK0   BANK1   BANK2   BANK3   BANK4   BANK5   BANK6   BANK7   BANK8   BANK9  BANK10  BANK11  BANK12
      Params:         4       0       0       0       0       0       0       0       0       0       0       0       0       0
      Locals:         3       0       0       0       0       0       0       0       0       0       0       0       0       0
      Temps:          1       0       0       0       0       0       0       0       0       0       0       0       0       0
      Totals:         8       0       0       0       0       0       0       0       0       0       0       0       0       0
Total ram usage:        8 bytes
 Hardware stack levels used:    1
 This function calls:
		Nothing
 This function is called by:
		_isr
 This function uses a non-reentrant model


 *************** function _ADC_read *****************
 Defined at:
		line 162 in file "main.c"
 Parameters:    Size  Location     Type
  channel         1    wreg     unsigned char 
 Auto vars:     Size  Location     Type
  channel         1    3[COMMON] unsigned char 
 Return value:  Size  Location     Type
                  2    0[COMMON] unsigned int 
 Registers used:
		wreg, status,2, status,0
 Tracked objects:
		On entry : 
		On exit  : 
		Unchanged: 
 Data sizes:     COMMON   BANK0   BANK1   BANK2   BANK3   BANK4   BANK5   BANK6   BANK7   BANK8   BANK9  BANK10  BANK11  BANK12
      Params:         2       0       0       0       0       0       0       0       0       0       0       0       0       0
      Locals:         1       0       0       0       0       0       0       0       0       0       0       0       0       0
      Temps:          1       0       0       0       0       0       0       0       0       0       0       0       0       0
      Totals:         4       0       0       0       0       0       0       0       0       0       0       0       0       0
Total ram usage:        4 bytes
 Hardware stack levels used:    1
 This function calls:
		Nothing
 This function is called by:
		_isr
 This function uses a non-reentrant model



MODULE INFORMATION

Module		Function		Class		Link	Load	Size
C:\Program Files (x86)\Microchip\xc8\v2.10\pic\sources\c90\common\lwdiv.c
		___lwdiv       		CODE           	0F7A	0000	53

C:\Program Files (x86)\Microchip\xc8\v2.10\pic\sources\c90\common\lwdiv.c estimated size: 53

C:\Program Files (x86)\Microchip\xc8\v2.10\pic\sources\c90\pic\__eeread.c
		_eeprom_read   		CODE           	0F12	0000	28

C:\Program Files (x86)\Microchip\xc8\v2.10\pic\sources\c90\pic\__eeread.c estimated size: 28

C:\Program Files (x86)\Microchip\xc8\v2.10\pic\sources\c90\common\__lldiv.c
		___lldiv       		CODE           	0FAE	0000	83

C:\Program Files (x86)\Microchip\xc8\v2.10\pic\sources\c90\common\__lldiv.c estimated size: 83

C:\Program Files (x86)\Microchip\xc8\v2.10\pic\sources\c90\pic\__eewrite.c
		_eeprom_write  		CODE           	07D6	0000	41

C:\Program Files (x86)\Microchip\xc8\v2.10\pic\sources\c90\pic\__eewrite.c estimated size: 41

C:\Program Files (x86)\Microchip\xc8\v2.10\pic\sources\c90\common\Umul32.c
		___lmul        		CODE           	0F4B	0000	48

C:\Program Files (x86)\Microchip\xc8\v2.10\pic\sources\c90\common\Umul32.c estimated size: 48

shared
		_RX_ELMNTS     		STRCODE        	0000	0000	0
		__initialization		CODE           	031B	0000	26

shared estimated size: 26

main.c
		_map           		CODE           	0778	0000	95
		_main          		CODE           	0338	0000	868
		_ADC_read      		CODE           	0F2D	0000	31
		_init_I2C_buffer		CODE           	069B	0000	222
		_isr           		CODE           	0004	0000	790

main.c estimated size: 2006

