Microchip MPLAB XC8 Compiler V2.10 ()

Linker command line:

-W-3 --edf=C:\Program Files (x86)\Microchip\xc8\v2.10\pic\dat\en_msgs.txt \
  -cs -h+dist/default/production\firmware.production.sym \
  --cmf=dist/default/production\firmware.production.cmf -z -Q16F1847 \
  -oC:\Users\ciro_\AppData\Local\Temp\sj2c.2 --defsym=__MPLAB_BUILD=1 \
  -Mdist/default/production/firmware.production.map -E1 -ver=XC8 \
  --acfsm=1493 -ASTACK=0202Fh-023EFh -pstack=STACK -ACODE=00h-07FFhx4 \
  -ASTRCODE=00h-01FFFh -ASTRING=00h-0FFhx32 -ACONST=00h-0FFhx32 \
  -AENTRY=00h-0FFhx32 -ACOMMON=070h-07Fh -ABANK0=020h-06Fh \
  -ABANK1=0A0h-0EFh -ABANK2=0120h-016Fh -ABANK3=01A0h-01EFh \
  -ABANK4=0220h-026Fh -ABANK5=02A0h-02EFh -ABANK6=0320h-036Fh \
  -ABANK7=03A0h-03EFh -ABANK8=0420h-046Fh -ABANK9=04A0h-04EFh \
  -ABANK10=0520h-056Fh -ABANK11=05A0h-05EFh -ABANK12=0620h-064Fh \
  -ABIGRAM=02000h-023EFh \
  -ARAM=020h-06Fh,0A0h-0EFh,0120h-016Fh,01A0h-01EFh,0220h-026Fh,02A0h-02EFh,0320h-036Fh,03A0h-03EFh,0420h-046Fh,04A0h-04EFh,0520h-056Fh,05A0h-05EFh,0620h-064Fh \
  -AABS1=020h-07Fh,0A0h-0EFh,0120h-016Fh,01A0h-01EFh,0220h-026Fh,02A0h-02EFh,0320h-036Fh,03A0h-03EFh,0420h-046Fh,04A0h-04EFh,0520h-056Fh,05A0h-05EFh,0620h-064Fh \
  -ASFR0=00h-01Fh -ASFR1=080h-09Fh -ASFR2=0100h-011Fh -ASFR3=0180h-019Fh \
  -ASFR4=0200h-021Fh -ASFR5=0280h-029Fh -ASFR6=0300h-031Fh \
  -ASFR7=0380h-039Fh -ASFR8=0400h-041Fh -ASFR9=0480h-049Fh \
  -ASFR10=0500h-051Fh -ASFR11=0580h-059Fh -ASFR12=0600h-061Fh \
  -ASFR13=0680h-06EFh -ASFR14=0700h-076Fh -ASFR15=0780h-07EFh \
  -ASFR16=0800h-086Fh -ASFR17=0880h-08EFh -ASFR18=0900h-096Fh \
  -ASFR19=0980h-09EFh -ASFR20=0A00h-0A6Fh -ASFR21=0A80h-0AEFh \
  -ASFR22=0B00h-0B6Fh -ASFR23=0B80h-0BEFh -ASFR24=0C00h-0C6Fh \
  -ASFR25=0C80h-0CEFh -ASFR26=0D00h-0D6Fh -ASFR27=0D80h-0DEFh \
  -ASFR28=0E00h-0E6Fh -ASFR29=0E80h-0EEFh -ASFR30=0F00h-0F6Fh \
  -ASFR31=0F80h-0FEFh -preset_vec=00h,intentry=04h,init,end_init \
  -ppowerup=CODE -pcinit=CODE -pfunctab=ENTRY -ACONFIG=08007h-08008h \
  -pconfig=CONFIG -DCONFIG=2 -AIDLOC=08000h-08003h -pidloc=IDLOC -DIDLOC=2 \
  -AEEDATA=00h-0FFh/0F000h -peeprom_data=EEDATA -DEEDATA=2 -DCODE=2 \
  -DSTRCODE=2 -DSTRING=2 -DCONST=2 -DENTRY=2 -k \
  C:\Users\ciro_\AppData\Local\Temp\sj2c.o \
  dist/default/production\firmware.production.o 

Object code version is 3.11

Machine type is 16F1847



                Name                               Link     Load   Length Selector   Space Scale
C:\Users\ciro_\AppData\Local\Temp\sj2c.o
                end_init                            106      106        2        8       0
                reset_vec                             0        0        2        0       0
                config                             8007     8007        2    1000E       0
dist/default/production\firmware.production.o
                cinit                               108      108       1B        8       0
                intentry                              4        4      102        8       0
                eeprom_data                           0     F000        8    1E000       3
                text7                               3DD      3DD       1B        8       0
                text5                               3F8      3F8        C        8       0
                text4                               39D      39D       25        8       0
                text3                               375      375       28        8       0
                text2                               3C2      3C2       1B        8       0
                text1                               314      314       61        8       0
                maintext                            123      123      1F1        8       0
                cstackBANK0                          45       45        9       20       1
                cstackCOMMON                         70       70        7       70       1
                clrtext                             404      404        6        8       0
                dataBANK0                            4E       4E        1       20       1
                bssBANK0                             20       20       25       20       1
                dataCOMMON                           7B       7B        2       70       1
                bssCOMMON                            77       77        4       70       1
                stringtext1                         40D      40D        1      81A       0
                idataBANK0                          40C      40C        1        8       0
                idataCOMMON                         40A      40A        2        8       0

TOTAL           Name                               Link     Load   Length     Space
        CLASS   STACK          

        CLASS   CODE           
                end_init                            106      106        2         0
                cinit                               108      108       1B         0
                intentry                              4        4      102         0
                reset_vec                             0        0        2         0
                text7                               3DD      3DD       1B         0
                text5                               3F8      3F8        C         0
                text4                               39D      39D       25         0
                text3                               375      375       28         0
                text2                               3C2      3C2       1B         0
                text1                               314      314       61         0
                maintext                            123      123      1F1         0
                clrtext                             404      404        6         0
                idataBANK0                          40C      40C        1         0
                idataCOMMON                         40A      40A        2         0

        CLASS   STRCODE        
                stringtext1                         40D      40D        1         0

        CLASS   STRING         

        CLASS   CONST          

        CLASS   ENTRY          

        CLASS   COMMON         
                cstackCOMMON                         70       70        7         1
                dataCOMMON                           7B       7B        2         1
                bssCOMMON                            77       77        4         1

        CLASS   BANK0          
                cstackBANK0                          45       45        9         1
                dataBANK0                            4E       4E        1         1
                bssBANK0                             20       20       25         1

        CLASS   BANK1          

        CLASS   BANK2          

        CLASS   BANK3          

        CLASS   BANK4          

        CLASS   BANK5          

        CLASS   BANK6          

        CLASS   BANK7          

        CLASS   BANK8          

        CLASS   BANK9          

        CLASS   BANK10         

        CLASS   BANK11         

        CLASS   BANK12         

        CLASS   BIGRAM         

        CLASS   RAM            

        CLASS   ABS1           
                abs_s1                               7E       7E        2         1

        CLASS   SFR0           

        CLASS   SFR1           

        CLASS   SFR2           

        CLASS   SFR3           

        CLASS   SFR4           

        CLASS   SFR5           

        CLASS   SFR6           

        CLASS   SFR7           

        CLASS   SFR8           

        CLASS   SFR9           

        CLASS   SFR10          

        CLASS   SFR11          

        CLASS   SFR12          

        CLASS   SFR13          

        CLASS   SFR14          

        CLASS   SFR15          

        CLASS   SFR16          

        CLASS   SFR17          

        CLASS   SFR18          

        CLASS   SFR19          

        CLASS   SFR20          

        CLASS   SFR21          

        CLASS   SFR22          

        CLASS   SFR23          

        CLASS   SFR24          

        CLASS   SFR25          

        CLASS   SFR26          

        CLASS   SFR27          

        CLASS   SFR28          

        CLASS   SFR29          

        CLASS   SFR30          

        CLASS   SFR31          

        CLASS   CONFIG         
                config                             8007     8007        2         0

        CLASS   IDLOC          

        CLASS   EEDATA         
                eeprom_data                           0     F000        8         3

        CLASS   BANK31         

        CLASS   BANK30         

        CLASS   BANK29         

        CLASS   BANK28         

        CLASS   BANK27         

        CLASS   BANK26         

        CLASS   BANK25         

        CLASS   BANK24         

        CLASS   BANK23         

        CLASS   BANK22         

        CLASS   BANK21         

        CLASS   BANK20         

        CLASS   BANK19         

        CLASS   BANK18         

        CLASS   BANK17         

        CLASS   BANK16         

        CLASS   BANK15         

        CLASS   BANK14         

        CLASS   BANK13         



SEGMENTS        Name                           Load    Length   Top    Selector   Space  Class     Delta

                reset_vec                      000000  000002  000002         0       0  CODE        2
                intentry                       000004  000409  00040D         8       0  CODE        2
                bssBANK0                       000020  00002F  00004F        20       1  BANK0       1
                cstackCOMMON                   000070  00000D  00007D        70       1  COMMON      1
                stringtext1                    00040D  000001  00040E       81A       0  STRCODE     2
                config                         008007  000002  008009     1000E       0  CONFIG      2
                eeprom_data                    00F000  000008  00F008     1E000       3  EEDATA      2


UNUSED ADDRESS RANGES

        Name                Unused          Largest block    Delta
        BANK0            0004F-0006F              21           1
        BANK1            000A0-000EF              50           1
        BANK10           00520-0056F              50           1
        BANK11           005A0-005EF              50           1
        BANK12           00620-0064F              30           1
        BANK2            00120-0016F              50           1
        BANK3            001A0-001EF              50           1
        BANK4            00220-0026F              50           1
        BANK5            002A0-002EF              50           1
        BANK6            00320-0036F              50           1
        BANK7            003A0-003EF              50           1
        BANK8            00420-0046F              50           1
        BANK9            004A0-004EF              50           1
        BIGRAM           02000-023EF             3F0           1
        CODE             00002-00003               2           2
                         0040E-01FFF             800
        COMMON           0007D-0007D               1           1
        CONST            00002-00003               2           2
                         0040E-01FFF             100
        EEDATA           0F008-0F0FF              F8           2
        ENTRY            00002-00003               2           2
                         0040E-01FFF             100
        IDLOC            08000-08003               4           2
        RAM              0004F-0006F              21           1
                         000A0-000EF              50
                         00120-0016F              50
                         001A0-001EF              50
                         00220-0026F              50
                         002A0-002EF              50
                         00320-0036F              50
                         003A0-003EF              50
                         00420-0046F              50
                         004A0-004EF              50
                         00520-0056F              50
                         005A0-005EF              50
                         00620-0064F              30
        SFR0             00000-0001F              20           1
        SFR1             00080-0009F              20           1
        SFR10            00500-0051F              20           1
        SFR11            00580-0059F              20           1
        SFR12            00600-0061F              20           1
        SFR13            00680-006EF              70           1
        SFR14            00700-0076F              70           1
        SFR15            00780-007EF              70           1
        SFR16            00800-0086F              70           1
        SFR17            00880-008EF              70           1
        SFR18            00900-0096F              70           1
        SFR19            00980-009EF              70           1
        SFR2             00100-0011F              20           1
        SFR20            00A00-00A6F              70           1
        SFR21            00A80-00AEF              70           1
        SFR22            00B00-00B6F              70           1
        SFR23            00B80-00BEF              70           1
        SFR24            00C00-00C6F              70           1
        SFR25            00C80-00CEF              70           1
        SFR26            00D00-00D6F              70           1
        SFR27            00D80-00DEF              70           1
        SFR28            00E00-00E6F              70           1
        SFR29            00E80-00EEF              70           1
        SFR3             00180-0019F              20           1
        SFR30            00F00-00F6F              70           1
        SFR31            00F80-00FEF              70           1
        SFR4             00200-0021F              20           1
        SFR5             00280-0029F              20           1
        SFR6             00300-0031F              20           1
        SFR7             00380-0039F              20           1
        SFR8             00400-0041F              20           1
        SFR9             00480-0049F              20           1
        STACK            0202F-023EF             3C1           1
        STRCODE          00002-00003               2           2
                         0040E-01FFF            1BF2
        STRING           00002-00003               2           2
                         0040E-01FFF             100

                                  Symbol Table

?___wmul                  cstackCOMMON 00070
PWM_set_duty@duty         cstackBANK0  00045
_ANSELA                   (abs)        0018C
_ANSELB                   (abs)        0018D
_APFCON0bits              (abs)        0011D
_CCP2CON                  (abs)        0029A
_CCPR2L                   (abs)        00298
_EEADR                    (abs)        00191
_EECON1                   (abs)        00195
_EECON1bits               (abs)        00195
_EECON2                   (abs)        00196
_EEDATA                   (abs)        00193
_I2C_buffer               bssBANK0     00020
_INTCON                   (abs)        0000B
_INTCONbits               (abs)        0000B
_IOCBF                    (abs)        00396
_IOCBFbits                (abs)        00396
_IOCBP                    (abs)        00394
_LATAbits                 (abs)        0010C
_OPTION_REGbits           (abs)        00095
_OSCCON                   (abs)        00099
_PIE1bits                 (abs)        00091
_PIE2bits                 (abs)        00092
_PIR1bits                 (abs)        00011
_PIR2bits                 (abs)        00012
_PORTA                    (abs)        0000C
_PORTB                    (abs)        0000D
_PORTBbits                (abs)        0000D
_PR2                      (abs)        0001B
_PWM_Init                 text5        003F8
_PWM_set_duty             text4        0039D
_SSP1ADD                  (abs)        00212
_SSP1BUF                  (abs)        00211
_SSP1CON1                 (abs)        00215
_SSP1CON1bits             (abs)        00215
_SSP1CON2bits             (abs)        00216
_SSP1CON3bits             (abs)        00217
_SSP1STAT                 (abs)        00214
_SSP1STATbits             (abs)        00214
_STATUSbits               (abs)        00003
_T1CON                    (abs)        00018
_T1CONbits                (abs)        00018
_T2CON                    (abs)        0001C
_TRISA                    (abs)        0008C
_TRISB                    (abs)        0008D
_WPUA                     (abs)        0020C
_WPUB                     (abs)        0020D
__Babs1                   abs1         1E010
__Bbank0                  bank0        1E010
__Bbank1                  bank1        1E010
__Bbank10                 bank10       1E010
__Bbank11                 bank11       1E010
__Bbank12                 bank12       1E010
__Bbank13                 bank13       1E010
__Bbank14                 bank14       1E010
__Bbank15                 bank15       1E010
__Bbank16                 bank16       1E010
__Bbank17                 bank17       1E010
__Bbank18                 bank18       1E010
__Bbank19                 bank19       1E010
__Bbank2                  bank2        1E010
__Bbank20                 bank20       1E010
__Bbank21                 bank21       1E010
__Bbank22                 bank22       1E010
__Bbank23                 bank23       1E010
__Bbank24                 bank24       1E010
__Bbank25                 bank25       1E010
__Bbank26                 bank26       1E010
__Bbank27                 bank27       1E010
__Bbank28                 bank28       1E010
__Bbank29                 bank29       1E010
__Bbank3                  bank3        1E010
__Bbank30                 bank30       1E010
__Bbank31                 bank31       1E010
__Bbank4                  bank4        1E010
__Bbank5                  bank5        1E010
__Bbank6                  bank6        1E010
__Bbank7                  bank7        1E010
__Bbank8                  bank8        1E010
__Bbank9                  bank9        1E010
__Bbigram                 bigram       1E010
__BbssBANK0               bssBANK0     1E010
__BbssCOMMON              bssCOMMON    1E010
__Bclrtext                clrtext      1E010
__Bcode                   code         1E010
__Bcommon                 common       1E010
__BcstackBANK0            cstackBANK0  1E010
__BcstackCOMMON           cstackCOMMON 1E010
__BdataBANK0              dataBANK0    1E010
__BdataCOMMON             dataCOMMON   1E010
__Beeprom_data            eeprom_data  0F000
__BidataBANK0             idataBANK0   1E010
__BidataCOMMON            idataCOMMON  1E010
__Bmaintext               maintext     1E010
__Bram                    ram          1E010
__Bsfr0                   sfr0         1E010
__Bsfr1                   sfr1         1E010
__Bsfr10                  sfr10        1E010
__Bsfr11                  sfr11        1E010
__Bsfr12                  sfr12        1E010
__Bsfr13                  sfr13        1E010
__Bsfr14                  sfr14        1E010
__Bsfr15                  sfr15        1E010
__Bsfr16                  sfr16        1E010
__Bsfr17                  sfr17        1E010
__Bsfr18                  sfr18        1E010
__Bsfr19                  sfr19        1E010
__Bsfr2                   sfr2         1E010
__Bsfr20                  sfr20        1E010
__Bsfr21                  sfr21        1E010
__Bsfr22                  sfr22        1E010
__Bsfr23                  sfr23        1E010
__Bsfr24                  sfr24        1E010
__Bsfr25                  sfr25        1E010
__Bsfr26                  sfr26        1E010
__Bsfr27                  sfr27        1E010
__Bsfr28                  sfr28        1E010
__Bsfr29                  sfr29        1E010
__Bsfr3                   sfr3         1E010
__Bsfr30                  sfr30        1E010
__Bsfr31                  sfr31        1E010
__Bsfr4                   sfr4         1E010
__Bsfr5                   sfr5         1E010
__Bsfr6                   sfr6         1E010
__Bsfr7                   sfr7         1E010
__Bsfr8                   sfr8         1E010
__Bsfr9                   sfr9         1E010
__Bstrings                strings      1E010
__Bstringtext1            stringtext1  1E010
__Btext                   text         1E010
__CFG_BOREN$ON            (abs)        00000
__CFG_BORV$LO             (abs)        00000
__CFG_CLKOUTEN$OFF        (abs)        00000
__CFG_CP$OFF              (abs)        00000
__CFG_CPD$OFF             (abs)        00000
__CFG_FCMEN$OFF           (abs)        00000
__CFG_FOSC$INTOSC         (abs)        00000
__CFG_IESO$OFF            (abs)        00000
__CFG_LVP$OFF             (abs)        00000
__CFG_MCLRE$ON            (abs)        00000
__CFG_PLLEN$ON            (abs)        00000
__CFG_PWRTE$ON            (abs)        00000
__CFG_STVREN$ON           (abs)        00000
__CFG_WDTE$ON             (abs)        00000
__CFG_WRT$OFF             (abs)        00000
__Habs1                   abs1         00010
__Hbank0                  bank0        00010
__Hbank1                  bank1        00010
__Hbank10                 bank10       00010
__Hbank11                 bank11       00010
__Hbank12                 bank12       00010
__Hbank13                 bank13       00010
__Hbank14                 bank14       00010
__Hbank15                 bank15       00010
__Hbank16                 bank16       00010
__Hbank17                 bank17       00010
__Hbank18                 bank18       00010
__Hbank19                 bank19       00010
__Hbank2                  bank2        00010
__Hbank20                 bank20       00010
__Hbank21                 bank21       00010
__Hbank22                 bank22       00010
__Hbank23                 bank23       00010
__Hbank24                 bank24       00010
__Hbank25                 bank25       00010
__Hbank26                 bank26       00010
__Hbank27                 bank27       00010
__Hbank28                 bank28       00010
__Hbank29                 bank29       00010
__Hbank3                  bank3        00010
__Hbank30                 bank30       00010
__Hbank31                 bank31       00010
__Hbank4                  bank4        00010
__Hbank5                  bank5        00010
__Hbank6                  bank6        00010
__Hbank7                  bank7        00010
__Hbank8                  bank8        00010
__Hbank9                  bank9        00010
__Hbigram                 bigram       00010
__HbssBANK0               bssBANK0     00010
__HbssCOMMON              bssCOMMON    00010
__Hcinit                  cinit        00123
__Hclrtext                clrtext      00010
__Hcode                   code         00010
__Hcommon                 common       00010
__Hconfig                 config       08009
__HcstackBANK0            cstackBANK0  00010
__HcstackCOMMON           cstackCOMMON 00010
__HdataBANK0              dataBANK0    00010
__HdataCOMMON             dataCOMMON   00010
__Heeprom_data            eeprom_data  00008
__Hend_init               end_init     00108
__Hfunctab                functab      00000
__HidataBANK0             idataBANK0   00010
__HidataCOMMON            idataCOMMON  00010
__Hidloc                  idloc        00000
__Hinit                   init         00106
__Hintentry               intentry     00106
__Hmaintext               maintext     00010
__Hpowerup                powerup      00000
__Hram                    ram          00010
__Hreset_vec              reset_vec    00002
__Hsfr0                   sfr0         00010
__Hsfr1                   sfr1         00010
__Hsfr10                  sfr10        00010
__Hsfr11                  sfr11        00010
__Hsfr12                  sfr12        00010
__Hsfr13                  sfr13        00010
__Hsfr14                  sfr14        00010
__Hsfr15                  sfr15        00010
__Hsfr16                  sfr16        00010
__Hsfr17                  sfr17        00010
__Hsfr18                  sfr18        00010
__Hsfr19                  sfr19        00010
__Hsfr2                   sfr2         00010
__Hsfr20                  sfr20        00010
__Hsfr21                  sfr21        00010
__Hsfr22                  sfr22        00010
__Hsfr23                  sfr23        00010
__Hsfr24                  sfr24        00010
__Hsfr25                  sfr25        00010
__Hsfr26                  sfr26        00010
__Hsfr27                  sfr27        00010
__Hsfr28                  sfr28        00010
__Hsfr29                  sfr29        00010
__Hsfr3                   sfr3         00010
__Hsfr30                  sfr30        00010
__Hsfr31                  sfr31        00010
__Hsfr4                   sfr4         00010
__Hsfr5                   sfr5         00010
__Hsfr6                   sfr6         00010
__Hsfr7                   sfr7         00010
__Hsfr8                   sfr8         00010
__Hsfr9                   sfr9         00010
__Hspace_0                (abs)        08009
__Hspace_1                (abs)        0007D
__Hspace_2                (abs)        00000
__Hspace_3                (abs)        00008
__Hstack                  stack        00000
__Hstrings                strings      00010
__Hstringtext1            stringtext1  00010
__Htext                   text         00010
__Labs1                   abs1         00010
__Lbank0                  bank0        00010
__Lbank1                  bank1        00010
__Lbank10                 bank10       00010
__Lbank11                 bank11       00010
__Lbank12                 bank12       00010
__Lbank13                 bank13       00010
__Lbank14                 bank14       00010
__Lbank15                 bank15       00010
__Lbank16                 bank16       00010
__Lbank17                 bank17       00010
__Lbank18                 bank18       00010
__Lbank19                 bank19       00010
__Lbank2                  bank2        00010
__Lbank20                 bank20       00010
__Lbank21                 bank21       00010
__Lbank22                 bank22       00010
__Lbank23                 bank23       00010
__Lbank24                 bank24       00010
__Lbank25                 bank25       00010
__Lbank26                 bank26       00010
__Lbank27                 bank27       00010
__Lbank28                 bank28       00010
__Lbank29                 bank29       00010
__Lbank3                  bank3        00010
__Lbank30                 bank30       00010
__Lbank31                 bank31       00010
__Lbank4                  bank4        00010
__Lbank5                  bank5        00010
__Lbank6                  bank6        00010
__Lbank7                  bank7        00010
__Lbank8                  bank8        00010
__Lbank9                  bank9        00010
__Lbigram                 bigram       00010
__LbssBANK0               bssBANK0     00010
__LbssCOMMON              bssCOMMON    00010
__Lcinit                  cinit        00108
__Lclrtext                clrtext      00010
__Lcode                   code         00010
__Lcommon                 common       00010
__Lconfig                 config       08007
__LcstackBANK0            cstackBANK0  00010
__LcstackCOMMON           cstackCOMMON 00010
__LdataBANK0              dataBANK0    00010
__LdataCOMMON             dataCOMMON   00010
__Leeprom_data            eeprom_data  00000
__Lend_init               end_init     00106
__Lfunctab                functab      00000
__LidataBANK0             idataBANK0   00010
__LidataCOMMON            idataCOMMON  00010
__Lidloc                  idloc        00000
__Linit                   init         00106
__Lintentry               intentry     00004
__Lmaintext               maintext     00010
__Lpowerup                powerup      00000
__Lram                    ram          00010
__Lreset_vec              reset_vec    00000
__Lsfr0                   sfr0         00010
__Lsfr1                   sfr1         00010
__Lsfr10                  sfr10        00010
__Lsfr11                  sfr11        00010
__Lsfr12                  sfr12        00010
__Lsfr13                  sfr13        00010
__Lsfr14                  sfr14        00010
__Lsfr15                  sfr15        00010
__Lsfr16                  sfr16        00010
__Lsfr17                  sfr17        00010
__Lsfr18                  sfr18        00010
__Lsfr19                  sfr19        00010
__Lsfr2                   sfr2         00010
__Lsfr20                  sfr20        00010
__Lsfr21                  sfr21        00010
__Lsfr22                  sfr22        00010
__Lsfr23                  sfr23        00010
__Lsfr24                  sfr24        00010
__Lsfr25                  sfr25        00010
__Lsfr26                  sfr26        00010
__Lsfr27                  sfr27        00010
__Lsfr28                  sfr28        00010
__Lsfr29                  sfr29        00010
__Lsfr3                   sfr3         00010
__Lsfr30                  sfr30        00010
__Lsfr31                  sfr31        00010
__Lsfr4                   sfr4         00010
__Lsfr5                   sfr5         00010
__Lsfr6                   sfr6         00010
__Lsfr7                   sfr7         00010
__Lsfr8                   sfr8         00010
__Lsfr9                   sfr9         00010
__Lspace_0                (abs)        00000
__Lspace_1                (abs)        00000
__Lspace_2                (abs)        00000
__Lspace_3                (abs)        00000
__Lstack                  stack        00000
__Lstrings                strings      00010
__Lstringtext1            stringtext1  00010
__Ltext                   text         00010
__S0                      (abs)        08009
__S1                      (abs)        0007D
__S2                      (abs)        00000
__S3                      (abs)        0F008
___int_sp                 stack        00000
___latbits                (abs)        00002
___sp                     stack        00000
___stackhi                (abs)        023EF
___stacklo                (abs)        0202F
___wmul                   text7        003DD
___wmul@multiplicand      cstackCOMMON 00072
___wmul@multiplier        cstackCOMMON 00070
___wmul@product           cstackCOMMON 00074
__end_of_PWM_Init         text5        00404
__end_of_PWM_set_duty     text4        003C2
__end_of_RX_ELMNTS        stringtext1  0040E
__end_of___wmul           text7        003F8
__end_of__initialization  cinit        0011F
__end_of_eeprom_read      text2        003DD
__end_of_eeprom_write     text3        0039D
__end_of_init_I2C_buffer  text1        00375
__end_of_isr              intentry     00106
__end_of_main             maintext     00314
__initialization          cinit        00108
__pbssBANK0               bssBANK0     00020
__pbssCOMMON              bssCOMMON    00077
__pcstackBANK0            cstackBANK0  00045
__pcstackCOMMON           cstackCOMMON 00070
__pdataBANK0              dataBANK0    0004E
__pdataCOMMON             dataCOMMON   0007B
__pidataBANK0             idataBANK0   0040C
__pidataCOMMON            idataCOMMON  0040A
__pintentry               intentry     00004
__pmaintext               maintext     00123
__pstringtext1            stringtext1  0040D
__ptext1                  text1        00314
__ptext2                  text2        003C2
__ptext3                  text3        00375
__ptext4                  text4        0039D
__ptext5                  text5        003F8
__ptext7                  text7        003DD
__size_of_PWM_Init        (abs)        00000
__size_of_PWM_set_duty    (abs)        00000
__size_of___wmul          (abs)        00000
__size_of_eeprom_read     (abs)        00000
__size_of_eeprom_write    (abs)        00000
__size_of_init_I2C_buffer (abs)        00000
__size_of_isr             (abs)        00000
__size_of_main            (abs)        00000
_blockStop                dataBANK0    0004E
_eeprom_read              text2        003C2
_eeprom_write             text3        00375
_first_i2c                dataCOMMON   0007C
_ignoreCount              dataCOMMON   0007B
_index_i2c                bssCOMMON    0007A
_init_I2C_buffer          text1        00314
_isr                      intentry     00004
_main                     maintext     00123
_middleSen                bssBANK0     00044
_obstructHold             bssBANK0     00041
_topSen                   bssBANK0     00043
_triggerDW                bssCOMMON    00078
_triggerUP                bssCOMMON    00079
btemp                     (abs)        0007E
clear_ram0                clrtext      00404
eeprom_read@addr          cstackBANK0  00048
eeprom_write@addr         cstackBANK0  00048
eeprom_write@value        cstackBANK0  00045
end_of_initialization     cinit        0011F
int$flags                 (abs)        0007E
intlevel0                 functab      00000
intlevel1                 functab      00000
intlevel2                 functab      00000
intlevel3                 functab      00000
intlevel4                 functab      00000
intlevel5                 functab      00000
isr@junk                  bssCOMMON    00077
reset_vec                 reset_vec    00000
start                     init         00106
start_initialization      cinit        00108
wtemp0                    (abs)        0007E


FUNCTION INFORMATION:

 *************** function _main *****************
 Defined at:
		line 250 in file "main.c"
 Parameters:    Size  Location     Type
		None
 Auto vars:     Size  Location     Type
		None
 Return value:  Size  Location     Type
                  1    wreg      void 
 Registers used:
		wreg, status,2, status,0, pclath, cstack
 Tracked objects:
		On entry : 
		On exit  : 
		Unchanged: 
 Data sizes:     COMMON   BANK0   BANK1   BANK2   BANK3   BANK4   BANK5   BANK6   BANK7   BANK8   BANK9  BANK10  BANK11  BANK12
      Params:         0       0       0       0       0       0       0       0       0       0       0       0       0       0
      Locals:         0       0       0       0       0       0       0       0       0       0       0       0       0       0
      Temps:          0       4       0       0       0       0       0       0       0       0       0       0       0       0
      Totals:         0       4       0       0       0       0       0       0       0       0       0       0       0       0
Total ram usage:        4 bytes
 Hardware stack levels required when called:    4
 This function calls:
		_PWM_Init
		_PWM_set_duty
		_eeprom_write
		_init_I2C_buffer
 This function is called by:
		Startup code after reset
 This function uses a non-reentrant model


 *************** function _init_I2C_buffer *****************
 Defined at:
		line 213 in file "main.c"
 Parameters:    Size  Location     Type
		None
 Auto vars:     Size  Location     Type
		None
 Return value:  Size  Location     Type
                  1    wreg      void 
 Registers used:
		wreg, status,2, status,0, pclath, cstack
 Tracked objects:
		On entry : 
		On exit  : 
		Unchanged: 
 Data sizes:     COMMON   BANK0   BANK1   BANK2   BANK3   BANK4   BANK5   BANK6   BANK7   BANK8   BANK9  BANK10  BANK11  BANK12
      Params:         0       0       0       0       0       0       0       0       0       0       0       0       0       0
      Locals:         0       0       0       0       0       0       0       0       0       0       0       0       0       0
      Temps:          0       1       0       0       0       0       0       0       0       0       0       0       0       0
      Totals:         0       1       0       0       0       0       0       0       0       0       0       0       0       0
Total ram usage:        1 bytes
 Hardware stack levels used:    1
 Hardware stack levels required when called:    3
 This function calls:
		_eeprom_read
 This function is called by:
		_main
 This function uses a non-reentrant model


 *************** function _eeprom_read *****************
 Defined at:
		line 6 in file "C:\Program Files (x86)\Microchip\xc8\v2.10\pic\sources\c90\pic\__eeread.c"
 Parameters:    Size  Location     Type
  addr            1    wreg     unsigned char 
 Auto vars:     Size  Location     Type
  addr            1    3[BANK0 ] unsigned char 
 Return value:  Size  Location     Type
                  1    wreg      unsigned char 
 Registers used:
		wreg, status,2, status,0
 Tracked objects:
		On entry : 
		On exit  : 
		Unchanged: 
 Data sizes:     COMMON   BANK0   BANK1   BANK2   BANK3   BANK4   BANK5   BANK6   BANK7   BANK8   BANK9  BANK10  BANK11  BANK12
      Params:         0       0       0       0       0       0       0       0       0       0       0       0       0       0
      Locals:         0       1       0       0       0       0       0       0       0       0       0       0       0       0
      Temps:          0       3       0       0       0       0       0       0       0       0       0       0       0       0
      Totals:         0       4       0       0       0       0       0       0       0       0       0       0       0       0
Total ram usage:        4 bytes
 Hardware stack levels used:    1
 Hardware stack levels required when called:    2
 This function calls:
		Nothing
 This function is called by:
		_init_I2C_buffer
 This function uses a non-reentrant model


 *************** function _eeprom_write *****************
 Defined at:
		line 6 in file "C:\Program Files (x86)\Microchip\xc8\v2.10\pic\sources\c90\pic\__eewrite.c"
 Parameters:    Size  Location     Type
  addr            1    wreg     unsigned char 
  value           1    0[BANK0 ] unsigned char 
 Auto vars:     Size  Location     Type
  addr            1    3[BANK0 ] unsigned char 
 Return value:  Size  Location     Type
                  1    wreg      void 
 Registers used:
		wreg, status,2, status,0
 Tracked objects:
		On entry : 
		On exit  : 
		Unchanged: 
 Data sizes:     COMMON   BANK0   BANK1   BANK2   BANK3   BANK4   BANK5   BANK6   BANK7   BANK8   BANK9  BANK10  BANK11  BANK12
      Params:         0       1       0       0       0       0       0       0       0       0       0       0       0       0
      Locals:         0       1       0       0       0       0       0       0       0       0       0       0       0       0
      Temps:          0       2       0       0       0       0       0       0       0       0       0       0       0       0
      Totals:         0       4       0       0       0       0       0       0       0       0       0       0       0       0
Total ram usage:        4 bytes
 Hardware stack levels used:    1
 Hardware stack levels required when called:    2
 This function calls:
		Nothing
 This function is called by:
		_main
 This function uses a non-reentrant model


 *************** function _PWM_set_duty *****************
 Defined at:
		line 241 in file "main.c"
 Parameters:    Size  Location     Type
  duty            2    0[BANK0 ] int 
 Auto vars:     Size  Location     Type
		None
 Return value:  Size  Location     Type
                  2    0[BANK0 ] int 
 Registers used:
		wreg, status,2, status,0
 Tracked objects:
		On entry : 
		On exit  : 
		Unchanged: 
 Data sizes:     COMMON   BANK0   BANK1   BANK2   BANK3   BANK4   BANK5   BANK6   BANK7   BANK8   BANK9  BANK10  BANK11  BANK12
      Params:         0       2       0       0       0       0       0       0       0       0       0       0       0       0
      Locals:         0       0       0       0       0       0       0       0       0       0       0       0       0       0
      Temps:          0       2       0       0       0       0       0       0       0       0       0       0       0       0
      Totals:         0       4       0       0       0       0       0       0       0       0       0       0       0       0
Total ram usage:        4 bytes
 Hardware stack levels used:    1
 Hardware stack levels required when called:    2
 This function calls:
		Nothing
 This function is called by:
		_main
 This function uses a non-reentrant model


 *************** function _PWM_Init *****************
 Defined at:
		line 231 in file "main.c"
 Parameters:    Size  Location     Type
		None
 Auto vars:     Size  Location     Type
		None
 Return value:  Size  Location     Type
                  2  152[None  ] int 
 Registers used:
		wreg, status,2
 Tracked objects:
		On entry : 
		On exit  : 
		Unchanged: 
 Data sizes:     COMMON   BANK0   BANK1   BANK2   BANK3   BANK4   BANK5   BANK6   BANK7   BANK8   BANK9  BANK10  BANK11  BANK12
      Params:         0       0       0       0       0       0       0       0       0       0       0       0       0       0
      Locals:         0       0       0       0       0       0       0       0       0       0       0       0       0       0
      Temps:          0       0       0       0       0       0       0       0       0       0       0       0       0       0
      Totals:         0       0       0       0       0       0       0       0       0       0       0       0       0       0
Total ram usage:        0 bytes
 Hardware stack levels used:    1
 Hardware stack levels required when called:    2
 This function calls:
		Nothing
 This function is called by:
		_main
 This function uses a non-reentrant model


 *************** function _isr *****************
 Defined at:
		line 81 in file "main.c"
 Parameters:    Size  Location     Type
		None
 Auto vars:     Size  Location     Type
		None
 Return value:  Size  Location     Type
                  1    wreg      void 
 Registers used:
		wreg, fsr1l, fsr1h, status,2, status,0, pclath, cstack
 Tracked objects:
		On entry : 
		On exit  : 
		Unchanged: 
 Data sizes:     COMMON   BANK0   BANK1   BANK2   BANK3   BANK4   BANK5   BANK6   BANK7   BANK8   BANK9  BANK10  BANK11  BANK12
      Params:         0       0       0       0       0       0       0       0       0       0       0       0       0       0
      Locals:         0       0       0       0       0       0       0       0       0       0       0       0       0       0
      Temps:          1       0       0       0       0       0       0       0       0       0       0       0       0       0
      Totals:         1       0       0       0       0       0       0       0       0       0       0       0       0       0
Total ram usage:        1 bytes
 Hardware stack levels used:    1
 Hardware stack levels required when called:    1
 This function calls:
		___wmul
 This function is called by:
		Interrupt level 1
 This function uses a non-reentrant model


 *************** function ___wmul *****************
 Defined at:
		line 15 in file "C:\Program Files (x86)\Microchip\xc8\v2.10\pic\sources\c90\common\Umul16.c"
 Parameters:    Size  Location     Type
  multiplier      2    0[COMMON] unsigned int 
  multiplicand    2    2[COMMON] unsigned int 
 Auto vars:     Size  Location     Type
  product         2    4[COMMON] unsigned int 
 Return value:  Size  Location     Type
                  2    0[COMMON] unsigned int 
 Registers used:
		wreg, status,2, status,0
 Tracked objects:
		On entry : 
		On exit  : 
		Unchanged: 
 Data sizes:     COMMON   BANK0   BANK1   BANK2   BANK3   BANK4   BANK5   BANK6   BANK7   BANK8   BANK9  BANK10  BANK11  BANK12
      Params:         4       0       0       0       0       0       0       0       0       0       0       0       0       0
      Locals:         2       0       0       0       0       0       0       0       0       0       0       0       0       0
      Temps:          0       0       0       0       0       0       0       0       0       0       0       0       0       0
      Totals:         6       0       0       0       0       0       0       0       0       0       0       0       0       0
Total ram usage:        6 bytes
 Hardware stack levels used:    1
 This function calls:
		Nothing
 This function is called by:
		_isr
 This function uses a non-reentrant model



MODULE INFORMATION

Module		Function		Class		Link	Load	Size
C:\Program Files (x86)\Microchip\xc8\v2.10\pic\sources\c90\pic\__eeread.c
		_eeprom_read   		CODE           	03C2	0000	28

C:\Program Files (x86)\Microchip\xc8\v2.10\pic\sources\c90\pic\__eeread.c estimated size: 28

C:\Program Files (x86)\Microchip\xc8\v2.10\pic\sources\c90\common\Umul16.c
		___wmul        		CODE           	03DD	0000	28

C:\Program Files (x86)\Microchip\xc8\v2.10\pic\sources\c90\common\Umul16.c estimated size: 28

C:\Program Files (x86)\Microchip\xc8\v2.10\pic\sources\c90\pic\__eewrite.c
		_eeprom_write  		CODE           	0375	0000	41

C:\Program Files (x86)\Microchip\xc8\v2.10\pic\sources\c90\pic\__eewrite.c estimated size: 41

shared
		_RX_ELMNTS     		STRCODE        	0000	0000	0
		__initialization		CODE           	0108	0000	24

shared estimated size: 24

main.c
		_main          		CODE           	0123	0000	498
		_init_I2C_buffer		CODE           	0314	0000	98
		_isr           		CODE           	0004	0000	259
		_PWM_set_duty  		CODE           	039D	0000	38
		_PWM_Init      		CODE           	03F8	0000	13

main.c estimated size: 906

