Microchip MPLAB XC8 Compiler V2.10 ()

Linker command line:

-W-3 --edf=C:\Program Files (x86)\Microchip\xc8\v2.10\pic\dat\en_msgs.txt \
  -cs -h+dist/default/production\firmware.production.sym \
  --cmf=dist/default/production\firmware.production.cmf -z -Q12F1840 \
  -oC:\Users\ciro_\AppData\Local\Temp\s8mg.2 --defsym=__MPLAB_BUILD=1 \
  -Mdist/default/production/firmware.production.map -E1 -ver=XC8 \
  --acfsm=1493 -ASTACK=020BAh-020EFh -pstack=STACK -ACODE=00h-07FFhx2 \
  -ASTRCODE=00h-0FFFh -ASTRING=00h-0FFhx16 -ACONST=00h-0FFhx16 \
  -AENTRY=00h-0FFhx16 -ACOMMON=070h-07Fh -ABANK0=020h-06Fh \
  -ABANK1=0A0h-0EFh -ABANK2=0120h-016Fh -ABIGRAM=02000h-020EFh \
  -ARAM=020h-06Fh,0A0h-0EFh,0120h-016Fh \
  -AABS1=020h-07Fh,0A0h-0EFh,0120h-016Fh -ASFR0=00h-01Fh -ASFR1=080h-09Fh \
  -ASFR2=0100h-011Fh -ASFR3=0180h-01EFh -ASFR4=0200h-026Fh \
  -ASFR5=0280h-02EFh -ASFR6=0300h-036Fh -ASFR7=0380h-03EFh \
  -ASFR8=0400h-046Fh -ASFR9=0480h-04EFh -ASFR10=0500h-056Fh \
  -ASFR11=0580h-05EFh -ASFR12=0600h-066Fh -ASFR13=0680h-06EFh \
  -ASFR14=0700h-076Fh -ASFR15=0780h-07EFh -ASFR16=0800h-086Fh \
  -ASFR17=0880h-08EFh -ASFR18=0900h-096Fh -ASFR19=0980h-09EFh \
  -ASFR20=0A00h-0A6Fh -ASFR21=0A80h-0AEFh -ASFR22=0B00h-0B6Fh \
  -ASFR23=0B80h-0BEFh -ASFR24=0C00h-0C6Fh -ASFR25=0C80h-0CEFh \
  -ASFR26=0D00h-0D6Fh -ASFR27=0D80h-0DEFh -ASFR28=0E00h-0E6Fh \
  -ASFR29=0E80h-0EEFh -ASFR30=0F00h-0F6Fh -ASFR31=0F80h-0FEFh \
  -preset_vec=00h,intentry=04h,init,end_init -ppowerup=CODE -pcinit=CODE \
  -pfunctab=ENTRY -ACONFIG=08007h-08008h -pconfig=CONFIG -DCONFIG=2 \
  -AIDLOC=08000h-08003h -pidloc=IDLOC -DIDLOC=2 -AEEDATA=00h-0FFh/0F000h \
  -peeprom_data=EEDATA -DEEDATA=2 -DCODE=2 -DSTRCODE=2 -DSTRING=2 -DCONST=2 \
  -DENTRY=2 -k C:\Users\ciro_\AppData\Local\Temp\s8mg.o \
  dist/default/production\firmware.production.o 

Object code version is 3.11

Machine type is 12F1840



                Name                               Link     Load   Length Selector   Space Scale
C:\Users\ciro_\AppData\Local\Temp\s8mg.o
                end_init                             7E       7E        2        8       0
                reset_vec                             0        0        2        0       0
                config                             8007     8007        2    1000E       0
dist/default/production\firmware.production.o
                cinit                                80       80       19        8       0
                intentry                              4        4       7A        8       0
                eeprom_data                           0     F000       10    1E000       3
                text13                              8A3      8A3       1E     1146       0
                text12                              572      572      245        8       0
                text11                              A70      A70      179     14E0       0
                text10                              8C1      8C1       1F     1182       0
                text9                               DE8      DE8      218     1BD0       0
                text8                               9DA      9DA       96     13B4       0
                text7                               7DF      7DF       20        8       0
                text6                               8E0      8E0       7B     11C0       0
                text5                               885      885        9     110A       0
                text4                               7B7      7B7       28        8       0
                text3                               88E      88E       15     111C       0
                text2                               95B      95B       7F     12B6       0
                text1                               BE9      BE9      1FF     17D2       0
                maintext                             99       99      4D9        8       0
                cstackBANK0                          20       20       4E       20       1
                cstackCOMMON                         70       70        A       70       1
                cstackBANK1                          C9       C9       27       A0       1
                clrtext                             87F      87F        6     10FE       0
                bssBANK2                            120      120       1A      120       1
                bssBANK1                             A0       A0       29       A0       1
                dataBANK0                            6F       6F        1       20       1
                bssBANK0                             6E       6E        1       20       1
                bssCOMMON                            7A       7A        1       70       1
                stringtext1                         800      800        1     1000       0
                idataBANK0                          7FF      7FF        1        8       0

TOTAL           Name                               Link     Load   Length     Space
        CLASS   STACK          

        CLASS   CODE           
                end_init                             7E       7E        2         0
                cinit                                80       80       19         0
                intentry                              4        4       7A         0
                reset_vec                             0        0        2         0
                text13                              8A3      8A3       1E         0
                text12                              572      572      245         0
                text11                              A70      A70      179         0
                text10                              8C1      8C1       1F         0
                text9                               DE8      DE8      218         0
                text8                               9DA      9DA       96         0
                text7                               7DF      7DF       20         0
                text6                               8E0      8E0       7B         0
                text5                               885      885        9         0
                text4                               7B7      7B7       28         0
                text3                               88E      88E       15         0
                text2                               95B      95B       7F         0
                text1                               BE9      BE9      1FF         0
                maintext                             99       99      4D9         0
                clrtext                             87F      87F        6         0
                idataBANK0                          7FF      7FF        1         0

        CLASS   STRCODE        
                stringtext1                         800      800        1         0

        CLASS   STRING         

        CLASS   CONST          

        CLASS   ENTRY          

        CLASS   COMMON         
                cstackCOMMON                         70       70        A         1
                bssCOMMON                            7A       7A        1         1

        CLASS   BANK0          
                cstackBANK0                          20       20       4E         1
                dataBANK0                            6F       6F        1         1
                bssBANK0                             6E       6E        1         1

        CLASS   BANK1          
                cstackBANK1                          C9       C9       27         1
                bssBANK1                             A0       A0       29         1

        CLASS   BANK2          
                bssBANK2                            120      120       1A         1

        CLASS   BIGRAM         

        CLASS   RAM            

        CLASS   ABS1           
                abs_s1                               7E       7E        2         1

        CLASS   SFR0           

        CLASS   SFR1           

        CLASS   SFR2           

        CLASS   SFR3           

        CLASS   SFR4           

        CLASS   SFR5           

        CLASS   SFR6           

        CLASS   SFR7           

        CLASS   SFR8           

        CLASS   SFR9           

        CLASS   SFR10          

        CLASS   SFR11          

        CLASS   SFR12          

        CLASS   SFR13          

        CLASS   SFR14          

        CLASS   SFR15          

        CLASS   SFR16          

        CLASS   SFR17          

        CLASS   SFR18          

        CLASS   SFR19          

        CLASS   SFR20          

        CLASS   SFR21          

        CLASS   SFR22          

        CLASS   SFR23          

        CLASS   SFR24          

        CLASS   SFR25          

        CLASS   SFR26          

        CLASS   SFR27          

        CLASS   SFR28          

        CLASS   SFR29          

        CLASS   SFR30          

        CLASS   SFR31          

        CLASS   CONFIG         
                config                             8007     8007        2         0

        CLASS   IDLOC          

        CLASS   EEDATA         
                eeprom_data                           0     F000       10         3

        CLASS   BANK31         

        CLASS   BANK30         

        CLASS   BANK29         

        CLASS   BANK28         

        CLASS   BANK27         

        CLASS   BANK26         

        CLASS   BANK25         

        CLASS   BANK24         

        CLASS   BANK23         

        CLASS   BANK22         

        CLASS   BANK21         

        CLASS   BANK20         

        CLASS   BANK19         

        CLASS   BANK18         

        CLASS   BANK17         

        CLASS   BANK16         

        CLASS   BANK15         

        CLASS   BANK14         

        CLASS   BANK13         

        CLASS   BANK12         

        CLASS   BANK11         

        CLASS   BANK10         

        CLASS   BANK9          

        CLASS   BANK8          

        CLASS   BANK7          

        CLASS   BANK6          

        CLASS   BANK5          

        CLASS   BANK4          

        CLASS   BANK3          



SEGMENTS        Name                           Load    Length   Top    Selector   Space  Class     Delta

                reset_vec                      000000  000002  000002         0       0  CODE        2
                intentry                       000004  0007FC  000800         8       0  CODE        2
                cstackBANK0                    000020  000050  000070        20       1  BANK0       1
                cstackCOMMON                   000070  00000B  00007B        70       1  COMMON      1
                bssBANK1                       0000A0  000050  0000F0        A0       1  BANK1       1
                bssBANK2                       000120  00001A  00013A       120       1  BANK2       1
                stringtext1                    000800  000001  000801      1000       0  STRCODE     2
                clrtext                        00087F  000006  000885      10FE       0  CODE        2
                text5                          000885  000009  00088E      110A       0  CODE        2
                text3                          00088E  000015  0008A3      111C       0  CODE        2
                text13                         0008A3  00001E  0008C1      1146       0  CODE        2
                text10                         0008C1  00001F  0008E0      1182       0  CODE        2
                text6                          0008E0  00007B  00095B      11C0       0  CODE        2
                text2                          00095B  00007F  0009DA      12B6       0  CODE        2
                text8                          0009DA  000096  000A70      13B4       0  CODE        2
                text11                         000A70  000179  000BE9      14E0       0  CODE        2
                text1                          000BE9  0001FF  000DE8      17D2       0  CODE        2
                text9                          000DE8  000218  001000      1BD0       0  CODE        2
                config                         008007  000002  008009     1000E       0  CONFIG      2
                eeprom_data                    00F000  000010  00F010     1E000       3  EEDATA      2


UNUSED ADDRESS RANGES

        Name                Unused          Largest block    Delta
        BANK2            0013A-0016F              36           1
        BIGRAM           02000-020EF              F0           1
        CODE             00002-00003               2           2
                         00801-0087E              7E
        COMMON           0007B-0007D               3           1
        CONST            00002-00003               2           2
                         00801-0087E              7E
        EEDATA           0F010-0F0FF              F0           2
        ENTRY            00002-00003               2           2
                         00801-0087E              7E
        IDLOC            08000-08003               4           2
        RAM              0013A-0016F              36           1
        SFR0             00000-0001F              20           1
        SFR1             00080-0009F              20           1
        SFR10            00500-0056F              70           1
        SFR11            00580-005EF              70           1
        SFR12            00600-0066F              70           1
        SFR13            00680-006EF              70           1
        SFR14            00700-0076F              70           1
        SFR15            00780-007EF              70           1
        SFR16            00800-0086F              70           1
        SFR17            00880-008EF              70           1
        SFR18            00900-0096F              70           1
        SFR19            00980-009EF              70           1
        SFR2             00100-0011F              20           1
        SFR20            00A00-00A6F              70           1
        SFR21            00A80-00AEF              70           1
        SFR22            00B00-00B6F              70           1
        SFR23            00B80-00BEF              70           1
        SFR24            00C00-00C6F              70           1
        SFR25            00C80-00CEF              70           1
        SFR26            00D00-00D6F              70           1
        SFR27            00D80-00DEF              70           1
        SFR28            00E00-00E6F              70           1
        SFR29            00E80-00EEF              70           1
        SFR3             00180-001EF              70           1
        SFR30            00F00-00F6F              70           1
        SFR31            00F80-00FEF              70           1
        SFR4             00200-0026F              70           1
        SFR5             00280-002EF              70           1
        SFR6             00300-0036F              70           1
        SFR7             00380-003EF              70           1
        SFR8             00400-0046F              70           1
        SFR9             00480-004EF              70           1
        STACK            020BA-020EF              36           1
        STRCODE          00002-00003               2           2
                         00801-0087E              7E
        STRING           00002-00003               2           2
                         00801-0087E              7E

                                  Symbol Table

?_ADC_read                cstackCOMMON 00071
?__Umul8_16               cstackCOMMON 00071
?___fladd                 cstackBANK0  0005E
?___fldiv                 cstackBANK0  00044
?___flmul                 cstackBANK0  0002A
?___flneg                 cstackCOMMON 00071
?___xxtofl                cstackCOMMON 00075
?_fabs                    cstackBANK0  00044
?_sqrt                    cstackBANK0  0005E
ADC_read@channel          cstackCOMMON 00074
_ADCON0                   (abs)        0009D
_ADCON0bits               (abs)        0009D
_ADCON1                   (abs)        0009E
_ADC_read                 text13       008A3
_ADRESH                   (abs)        0009C
_ADRESL                   (abs)        0009B
_ANSELA                   (abs)        0018C
_EEADR                    (abs)        00191
_EECON1                   (abs)        00195
_EECON1bits               (abs)        00195
_EECON2                   (abs)        00196
_EEDATA                   (abs)        00193
_I2C_buffer               bssBANK1     000A0
_INTCON                   (abs)        0000B
_INTCONbits               (abs)        0000B
_LATAbits                 (abs)        0010C
_OPTION_REGbits           (abs)        00095
_OSCCON                   (abs)        00099
_PIE1bits                 (abs)        00091
_PIE2bits                 (abs)        00092
_PIR1bits                 (abs)        00011
_PIR2bits                 (abs)        00012
_SSP1ADD                  (abs)        00212
_SSP1BUF                  (abs)        00211
_SSP1CON1                 (abs)        00215
_SSP1CON1bits             (abs)        00215
_SSP1CON2bits             (abs)        00216
_SSP1CON3bits             (abs)        00217
_SSP1STAT                 (abs)        00214
_SSP1STATbits             (abs)        00214
_STATUSbits               (abs)        00003
_TRISA                    (abs)        0008C
_WPUA                     (abs)        0020C
__Babs1                   abs1         1E020
__Bbank0                  bank0        1E020
__Bbank1                  bank1        1E020
__Bbank10                 bank10       1E020
__Bbank11                 bank11       1E020
__Bbank12                 bank12       1E020
__Bbank13                 bank13       1E020
__Bbank14                 bank14       1E020
__Bbank15                 bank15       1E020
__Bbank16                 bank16       1E020
__Bbank17                 bank17       1E020
__Bbank18                 bank18       1E020
__Bbank19                 bank19       1E020
__Bbank2                  bank2        1E020
__Bbank20                 bank20       1E020
__Bbank21                 bank21       1E020
__Bbank22                 bank22       1E020
__Bbank23                 bank23       1E020
__Bbank24                 bank24       1E020
__Bbank25                 bank25       1E020
__Bbank26                 bank26       1E020
__Bbank27                 bank27       1E020
__Bbank28                 bank28       1E020
__Bbank29                 bank29       1E020
__Bbank3                  bank3        1E020
__Bbank30                 bank30       1E020
__Bbank31                 bank31       1E020
__Bbank4                  bank4        1E020
__Bbank5                  bank5        1E020
__Bbank6                  bank6        1E020
__Bbank7                  bank7        1E020
__Bbank8                  bank8        1E020
__Bbank9                  bank9        1E020
__Bbigram                 bigram       1E020
__BbssBANK0               bssBANK0     1E020
__BbssBANK1               bssBANK1     1E020
__BbssBANK2               bssBANK2     1E020
__BbssCOMMON              bssCOMMON    1E020
__Bclrtext                clrtext      1E020
__Bcode                   code         1E020
__Bcommon                 common       1E020
__BcstackBANK0            cstackBANK0  1E020
__BcstackBANK1            cstackBANK1  1E020
__BcstackCOMMON           cstackCOMMON 1E020
__BdataBANK0              dataBANK0    1E020
__Beeprom_data            eeprom_data  0F000
__BidataBANK0             idataBANK0   1E020
__Bmaintext               maintext     1E020
__Bram                    ram          1E020
__Bsfr0                   sfr0         1E020
__Bsfr1                   sfr1         1E020
__Bsfr10                  sfr10        1E020
__Bsfr11                  sfr11        1E020
__Bsfr12                  sfr12        1E020
__Bsfr13                  sfr13        1E020
__Bsfr14                  sfr14        1E020
__Bsfr15                  sfr15        1E020
__Bsfr16                  sfr16        1E020
__Bsfr17                  sfr17        1E020
__Bsfr18                  sfr18        1E020
__Bsfr19                  sfr19        1E020
__Bsfr2                   sfr2         1E020
__Bsfr20                  sfr20        1E020
__Bsfr21                  sfr21        1E020
__Bsfr22                  sfr22        1E020
__Bsfr23                  sfr23        1E020
__Bsfr24                  sfr24        1E020
__Bsfr25                  sfr25        1E020
__Bsfr26                  sfr26        1E020
__Bsfr27                  sfr27        1E020
__Bsfr28                  sfr28        1E020
__Bsfr29                  sfr29        1E020
__Bsfr3                   sfr3         1E020
__Bsfr30                  sfr30        1E020
__Bsfr31                  sfr31        1E020
__Bsfr4                   sfr4         1E020
__Bsfr5                   sfr5         1E020
__Bsfr6                   sfr6         1E020
__Bsfr7                   sfr7         1E020
__Bsfr8                   sfr8         1E020
__Bsfr9                   sfr9         1E020
__Bstrings                strings      1E020
__Bstringtext1            stringtext1  1E020
__Btext                   text         1E020
__CFG_BOREN$ON            (abs)        00000
__CFG_BORV$LO             (abs)        00000
__CFG_CLKOUTEN$OFF        (abs)        00000
__CFG_CP$OFF              (abs)        00000
__CFG_CPD$OFF             (abs)        00000
__CFG_FCMEN$OFF           (abs)        00000
__CFG_FOSC$INTOSC         (abs)        00000
__CFG_IESO$OFF            (abs)        00000
__CFG_LVP$OFF             (abs)        00000
__CFG_MCLRE$ON            (abs)        00000
__CFG_PLLEN$ON            (abs)        00000
__CFG_PWRTE$ON            (abs)        00000
__CFG_STVREN$ON           (abs)        00000
__CFG_WDTE$ON             (abs)        00000
__CFG_WRT$OFF             (abs)        00000
__Habs1                   abs1         00020
__Hbank0                  bank0        00020
__Hbank1                  bank1        00020
__Hbank10                 bank10       00020
__Hbank11                 bank11       00020
__Hbank12                 bank12       00020
__Hbank13                 bank13       00020
__Hbank14                 bank14       00020
__Hbank15                 bank15       00020
__Hbank16                 bank16       00020
__Hbank17                 bank17       00020
__Hbank18                 bank18       00020
__Hbank19                 bank19       00020
__Hbank2                  bank2        00020
__Hbank20                 bank20       00020
__Hbank21                 bank21       00020
__Hbank22                 bank22       00020
__Hbank23                 bank23       00020
__Hbank24                 bank24       00020
__Hbank25                 bank25       00020
__Hbank26                 bank26       00020
__Hbank27                 bank27       00020
__Hbank28                 bank28       00020
__Hbank29                 bank29       00020
__Hbank3                  bank3        00020
__Hbank30                 bank30       00020
__Hbank31                 bank31       00020
__Hbank4                  bank4        00020
__Hbank5                  bank5        00020
__Hbank6                  bank6        00020
__Hbank7                  bank7        00020
__Hbank8                  bank8        00020
__Hbank9                  bank9        00020
__Hbigram                 bigram       00020
__HbssBANK0               bssBANK0     00020
__HbssBANK1               bssBANK1     00020
__HbssBANK2               bssBANK2     00020
__HbssCOMMON              bssCOMMON    00020
__Hcinit                  cinit        00099
__Hclrtext                clrtext      00020
__Hcode                   code         00020
__Hcommon                 common       00020
__Hconfig                 config       08009
__HcstackBANK0            cstackBANK0  00020
__HcstackBANK1            cstackBANK1  00020
__HcstackCOMMON           cstackCOMMON 00020
__HdataBANK0              dataBANK0    00020
__Heeprom_data            eeprom_data  00010
__Hend_init               end_init     00080
__Hfunctab                functab      00000
__HidataBANK0             idataBANK0   00020
__Hidloc                  idloc        00000
__Hinit                   init         0007E
__Hintentry               intentry     0007E
__Hmaintext               maintext     00020
__Hpowerup                powerup      00000
__Hram                    ram          00020
__Hreset_vec              reset_vec    00002
__Hsfr0                   sfr0         00020
__Hsfr1                   sfr1         00020
__Hsfr10                  sfr10        00020
__Hsfr11                  sfr11        00020
__Hsfr12                  sfr12        00020
__Hsfr13                  sfr13        00020
__Hsfr14                  sfr14        00020
__Hsfr15                  sfr15        00020
__Hsfr16                  sfr16        00020
__Hsfr17                  sfr17        00020
__Hsfr18                  sfr18        00020
__Hsfr19                  sfr19        00020
__Hsfr2                   sfr2         00020
__Hsfr20                  sfr20        00020
__Hsfr21                  sfr21        00020
__Hsfr22                  sfr22        00020
__Hsfr23                  sfr23        00020
__Hsfr24                  sfr24        00020
__Hsfr25                  sfr25        00020
__Hsfr26                  sfr26        00020
__Hsfr27                  sfr27        00020
__Hsfr28                  sfr28        00020
__Hsfr29                  sfr29        00020
__Hsfr3                   sfr3         00020
__Hsfr30                  sfr30        00020
__Hsfr31                  sfr31        00020
__Hsfr4                   sfr4         00020
__Hsfr5                   sfr5         00020
__Hsfr6                   sfr6         00020
__Hsfr7                   sfr7         00020
__Hsfr8                   sfr8         00020
__Hsfr9                   sfr9         00020
__Hspace_0                (abs)        08009
__Hspace_1                (abs)        0013A
__Hspace_2                (abs)        00000
__Hspace_3                (abs)        00010
__Hstack                  stack        00000
__Hstrings                strings      00020
__Hstringtext1            stringtext1  00020
__Htext                   text         00020
__Labs1                   abs1         00020
__Lbank0                  bank0        00020
__Lbank1                  bank1        00020
__Lbank10                 bank10       00020
__Lbank11                 bank11       00020
__Lbank12                 bank12       00020
__Lbank13                 bank13       00020
__Lbank14                 bank14       00020
__Lbank15                 bank15       00020
__Lbank16                 bank16       00020
__Lbank17                 bank17       00020
__Lbank18                 bank18       00020
__Lbank19                 bank19       00020
__Lbank2                  bank2        00020
__Lbank20                 bank20       00020
__Lbank21                 bank21       00020
__Lbank22                 bank22       00020
__Lbank23                 bank23       00020
__Lbank24                 bank24       00020
__Lbank25                 bank25       00020
__Lbank26                 bank26       00020
__Lbank27                 bank27       00020
__Lbank28                 bank28       00020
__Lbank29                 bank29       00020
__Lbank3                  bank3        00020
__Lbank30                 bank30       00020
__Lbank31                 bank31       00020
__Lbank4                  bank4        00020
__Lbank5                  bank5        00020
__Lbank6                  bank6        00020
__Lbank7                  bank7        00020
__Lbank8                  bank8        00020
__Lbank9                  bank9        00020
__Lbigram                 bigram       00020
__LbssBANK0               bssBANK0     00020
__LbssBANK1               bssBANK1     00020
__LbssBANK2               bssBANK2     00020
__LbssCOMMON              bssCOMMON    00020
__Lcinit                  cinit        00080
__Lclrtext                clrtext      00020
__Lcode                   code         00020
__Lcommon                 common       00020
__Lconfig                 config       08007
__LcstackBANK0            cstackBANK0  00020
__LcstackBANK1            cstackBANK1  00020
__LcstackCOMMON           cstackCOMMON 00020
__LdataBANK0              dataBANK0    00020
__Leeprom_data            eeprom_data  00000
__Lend_init               end_init     0007E
__Lfunctab                functab      00000
__LidataBANK0             idataBANK0   00020
__Lidloc                  idloc        00000
__Linit                   init         0007E
__Lintentry               intentry     00004
__Lmaintext               maintext     00020
__Lpowerup                powerup      00000
__Lram                    ram          00020
__Lreset_vec              reset_vec    00000
__Lsfr0                   sfr0         00020
__Lsfr1                   sfr1         00020
__Lsfr10                  sfr10        00020
__Lsfr11                  sfr11        00020
__Lsfr12                  sfr12        00020
__Lsfr13                  sfr13        00020
__Lsfr14                  sfr14        00020
__Lsfr15                  sfr15        00020
__Lsfr16                  sfr16        00020
__Lsfr17                  sfr17        00020
__Lsfr18                  sfr18        00020
__Lsfr19                  sfr19        00020
__Lsfr2                   sfr2         00020
__Lsfr20                  sfr20        00020
__Lsfr21                  sfr21        00020
__Lsfr22                  sfr22        00020
__Lsfr23                  sfr23        00020
__Lsfr24                  sfr24        00020
__Lsfr25                  sfr25        00020
__Lsfr26                  sfr26        00020
__Lsfr27                  sfr27        00020
__Lsfr28                  sfr28        00020
__Lsfr29                  sfr29        00020
__Lsfr3                   sfr3         00020
__Lsfr30                  sfr30        00020
__Lsfr31                  sfr31        00020
__Lsfr4                   sfr4         00020
__Lsfr5                   sfr5         00020
__Lsfr6                   sfr6         00020
__Lsfr7                   sfr7         00020
__Lsfr8                   sfr8         00020
__Lsfr9                   sfr9         00020
__Lspace_0                (abs)        00000
__Lspace_1                (abs)        00000
__Lspace_2                (abs)        00000
__Lspace_3                (abs)        00000
__Lstack                  stack        00000
__Lstrings                strings      00020
__Lstringtext1            stringtext1  00020
__Ltext                   text         00020
__S0                      (abs)        08009
__S1                      (abs)        0013A
__S2                      (abs)        00000
__S3                      (abs)        0F010
__Umul8_16                text10       008C1
__Umul8_16@multiplicand   cstackCOMMON 00071
__Umul8_16@multiplier     cstackCOMMON 00079
__Umul8_16@product        cstackCOMMON 00075
__Umul8_16@word_mpld      cstackCOMMON 00077
___fladd                  text12       00572
___fladd@a                cstackBANK0  00062
___fladd@aexp             cstackBANK1  000CA
___fladd@b                cstackBANK0  0005E
___fladd@bexp             cstackBANK1  000CB
___fladd@grs              cstackBANK1  000CC
___fladd@signs            cstackBANK1  000C9
___fldiv                  text11       00A70
___fldiv@a                cstackBANK0  00044
___fldiv@aexp             cstackBANK0  0005D
___fldiv@b                cstackBANK0  00048
___fldiv@bexp             cstackBANK0  0005C
___fldiv@grs              cstackBANK0  00058
___fldiv@new_exp          cstackBANK0  00056
___fldiv@rem              cstackBANK0  00051
___fldiv@sign             cstackBANK0  00055
___flge                   text6        008E0
___flge@ff1               cstackCOMMON 00071
___flge@ff2               cstackCOMMON 00075
___flmul                  text9        00DE8
___flmul@a                cstackBANK0  0002E
___flmul@aexp             cstackBANK0  00038
___flmul@b                cstackBANK0  0002A
___flmul@bexp             cstackBANK0  0003D
___flmul@grs              cstackBANK0  00039
___flmul@prod             cstackBANK0  0003E
___flmul@sign             cstackBANK0  00037
___flmul@temp             cstackBANK0  00042
___flneg                  text5        00885
___flneg@f1               cstackCOMMON 00071
___int_sp                 stack        00000
___latbits                (abs)        00001
___sp                     stack        00000
___stackhi                (abs)        020EF
___stacklo                (abs)        020BA
___xxtofl                 text8        009DA
___xxtofl@arg             cstackBANK0  00026
___xxtofl@exp             cstackBANK0  00025
___xxtofl@sign            cstackBANK0  00024
___xxtofl@val             cstackCOMMON 00075
__end_of_ADC_read         text13       008C1
__end_of_RX_ELMNTS        stringtext1  00801
__end_of__Umul8_16        text10       008E0
__end_of___fladd          text12       007B7
__end_of___fldiv          text11       00BE9
__end_of___flge           text6        0095B
__end_of___flmul          text9        01000
__end_of___flneg          text5        0088E
__end_of___xxtofl         text8        00A70
__end_of__initialization  cinit        00095
__end_of_eeprom_read      text3        008A3
__end_of_eeprom_write     text7        007FF
__end_of_fabs             text4        007DF
__end_of_init_I2C_buffer  text2        009DA
__end_of_isr              intentry     0007E
__end_of_main             maintext     00572
__end_of_sqrt             text1        00DE8
__initialization          cinit        00080
__pbssBANK0               bssBANK0     0006E
__pbssBANK1               bssBANK1     000A0
__pbssBANK2               bssBANK2     00120
__pbssCOMMON              bssCOMMON    0007A
__pcstackBANK0            cstackBANK0  00020
__pcstackBANK1            cstackBANK1  000C9
__pcstackCOMMON           cstackCOMMON 00070
__pdataBANK0              dataBANK0    0006F
__pidataBANK0             idataBANK0   007FF
__pintentry               intentry     00004
__pmaintext               maintext     00099
__pstringtext1            stringtext1  00800
__ptext1                  text1        00BE9
__ptext10                 text10       008C1
__ptext11                 text11       00A70
__ptext12                 text12       00572
__ptext13                 text13       008A3
__ptext2                  text2        0095B
__ptext3                  text3        0088E
__ptext4                  text4        007B7
__ptext5                  text5        00885
__ptext6                  text6        008E0
__ptext7                  text7        007DF
__ptext8                  text8        009DA
__ptext9                  text9        00DE8
__size_of_ADC_read        (abs)        00000
__size_of__Umul8_16       (abs)        00000
__size_of___fladd         (abs)        00000
__size_of___fldiv         (abs)        00000
__size_of___flge          (abs)        00000
__size_of___flmul         (abs)        00000
__size_of___flneg         (abs)        00000
__size_of___xxtofl        (abs)        00000
__size_of_eeprom_read     (abs)        00000
__size_of_eeprom_write    (abs)        00000
__size_of_fabs            (abs)        00000
__size_of_init_I2C_buffer (abs)        00000
__size_of_isr             (abs)        00000
__size_of_main            (abs)        00000
__size_of_sqrt            (abs)        00000
_adc0                     bssBANK2     00134
_adc1                     bssBANK2     00130
_eeprom_read              text3        0088E
_eeprom_write             text7        007DF
_errno                    bssBANK2     00138
_fabs                     text4        007B7
_first_i2c                dataBANK0    0006F
_iacc                     bssBANK2     0012C
_ical                     bssBANK1     000C5
_index_i2c                bssCOMMON    0007A
_init_I2C_buffer          text2        0095B
_isr                      intentry     00004
_main                     maintext     00099
_main$1249                cstackBANK1  000E6
_main$1250                cstackBANK1  000EA
_pacc                     bssBANK2     00124
_sqrt                     text1        00BE9
_vacc                     bssBANK2     00128
_vcal                     bssBANK1     000C1
btemp                     (abs)        0007E
clear_ram0                clrtext      0087F
eeprom_read@addr          cstackCOMMON 00074
eeprom_write@addr         cstackCOMMON 00074
eeprom_write@value        cstackCOMMON 00071
end_of_initialization     cinit        00095
fabs@d                    cstackBANK0  00044
int$flags                 (abs)        0007E
intlevel0                 functab      00000
intlevel1                 functab      00000
intlevel2                 functab      00000
intlevel3                 functab      00000
intlevel4                 functab      00000
intlevel5                 functab      00000
isr@junk                  bssBANK0     0006E
main@i                    cstackBANK1  000EE
reset_vec                 reset_vec    00000
sqrt@a                    cstackBANK0  0005E
sqrt@exp                  cstackBANK1  000D4
sqrt@frac                 cstackBANK1  000DA
sqrt@grs                  cstackBANK1  000D0
sqrt@i                    cstackBANK1  000CA
sqrt@p                    cstackBANK1  000CF
sqrt@root                 cstackBANK1  000D6
sqrt@sign                 cstackBANK1  000C9
sqrt@tfrac                cstackBANK1  000CB
start                     init         0007E
start_initialization      cinit        00080
wtemp0                    (abs)        0007E


FUNCTION INFORMATION:

 *************** function _main *****************
 Defined at:
		line 185 in file "main.c"
 Parameters:    Size  Location     Type
  argc            2   21[BANK1 ] int 
  argv            2   23[BANK1 ] PTR PTR unsigned char 
 Auto vars:     Size  Location     Type
  i               2   37[BANK1 ] int 
 Return value:  Size  Location     Type
                  2   21[BANK1 ] int 
 Registers used:
		wreg, fsr1l, fsr1h, status,2, status,0, pclath, cstack
 Tracked objects:
		On entry : 
		On exit  : 
		Unchanged: 
 Data sizes:     COMMON   BANK0   BANK1   BANK2
      Params:         0       0       4       0
      Locals:         0       0      10       0
      Temps:          0       0       4       0
      Totals:         0       0      18       0
Total ram usage:       18 bytes
 Hardware stack levels required when called:    3
 This function calls:
		_ADC_read
		___fladd
		___fldiv
		___flmul
		___xxtofl
		_eeprom_write
		_fabs
		_init_I2C_buffer
		_sqrt
 This function is called by:
		Startup code after reset
 This function uses a non-reentrant model


 *************** function _sqrt *****************
 Defined at:
		line 9 in file "C:\Program Files (x86)\Microchip\xc8\v2.10\pic\sources\c90\common\sprcsqrt.c"
 Parameters:    Size  Location     Type
  a               4   62[BANK0 ] int 
 Auto vars:     Size  Location     Type
  frac            4   17[BANK1 ] unsigned long 
  root            4   13[BANK1 ] struct .
  grs             4    7[BANK1 ] unsigned long 
  tfrac           4    2[BANK1 ] unsigned long 
  exp             2   11[BANK1 ] int 
  p               1    6[BANK1 ] unsigned char 
  i               1    1[BANK1 ] unsigned char 
  sign            1    0[BANK1 ] unsigned char 
 Return value:  Size  Location     Type
                  4   62[BANK0 ] unsigned char 
 Registers used:
		wreg, status,2, status,0
 Tracked objects:
		On entry : 
		On exit  : 
		Unchanged: 
 Data sizes:     COMMON   BANK0   BANK1   BANK2
      Params:         0       4       0       0
      Locals:         0       0      21       0
      Temps:          0       4       0       0
      Totals:         0       8      21       0
Total ram usage:       29 bytes
 Hardware stack levels used:    1
 Hardware stack levels required when called:    1
 This function calls:
		Nothing
 This function is called by:
		_main
 This function uses a non-reentrant model


 *************** function _init_I2C_buffer *****************
 Defined at:
		line 95 in file "main.c"
 Parameters:    Size  Location     Type
		None
 Auto vars:     Size  Location     Type
		None
 Return value:  Size  Location     Type
                  1    wreg      void 
 Registers used:
		wreg, status,2, status,0, pclath, cstack
 Tracked objects:
		On entry : 
		On exit  : 
		Unchanged: 
 Data sizes:     COMMON   BANK0   BANK1   BANK2
      Params:         0       0       0       0
      Locals:         0       0       0       0
      Temps:          1       0       0       0
      Totals:         1       0       0       0
Total ram usage:        1 bytes
 Hardware stack levels used:    1
 Hardware stack levels required when called:    2
 This function calls:
		_eeprom_read
 This function is called by:
		_main
 This function uses a non-reentrant model


 *************** function _eeprom_read *****************
 Defined at:
		line 6 in file "C:\Program Files (x86)\Microchip\xc8\v2.10\pic\sources\c90\pic\__eeread.c"
 Parameters:    Size  Location     Type
  addr            1    wreg     unsigned char 
 Auto vars:     Size  Location     Type
  addr            1    4[COMMON] unsigned char 
 Return value:  Size  Location     Type
                  1    wreg      unsigned char 
 Registers used:
		wreg, status,2, status,0
 Tracked objects:
		On entry : 
		On exit  : 
		Unchanged: 
 Data sizes:     COMMON   BANK0   BANK1   BANK2
      Params:         0       0       0       0
      Locals:         1       0       0       0
      Temps:          3       0       0       0
      Totals:         4       0       0       0
Total ram usage:        4 bytes
 Hardware stack levels used:    1
 Hardware stack levels required when called:    1
 This function calls:
		Nothing
 This function is called by:
		_init_I2C_buffer
 This function uses a non-reentrant model


 *************** function _fabs *****************
 Defined at:
		line 4 in file "C:\Program Files (x86)\Microchip\xc8\v2.10\pic\sources\c90\common\fabs.c"
 Parameters:    Size  Location     Type
  d               4   36[BANK0 ] unsigned char 
 Auto vars:     Size  Location     Type
		None
 Return value:  Size  Location     Type
                  4   36[BANK0 ] unsigned char 
 Registers used:
		wreg, status,2, status,0, pclath, cstack
 Tracked objects:
		On entry : 
		On exit  : 
		Unchanged: 
 Data sizes:     COMMON   BANK0   BANK1   BANK2
      Params:         0       4       0       0
      Locals:         0       0       0       0
      Temps:          0       0       0       0
      Totals:         0       4       0       0
Total ram usage:        4 bytes
 Hardware stack levels used:    1
 Hardware stack levels required when called:    2
 This function calls:
		___flge
		___flneg
 This function is called by:
		_main
 This function uses a non-reentrant model


 *************** function ___flneg *****************
 Defined at:
		line 15 in file "C:\Program Files (x86)\Microchip\xc8\v2.10\pic\sources\c90\common\flneg.c"
 Parameters:    Size  Location     Type
  f1              4    1[COMMON] unsigned char 
 Auto vars:     Size  Location     Type
		None
 Return value:  Size  Location     Type
                  4    1[COMMON] unsigned char 
 Registers used:
		wreg
 Tracked objects:
		On entry : 
		On exit  : 
		Unchanged: 
 Data sizes:     COMMON   BANK0   BANK1   BANK2
      Params:         4       0       0       0
      Locals:         0       0       0       0
      Temps:          0       0       0       0
      Totals:         4       0       0       0
Total ram usage:        4 bytes
 Hardware stack levels used:    1
 Hardware stack levels required when called:    1
 This function calls:
		Nothing
 This function is called by:
		_fabs
 This function uses a non-reentrant model


 *************** function ___flge *****************
 Defined at:
		line 4 in file "C:\Program Files (x86)\Microchip\xc8\v2.10\pic\sources\c90\common\flge.c"
 Parameters:    Size  Location     Type
  ff1             4    1[COMMON] unsigned char 
  ff2             4    5[COMMON] unsigned char 
 Auto vars:     Size  Location     Type
		None
 Return value:  Size  Location     Type
		None               void
 Registers used:
		wreg, status,2, status,0
 Tracked objects:
		On entry : 
		On exit  : 
		Unchanged: 
 Data sizes:     COMMON   BANK0   BANK1   BANK2
      Params:         8       0       0       0
      Locals:         0       0       0       0
      Temps:          0       4       0       0
      Totals:         8       4       0       0
Total ram usage:       12 bytes
 Hardware stack levels used:    1
 Hardware stack levels required when called:    1
 This function calls:
		Nothing
 This function is called by:
		_fabs
 This function uses a non-reentrant model


 *************** function _eeprom_write *****************
 Defined at:
		line 6 in file "C:\Program Files (x86)\Microchip\xc8\v2.10\pic\sources\c90\pic\__eewrite.c"
 Parameters:    Size  Location     Type
  addr            1    wreg     unsigned char 
  value           1    1[COMMON] unsigned char 
 Auto vars:     Size  Location     Type
  addr            1    4[COMMON] unsigned char 
 Return value:  Size  Location     Type
                  1    wreg      void 
 Registers used:
		wreg, status,2, status,0
 Tracked objects:
		On entry : 
		On exit  : 
		Unchanged: 
 Data sizes:     COMMON   BANK0   BANK1   BANK2
      Params:         1       0       0       0
      Locals:         1       0       0       0
      Temps:          2       0       0       0
      Totals:         4       0       0       0
Total ram usage:        4 bytes
 Hardware stack levels used:    1
 Hardware stack levels required when called:    1
 This function calls:
		Nothing
 This function is called by:
		_main
 This function uses a non-reentrant model


 *************** function ___xxtofl *****************
 Defined at:
		line 10 in file "C:\Program Files (x86)\Microchip\xc8\v2.10\pic\sources\c90\common\xxtofl.c"
 Parameters:    Size  Location     Type
  sign            1    wreg     unsigned char 
  val             4    5[COMMON] long 
 Auto vars:     Size  Location     Type
  sign            1    4[BANK0 ] unsigned char 
  arg             4    6[BANK0 ] unsigned long 
  exp             1    5[BANK0 ] unsigned char 
 Return value:  Size  Location     Type
                  4    5[COMMON] unsigned char 
 Registers used:
		wreg, status,2, status,0
 Tracked objects:
		On entry : 
		On exit  : 
		Unchanged: 
 Data sizes:     COMMON   BANK0   BANK1   BANK2
      Params:         4       0       0       0
      Locals:         0       6       0       0
      Temps:          0       4       0       0
      Totals:         4      10       0       0
Total ram usage:       14 bytes
 Hardware stack levels used:    1
 Hardware stack levels required when called:    1
 This function calls:
		Nothing
 This function is called by:
		_main
 This function uses a non-reentrant model


 *************** function ___flmul *****************
 Defined at:
		line 8 in file "C:\Program Files (x86)\Microchip\xc8\v2.10\pic\sources\c90\common\sprcmul.c"
 Parameters:    Size  Location     Type
  b               4   10[BANK0 ] unsigned char 
  a               4   14[BANK0 ] unsigned char 
 Auto vars:     Size  Location     Type
  prod            4   30[BANK0 ] struct .
  grs             4   25[BANK0 ] unsigned long 
  temp            2   34[BANK0 ] struct .
  bexp            1   29[BANK0 ] unsigned char 
  aexp            1   24[BANK0 ] unsigned char 
  sign            1   23[BANK0 ] unsigned char 
 Return value:  Size  Location     Type
                  4   10[BANK0 ] unsigned char 
 Registers used:
		wreg, status,2, status,0, pclath, cstack
 Tracked objects:
		On entry : 
		On exit  : 
		Unchanged: 
 Data sizes:     COMMON   BANK0   BANK1   BANK2
      Params:         0       8       0       0
      Locals:         0      13       0       0
      Temps:          0       5       0       0
      Totals:         0      26       0       0
Total ram usage:       26 bytes
 Hardware stack levels used:    1
 Hardware stack levels required when called:    2
 This function calls:
		__Umul8_16
 This function is called by:
		_main
 This function uses a non-reentrant model


 *************** function __Umul8_16 *****************
 Defined at:
		line 4 in file "C:\Program Files (x86)\Microchip\xc8\v2.10\pic\sources\c90\common\Umul8_16.c"
 Parameters:    Size  Location     Type
  multiplier      1    wreg     unsigned char 
  multiplicand    1    1[COMMON] unsigned char 
 Auto vars:     Size  Location     Type
  multiplier      1    9[COMMON] unsigned char 
  word_mpld       2    7[COMMON] unsigned int 
  product         2    5[COMMON] unsigned int 
 Return value:  Size  Location     Type
                  2    1[COMMON] unsigned int 
 Registers used:
		wreg, status,2, status,0
 Tracked objects:
		On entry : 
		On exit  : 
		Unchanged: 
 Data sizes:     COMMON   BANK0   BANK1   BANK2
      Params:         2       0       0       0
      Locals:         5       0       0       0
      Temps:          2       0       0       0
      Totals:         9       0       0       0
Total ram usage:        9 bytes
 Hardware stack levels used:    1
 Hardware stack levels required when called:    1
 This function calls:
		Nothing
 This function is called by:
		___flmul
 This function uses a non-reentrant model


 *************** function ___fldiv *****************
 Defined at:
		line 8 in file "C:\Program Files (x86)\Microchip\xc8\v2.10\pic\sources\c90\common\sprcdiv.c"
 Parameters:    Size  Location     Type
  a               4   36[BANK0 ] unsigned int 
  b               4   40[BANK0 ] unsigned int 
 Auto vars:     Size  Location     Type
  grs             4   56[BANK0 ] unsigned long 
  rem             4   49[BANK0 ] unsigned long 
  new_exp         2   54[BANK0 ] int 
  aexp            1   61[BANK0 ] unsigned char 
  bexp            1   60[BANK0 ] unsigned char 
  sign            1   53[BANK0 ] unsigned char 
 Return value:  Size  Location     Type
                  4   36[BANK0 ] unsigned char 
 Registers used:
		wreg, status,2, status,0
 Tracked objects:
		On entry : 
		On exit  : 
		Unchanged: 
 Data sizes:     COMMON   BANK0   BANK1   BANK2
      Params:         0       8       0       0
      Locals:         0      13       0       0
      Temps:          0       5       0       0
      Totals:         0      26       0       0
Total ram usage:       26 bytes
 Hardware stack levels used:    1
 Hardware stack levels required when called:    1
 This function calls:
		Nothing
 This function is called by:
		_main
 This function uses a non-reentrant model


 *************** function ___fladd *****************
 Defined at:
		line 10 in file "C:\Program Files (x86)\Microchip\xc8\v2.10\pic\sources\c90\common\sprcadd.c"
 Parameters:    Size  Location     Type
  b               4   62[BANK0 ] unsigned char 
  a               4   66[BANK0 ] unsigned char 
 Auto vars:     Size  Location     Type
  grs             1    3[BANK1 ] unsigned char 
  bexp            1    2[BANK1 ] unsigned char 
  aexp            1    1[BANK1 ] unsigned char 
  signs           1    0[BANK1 ] unsigned char 
 Return value:  Size  Location     Type
                  4   62[BANK0 ] unsigned char 
 Registers used:
		wreg, status,2, status,0
 Tracked objects:
		On entry : 
		On exit  : 
		Unchanged: 
 Data sizes:     COMMON   BANK0   BANK1   BANK2
      Params:         0       8       0       0
      Locals:         0       0       4       0
      Temps:          0       8       0       0
      Totals:         0      16       4       0
Total ram usage:       20 bytes
 Hardware stack levels used:    1
 Hardware stack levels required when called:    1
 This function calls:
		Nothing
 This function is called by:
		_main
 This function uses a non-reentrant model


 *************** function _ADC_read *****************
 Defined at:
		line 85 in file "main.c"
 Parameters:    Size  Location     Type
  channel         1    wreg     unsigned char 
 Auto vars:     Size  Location     Type
  channel         1    4[COMMON] unsigned char 
 Return value:  Size  Location     Type
                  2    1[COMMON] unsigned int 
 Registers used:
		wreg, status,2, status,0
 Tracked objects:
		On entry : 
		On exit  : 
		Unchanged: 
 Data sizes:     COMMON   BANK0   BANK1   BANK2
      Params:         2       0       0       0
      Locals:         1       0       0       0
      Temps:          1       0       0       0
      Totals:         4       0       0       0
Total ram usage:        4 bytes
 Hardware stack levels used:    1
 Hardware stack levels required when called:    1
 This function calls:
		Nothing
 This function is called by:
		_main
 This function uses a non-reentrant model


 *************** function _isr *****************
 Defined at:
		line 119 in file "main.c"
 Parameters:    Size  Location     Type
		None
 Auto vars:     Size  Location     Type
		None
 Return value:  Size  Location     Type
                  1    wreg      void 
 Registers used:
		wreg, fsr1l, fsr1h, status,2, status,0
 Tracked objects:
		On entry : 
		On exit  : 
		Unchanged: 
 Data sizes:     COMMON   BANK0   BANK1   BANK2
      Params:         0       0       0       0
      Locals:         0       0       0       0
      Temps:          1       0       0       0
      Totals:         1       0       0       0
Total ram usage:        1 bytes
 Hardware stack levels used:    1
 This function calls:
		Nothing
 This function is called by:
		Interrupt level 1
 This function uses a non-reentrant model



MODULE INFORMATION

Module		Function		Class		Link	Load	Size
C:\Program Files (x86)\Microchip\xc8\v2.10\pic\sources\c90\pic\__eeread.c
		_eeprom_read   		CODE           	088E	0000	22

C:\Program Files (x86)\Microchip\xc8\v2.10\pic\sources\c90\pic\__eeread.c estimated size: 22

C:\Program Files (x86)\Microchip\xc8\v2.10\pic\sources\c90\common\sprcmul.c
		___flmul       		CODE           	0DE8	0000	537

C:\Program Files (x86)\Microchip\xc8\v2.10\pic\sources\c90\common\sprcmul.c estimated size: 537

C:\Program Files (x86)\Microchip\xc8\v2.10\pic\sources\c90\common\Umul8_16.c
		__Umul8_16     		CODE           	08C1	0000	32

C:\Program Files (x86)\Microchip\xc8\v2.10\pic\sources\c90\common\Umul8_16.c estimated size: 32

C:\Program Files (x86)\Microchip\xc8\v2.10\pic\sources\c90\common\sprcsqrt.c
		_sqrt          		CODE           	0BE9	0000	512

C:\Program Files (x86)\Microchip\xc8\v2.10\pic\sources\c90\common\sprcsqrt.c estimated size: 512

C:\Program Files (x86)\Microchip\xc8\v2.10\pic\sources\c90\common\sprcdiv.c
		___fldiv       		CODE           	0A70	0000	378

C:\Program Files (x86)\Microchip\xc8\v2.10\pic\sources\c90\common\sprcdiv.c estimated size: 378

C:\Program Files (x86)\Microchip\xc8\v2.10\pic\sources\c90\pic\__eewrite.c
		_eeprom_write  		CODE           	07DF	0000	33

C:\Program Files (x86)\Microchip\xc8\v2.10\pic\sources\c90\pic\__eewrite.c estimated size: 33

C:\Program Files (x86)\Microchip\xc8\v2.10\pic\sources\c90\common\flneg.c
		___flneg       		CODE           	0885	0000	10

C:\Program Files (x86)\Microchip\xc8\v2.10\pic\sources\c90\common\flneg.c estimated size: 10

C:\Program Files (x86)\Microchip\xc8\v2.10\pic\sources\c90\common\flge.c
		___flge        		CODE           	08E0	0000	124

C:\Program Files (x86)\Microchip\xc8\v2.10\pic\sources\c90\common\flge.c estimated size: 124

C:\Program Files (x86)\Microchip\xc8\v2.10\pic\sources\c90\common\xxtofl.c
		___xxtofl      		CODE           	09DA	0000	151

C:\Program Files (x86)\Microchip\xc8\v2.10\pic\sources\c90\common\xxtofl.c estimated size: 151

shared
		_RX_ELMNTS     		STRCODE        	0000	0000	0
		__initialization		CODE           	0080	0000	22

shared estimated size: 22

C:\Program Files (x86)\Microchip\xc8\v2.10\pic\sources\c90\common\fabs.c
		_fabs          		CODE           	07B7	0000	41

C:\Program Files (x86)\Microchip\xc8\v2.10\pic\sources\c90\common\fabs.c estimated size: 41

C:\Program Files (x86)\Microchip\xc8\v2.10\pic\sources\c90\common\sprcadd.c
		___fladd       		CODE           	0572	0000	582

C:\Program Files (x86)\Microchip\xc8\v2.10\pic\sources\c90\common\sprcadd.c estimated size: 582

main.c
		_main          		CODE           	0099	0000	1242
		_ADC_read      		CODE           	08A3	0000	31
		_init_I2C_buffer		CODE           	095B	0000	128
		_isr           		CODE           	0004	0000	123

main.c estimated size: 1524

