Microchip MPLAB XC8 Compiler V2.10 ()

Linker command line:

-W-3 --edf=C:\Program Files (x86)\Microchip\xc8\v2.10\pic\dat\en_msgs.txt \
  -cs -h+dist/default/production\firmware.production.sym \
  --cmf=dist/default/production\firmware.production.cmf -z -Q12F1840 \
  -oC:\Users\Agualu2\AppData\Local\Temp\s3m8.2 --defsym=__MPLAB_BUILD=1 \
  -Mdist/default/production/firmware.production.map -E1 -ver=XC8 \
  --acfsm=1493 -ASTACK=020D7h-020EFh -pstack=STACK -ACODE=00h-07FFhx2 \
  -ASTRCODE=00h-0FFFh -ASTRING=00h-0FFhx16 -ACONST=00h-0FFhx16 \
  -AENTRY=00h-0FFhx16 -ACOMMON=070h-07Fh -ABANK0=020h-06Fh \
  -ABANK1=0A0h-0EFh -ABANK2=0120h-016Fh -ABIGRAM=02000h-020EFh \
  -ARAM=020h-06Fh,0A0h-0EFh,0120h-016Fh \
  -AABS1=020h-07Fh,0A0h-0EFh,0120h-016Fh -ASFR0=00h-01Fh -ASFR1=080h-09Fh \
  -ASFR2=0100h-011Fh -ASFR3=0180h-01EFh -ASFR4=0200h-026Fh \
  -ASFR5=0280h-02EFh -ASFR6=0300h-036Fh -ASFR7=0380h-03EFh \
  -ASFR8=0400h-046Fh -ASFR9=0480h-04EFh -ASFR10=0500h-056Fh \
  -ASFR11=0580h-05EFh -ASFR12=0600h-066Fh -ASFR13=0680h-06EFh \
  -ASFR14=0700h-076Fh -ASFR15=0780h-07EFh -ASFR16=0800h-086Fh \
  -ASFR17=0880h-08EFh -ASFR18=0900h-096Fh -ASFR19=0980h-09EFh \
  -ASFR20=0A00h-0A6Fh -ASFR21=0A80h-0AEFh -ASFR22=0B00h-0B6Fh \
  -ASFR23=0B80h-0BEFh -ASFR24=0C00h-0C6Fh -ASFR25=0C80h-0CEFh \
  -ASFR26=0D00h-0D6Fh -ASFR27=0D80h-0DEFh -ASFR28=0E00h-0E6Fh \
  -ASFR29=0E80h-0EEFh -ASFR30=0F00h-0F6Fh -ASFR31=0F80h-0FEFh \
  -preset_vec=00h,intentry=04h,init,end_init -ppowerup=CODE -pcinit=CODE \
  -pfunctab=ENTRY -ACONFIG=08007h-08008h -pconfig=CONFIG -DCONFIG=2 \
  -AIDLOC=08000h-08003h -pidloc=IDLOC -DIDLOC=2 -AEEDATA=00h-0FFh/0F000h \
  -peeprom_data=EEDATA -DEEDATA=2 -DCODE=2 -DSTRCODE=2 -DSTRING=2 -DCONST=2 \
  -DENTRY=2 -k C:\Users\Agualu2\AppData\Local\Temp\s3m8.o \
  dist/default/production\firmware.production.o 

Object code version is 3.11

Machine type is 12F1840



                Name                               Link     Load   Length Selector   Space Scale
C:\Users\Agualu2\AppData\Local\Temp\s3m8.o
                end_init                             6E       6E        2        8       0
                reset_vec                             0        0        2        0       0
                config                             8007     8007        2    1000E       0
dist/default/production\firmware.production.o
                cinit                               835      835      7CB     106A       0
                intentry                              4        4       6A        8       0
                eeprom_data                           0     F000       10    1E000       3
                text18                              52E      52E      10A        8       0
                text13                              3B8      3B8      176        8       0
                text3                                70       70      348        8       0
                text1                               638      638       F1        8       0
                cstackBANK0                          20       20       4F       20       1
                cstackCOMMON                         70       70        E       70       1
                cstackBANK1                          A0       A0       4E       A0       1
                cstackBANK2                         149      149        E      120       1
                clrtext                             775      775        6      EEA       0
                bssBANK2                            120      120       29      120       1
                dataBANK1                            EE       EE        1       A0       1
                bssBANK0                             6F       6F        1       20       1
                stringtext2                         751      751       24      E52       0
                stringtext1                         729      729       28      E52       0

TOTAL           Name                               Link     Load   Length     Space
        CLASS   STACK          

        CLASS   CODE           
                end_init                             6E       6E        2         0
                cinit                               835      835      7CB         0
                intentry                              4        4       6A         0
                reset_vec                             0        0        2         0
                text18                              52E      52E      10A         0
                text13                              3B8      3B8      176         0
                text3                                70       70      348         0
                text1                               638      638       F1         0
                clrtext                             775      775        6         0

        CLASS   STRCODE        
                stringtext2                         751      751       24         0
                stringtext1                         729      729       28         0

        CLASS   STRING         

        CLASS   CONST          

        CLASS   ENTRY          

        CLASS   COMMON         
                cstackCOMMON                         70       70        E         1

        CLASS   BANK0          
                cstackBANK0                          20       20       4F         1
                bssBANK0                             6F       6F        1         1

        CLASS   BANK1          
                cstackBANK1                          A0       A0       4E         1
                dataBANK1                            EE       EE        1         1

        CLASS   BANK2          
                cstackBANK2                         149      149        E         1
                bssBANK2                            120      120       29         1

        CLASS   BIGRAM         

        CLASS   RAM            

        CLASS   ABS1           
                abs_s1                               7E       7E        2         1

        CLASS   SFR0           

        CLASS   SFR1           

        CLASS   SFR2           

        CLASS   SFR3           

        CLASS   SFR4           

        CLASS   SFR5           

        CLASS   SFR6           

        CLASS   SFR7           

        CLASS   SFR8           

        CLASS   SFR9           

        CLASS   SFR10          

        CLASS   SFR11          

        CLASS   SFR12          

        CLASS   SFR13          

        CLASS   SFR14          

        CLASS   SFR15          

        CLASS   SFR16          

        CLASS   SFR17          

        CLASS   SFR18          

        CLASS   SFR19          

        CLASS   SFR20          

        CLASS   SFR21          

        CLASS   SFR22          

        CLASS   SFR23          

        CLASS   SFR24          

        CLASS   SFR25          

        CLASS   SFR26          

        CLASS   SFR27          

        CLASS   SFR28          

        CLASS   SFR29          

        CLASS   SFR30          

        CLASS   SFR31          

        CLASS   CONFIG         
                config                             8007     8007        2         0

        CLASS   IDLOC          

        CLASS   EEDATA         
                eeprom_data                           0     F000       10         3

        CLASS   BANK31         

        CLASS   BANK30         

        CLASS   BANK29         

        CLASS   BANK28         

        CLASS   BANK27         

        CLASS   BANK26         

        CLASS   BANK25         

        CLASS   BANK24         

        CLASS   BANK23         

        CLASS   BANK22         

        CLASS   BANK21         

        CLASS   BANK20         

        CLASS   BANK19         

        CLASS   BANK18         

        CLASS   BANK17         

        CLASS   BANK16         

        CLASS   BANK15         

        CLASS   BANK14         

        CLASS   BANK13         

        CLASS   BANK12         

        CLASS   BANK11         

        CLASS   BANK10         

        CLASS   BANK9          

        CLASS   BANK8          

        CLASS   BANK7          

        CLASS   BANK6          

        CLASS   BANK5          

        CLASS   BANK4          

        CLASS   BANK3          



SEGMENTS        Name                           Load    Length   Top    Selector   Space  Class     Delta

                reset_vec                      000000  000002  000002         0       0  CODE        2
                intentry                       000004  000725  000729         8       0  CODE        2
                cstackBANK0                    000020  000050  000070        20       1  BANK0       1
                cstackCOMMON                   000070  00000E  00007E        70       1  COMMON      1
                cstackBANK1                    0000A0  00004F  0000EF        A0       1  BANK1       1
                bssBANK2                       000120  000037  000157       120       1  BANK2       1
                stringtext1                    000729  00004C  000775       E52       0  STRCODE     2
                clrtext                        000775  000006  00077B       EEA       0  CODE        2
                cinit                          000835  0007CB  001000      106A       0  CODE        2
                config                         008007  000002  008009     1000E       0  CONFIG      2
                eeprom_data                    00F000  000010  00F010     1E000       3  EEDATA      2


UNUSED ADDRESS RANGES

        Name                Unused          Largest block    Delta
        BANK1            000EF-000EF               1           1
        BANK2            00157-0016F              19           1
        BIGRAM           02000-020EF              F0           1
        CODE             00002-00003               2           2
                         0077B-00834              85
        CONST            00002-00003               2           2
                         0077B-00834              85
        EEDATA           0F010-0F0FF              F0           2
        ENTRY            00002-00003               2           2
                         0077B-00834              85
        IDLOC            08000-08003               4           2
        RAM              000EF-000EF               1           1
                         00157-0016F              19
        SFR0             00000-0001F              20           1
        SFR1             00080-0009F              20           1
        SFR10            00500-0056F              70           1
        SFR11            00580-005EF              70           1
        SFR12            00600-0066F              70           1
        SFR13            00680-006EF              70           1
        SFR14            00700-0076F              70           1
        SFR15            00780-007EF              70           1
        SFR16            00800-0086F              70           1
        SFR17            00880-008EF              70           1
        SFR18            00900-0096F              70           1
        SFR19            00980-009EF              70           1
        SFR2             00100-0011F              20           1
        SFR20            00A00-00A6F              70           1
        SFR21            00A80-00AEF              70           1
        SFR22            00B00-00B6F              70           1
        SFR23            00B80-00BEF              70           1
        SFR24            00C00-00C6F              70           1
        SFR25            00C80-00CEF              70           1
        SFR26            00D00-00D6F              70           1
        SFR27            00D80-00DEF              70           1
        SFR28            00E00-00E6F              70           1
        SFR29            00E80-00EEF              70           1
        SFR3             00180-001EF              70           1
        SFR30            00F00-00F6F              70           1
        SFR31            00F80-00FEF              70           1
        SFR4             00200-0026F              70           1
        SFR5             00280-002EF              70           1
        SFR6             00300-0036F              70           1
        SFR7             00380-003EF              70           1
        SFR8             00400-0046F              70           1
        SFR9             00480-004EF              70           1
        STACK            020D7-020EF              19           1
        STRCODE          00002-00003               2           2
                         0077B-00834              BA
        STRING           00002-00003               2           2
                         0077B-00834              85

                                  Symbol Table

?_ADC_read                cstackCOMMON 00070
?__Umul8_16               cstackCOMMON 00070
?___fladd                 cstackBANK1  000A0
?___fldiv                 cstackBANK0  00056
?___flmul                 cstackBANK0  0003D
?___flneg                 cstackCOMMON 00070
?___flsub                 cstackBANK1  000B4
?___fltol                 cstackCOMMON 00070
?___xxtofl                cstackCOMMON 0007A
?_eval_poly               cstackBANK1  000B4
?_exp                     cstackBANK1  000CE
?_floor                   cstackBANK1  000B4
?_frexp                   cstackBANK0  00036
?_ldexp                   cstackBANK1  000C6
?_log                     cstackBANK1  000C6
?_pow                     cstackBANK1  000D9
?_sqrt                    cstackBANK1  000A0
ADC_read@channel          cstackCOMMON 00073
PL10                      text3        0036F
PL12                      cinit        00EA5
PL14                      text13       004E9
PL16                      cinit        00EAC
PL18                      cinit        00EBC
PL2                       cinit        00E30
PL20                      cinit        00ECC
PL22                      cinit        00EDC
PL24                      cinit        00EEC
PL26                      text13       004F4
PL28                      cinit        00EFC
PL30                      text1        00717
PL32                      text13       00504
PL34                      cinit        00F06
PL36                      cinit        00F0D
PL38                      text13       00511
PL4                       cinit        00E5F
PL40                      text3        00387
PL42                      text3        0038D
PL44                      cinit        00F1A
PL46                      cinit        00F23
PL48                      cinit        00F2B
PL50                      text1        00720
PL52                      text3        00395
PL54                      cinit        00F34
PL56                      text3        0039D
PL58                      text18       0062C
PL6                       cinit        00E85
PL60                      cinit        00F39
PL62                      text3        003A4
PL64                      cinit        00F3E
PL66                      cinit        00F44
PL68                      text3        003A9
PL70                      text13       0051E
PL72                      cinit        00FF6
PL74                      cinit        00FFB
PL76                      text18       00632
PL78                      text3        003AE
PL8                       text3        0035F
PL80                      text13       00524
PL82                      text13       00529
PL84                      text3        003B3
PL86                      cinit        00F49
_ADCON0                   (abs)        0009D
_ADCON0bits               (abs)        0009D
_ADCON1                   (abs)        0009E
_ADC_read                 cinit        00A82
_ADRESH                   (abs)        0009C
_ADRESL                   (abs)        0009B
_ANSELA                   (abs)        0018C
_EEADR                    (abs)        00191
_EECON1                   (abs)        00195
_EECON1bits               (abs)        00195
_EECON2                   (abs)        00196
_EEDATA                   (abs)        00193
_I2C_buffer               bssBANK2     00120
_INTCON                   (abs)        0000B
_INTCONbits               (abs)        0000B
_LATAbits                 (abs)        0010C
_OPTION_REGbits           (abs)        00095
_OSCCON                   (abs)        00099
_PIE1bits                 (abs)        00091
_PIE2bits                 (abs)        00092
_PIR1bits                 (abs)        00011
_PIR2bits                 (abs)        00012
_SSP1ADD                  (abs)        00212
_SSP1BUF                  (abs)        00211
_SSP1CON1                 (abs)        00215
_SSP1CON1bits             (abs)        00215
_SSP1CON2bits             (abs)        00216
_SSP1CON3bits             (abs)        00217
_SSP1STAT                 (abs)        00214
_SSP1STATbits             (abs)        00214
_STATUSbits               (abs)        00003
_TRISA                    (abs)        0008C
_WPUA                     (abs)        0020C
__Babs1                   abs1         1E020
__Bbank0                  bank0        1E020
__Bbank1                  bank1        1E020
__Bbank10                 bank10       1E020
__Bbank11                 bank11       1E020
__Bbank12                 bank12       1E020
__Bbank13                 bank13       1E020
__Bbank14                 bank14       1E020
__Bbank15                 bank15       1E020
__Bbank16                 bank16       1E020
__Bbank17                 bank17       1E020
__Bbank18                 bank18       1E020
__Bbank19                 bank19       1E020
__Bbank2                  bank2        1E020
__Bbank20                 bank20       1E020
__Bbank21                 bank21       1E020
__Bbank22                 bank22       1E020
__Bbank23                 bank23       1E020
__Bbank24                 bank24       1E020
__Bbank25                 bank25       1E020
__Bbank26                 bank26       1E020
__Bbank27                 bank27       1E020
__Bbank28                 bank28       1E020
__Bbank29                 bank29       1E020
__Bbank3                  bank3        1E020
__Bbank30                 bank30       1E020
__Bbank31                 bank31       1E020
__Bbank4                  bank4        1E020
__Bbank5                  bank5        1E020
__Bbank6                  bank6        1E020
__Bbank7                  bank7        1E020
__Bbank8                  bank8        1E020
__Bbank9                  bank9        1E020
__Bbigram                 bigram       1E020
__BbssBANK0               bssBANK0     1E020
__BbssBANK2               bssBANK2     1E020
__Bclrtext                clrtext      1E020
__Bcode                   code         1E020
__Bcommon                 common       1E020
__BcstackBANK0            cstackBANK0  1E020
__BcstackBANK1            cstackBANK1  1E020
__BcstackBANK2            cstackBANK2  1E020
__BcstackCOMMON           cstackCOMMON 1E020
__BdataBANK1              dataBANK1    1E020
__Beeprom_data            eeprom_data  0F000
__BidataBANK1             idataBANK1   1E020
__Bmaintext               maintext     1E020
__Bpa_nodes0              pa_nodes0    1E020
__Bram                    ram          1E020
__Bsfr0                   sfr0         1E020
__Bsfr1                   sfr1         1E020
__Bsfr10                  sfr10        1E020
__Bsfr11                  sfr11        1E020
__Bsfr12                  sfr12        1E020
__Bsfr13                  sfr13        1E020
__Bsfr14                  sfr14        1E020
__Bsfr15                  sfr15        1E020
__Bsfr16                  sfr16        1E020
__Bsfr17                  sfr17        1E020
__Bsfr18                  sfr18        1E020
__Bsfr19                  sfr19        1E020
__Bsfr2                   sfr2         1E020
__Bsfr20                  sfr20        1E020
__Bsfr21                  sfr21        1E020
__Bsfr22                  sfr22        1E020
__Bsfr23                  sfr23        1E020
__Bsfr24                  sfr24        1E020
__Bsfr25                  sfr25        1E020
__Bsfr26                  sfr26        1E020
__Bsfr27                  sfr27        1E020
__Bsfr28                  sfr28        1E020
__Bsfr29                  sfr29        1E020
__Bsfr3                   sfr3         1E020
__Bsfr30                  sfr30        1E020
__Bsfr31                  sfr31        1E020
__Bsfr4                   sfr4         1E020
__Bsfr5                   sfr5         1E020
__Bsfr6                   sfr6         1E020
__Bsfr7                   sfr7         1E020
__Bsfr8                   sfr8         1E020
__Bsfr9                   sfr9         1E020
__Bstrings                strings      1E020
__Bstringtext1            stringtext1  1E020
__Bstringtext2            stringtext2  1E020
__Btext                   text         1E020
__CFG_BOREN$ON            (abs)        00000
__CFG_BORV$LO             (abs)        00000
__CFG_CLKOUTEN$OFF        (abs)        00000
__CFG_CP$OFF              (abs)        00000
__CFG_CPD$OFF             (abs)        00000
__CFG_FCMEN$OFF           (abs)        00000
__CFG_FOSC$INTOSC         (abs)        00000
__CFG_IESO$OFF            (abs)        00000
__CFG_LVP$OFF             (abs)        00000
__CFG_MCLRE$ON            (abs)        00000
__CFG_PLLEN$ON            (abs)        00000
__CFG_PWRTE$ON            (abs)        00000
__CFG_STVREN$ON           (abs)        00000
__CFG_WDTE$ON             (abs)        00000
__CFG_WRT$OFF             (abs)        00000
__Habs1                   abs1         00020
__Hbank0                  bank0        00020
__Hbank1                  bank1        00020
__Hbank10                 bank10       00020
__Hbank11                 bank11       00020
__Hbank12                 bank12       00020
__Hbank13                 bank13       00020
__Hbank14                 bank14       00020
__Hbank15                 bank15       00020
__Hbank16                 bank16       00020
__Hbank17                 bank17       00020
__Hbank18                 bank18       00020
__Hbank19                 bank19       00020
__Hbank2                  bank2        00020
__Hbank20                 bank20       00020
__Hbank21                 bank21       00020
__Hbank22                 bank22       00020
__Hbank23                 bank23       00020
__Hbank24                 bank24       00020
__Hbank25                 bank25       00020
__Hbank26                 bank26       00020
__Hbank27                 bank27       00020
__Hbank28                 bank28       00020
__Hbank29                 bank29       00020
__Hbank3                  bank3        00020
__Hbank30                 bank30       00020
__Hbank31                 bank31       00020
__Hbank4                  bank4        00020
__Hbank5                  bank5        00020
__Hbank6                  bank6        00020
__Hbank7                  bank7        00020
__Hbank8                  bank8        00020
__Hbank9                  bank9        00020
__Hbigram                 bigram       00020
__HbssBANK0               bssBANK0     00020
__HbssBANK2               bssBANK2     00020
__Hcinit                  cinit        01000
__Hclrtext                clrtext      00020
__Hcode                   code         00020
__Hcommon                 common       00020
__Hconfig                 config       08009
__HcstackBANK0            cstackBANK0  00020
__HcstackBANK1            cstackBANK1  00020
__HcstackBANK2            cstackBANK2  00020
__HcstackCOMMON           cstackCOMMON 00020
__HdataBANK1              dataBANK1    00020
__Heeprom_data            eeprom_data  00010
__Hend_init               end_init     00070
__Hfunctab                functab      00000
__HidataBANK1             idataBANK1   00020
__Hidloc                  idloc        00000
__Hinit                   init         0006E
__Hintentry               intentry     0006E
__Hmaintext               maintext     00020
__Hpa_nodes0              pa_nodes0    00020
__Hpowerup                powerup      00000
__Hram                    ram          00020
__Hreset_vec              reset_vec    00002
__Hsfr0                   sfr0         00020
__Hsfr1                   sfr1         00020
__Hsfr10                  sfr10        00020
__Hsfr11                  sfr11        00020
__Hsfr12                  sfr12        00020
__Hsfr13                  sfr13        00020
__Hsfr14                  sfr14        00020
__Hsfr15                  sfr15        00020
__Hsfr16                  sfr16        00020
__Hsfr17                  sfr17        00020
__Hsfr18                  sfr18        00020
__Hsfr19                  sfr19        00020
__Hsfr2                   sfr2         00020
__Hsfr20                  sfr20        00020
__Hsfr21                  sfr21        00020
__Hsfr22                  sfr22        00020
__Hsfr23                  sfr23        00020
__Hsfr24                  sfr24        00020
__Hsfr25                  sfr25        00020
__Hsfr26                  sfr26        00020
__Hsfr27                  sfr27        00020
__Hsfr28                  sfr28        00020
__Hsfr29                  sfr29        00020
__Hsfr3                   sfr3         00020
__Hsfr30                  sfr30        00020
__Hsfr31                  sfr31        00020
__Hsfr4                   sfr4         00020
__Hsfr5                   sfr5         00020
__Hsfr6                   sfr6         00020
__Hsfr7                   sfr7         00020
__Hsfr8                   sfr8         00020
__Hsfr9                   sfr9         00020
__Hspace_0                (abs)        08009
__Hspace_1                (abs)        00157
__Hspace_2                (abs)        00000
__Hspace_3                (abs)        00010
__Hstack                  stack        00000
__Hstrings                strings      00020
__Hstringtext1            stringtext1  00020
__Hstringtext2            stringtext2  00020
__Htext                   text         00020
__Labs1                   abs1         00020
__Lbank0                  bank0        00020
__Lbank1                  bank1        00020
__Lbank10                 bank10       00020
__Lbank11                 bank11       00020
__Lbank12                 bank12       00020
__Lbank13                 bank13       00020
__Lbank14                 bank14       00020
__Lbank15                 bank15       00020
__Lbank16                 bank16       00020
__Lbank17                 bank17       00020
__Lbank18                 bank18       00020
__Lbank19                 bank19       00020
__Lbank2                  bank2        00020
__Lbank20                 bank20       00020
__Lbank21                 bank21       00020
__Lbank22                 bank22       00020
__Lbank23                 bank23       00020
__Lbank24                 bank24       00020
__Lbank25                 bank25       00020
__Lbank26                 bank26       00020
__Lbank27                 bank27       00020
__Lbank28                 bank28       00020
__Lbank29                 bank29       00020
__Lbank3                  bank3        00020
__Lbank30                 bank30       00020
__Lbank31                 bank31       00020
__Lbank4                  bank4        00020
__Lbank5                  bank5        00020
__Lbank6                  bank6        00020
__Lbank7                  bank7        00020
__Lbank8                  bank8        00020
__Lbank9                  bank9        00020
__Lbigram                 bigram       00020
__LbssBANK0               bssBANK0     00020
__LbssBANK2               bssBANK2     00020
__Lcinit                  cinit        00835
__Lclrtext                clrtext      00020
__Lcode                   code         00020
__Lcommon                 common       00020
__Lconfig                 config       08007
__LcstackBANK0            cstackBANK0  00020
__LcstackBANK1            cstackBANK1  00020
__LcstackBANK2            cstackBANK2  00020
__LcstackCOMMON           cstackCOMMON 00020
__LdataBANK1              dataBANK1    00020
__Leeprom_data            eeprom_data  00000
__Lend_init               end_init     0006E
__Lfunctab                functab      00000
__LidataBANK1             idataBANK1   00020
__Lidloc                  idloc        00000
__Linit                   init         0006E
__Lintentry               intentry     00004
__Lmaintext               maintext     00020
__Lpa_nodes0              pa_nodes0    00020
__Lpowerup                powerup      00000
__Lram                    ram          00020
__Lreset_vec              reset_vec    00000
__Lsfr0                   sfr0         00020
__Lsfr1                   sfr1         00020
__Lsfr10                  sfr10        00020
__Lsfr11                  sfr11        00020
__Lsfr12                  sfr12        00020
__Lsfr13                  sfr13        00020
__Lsfr14                  sfr14        00020
__Lsfr15                  sfr15        00020
__Lsfr16                  sfr16        00020
__Lsfr17                  sfr17        00020
__Lsfr18                  sfr18        00020
__Lsfr19                  sfr19        00020
__Lsfr2                   sfr2         00020
__Lsfr20                  sfr20        00020
__Lsfr21                  sfr21        00020
__Lsfr22                  sfr22        00020
__Lsfr23                  sfr23        00020
__Lsfr24                  sfr24        00020
__Lsfr25                  sfr25        00020
__Lsfr26                  sfr26        00020
__Lsfr27                  sfr27        00020
__Lsfr28                  sfr28        00020
__Lsfr29                  sfr29        00020
__Lsfr3                   sfr3         00020
__Lsfr30                  sfr30        00020
__Lsfr31                  sfr31        00020
__Lsfr4                   sfr4         00020
__Lsfr5                   sfr5         00020
__Lsfr6                   sfr6         00020
__Lsfr7                   sfr7         00020
__Lsfr8                   sfr8         00020
__Lsfr9                   sfr9         00020
__Lspace_0                (abs)        00000
__Lspace_1                (abs)        00000
__Lspace_2                (abs)        00000
__Lspace_3                (abs)        00000
__Lstack                  stack        00000
__Lstrings                strings      00020
__Lstringtext1            stringtext1  00020
__Lstringtext2            stringtext2  00020
__Ltext                   text         00020
__S0                      (abs)        08009
__S1                      (abs)        00157
__S2                      (abs)        00000
__S3                      (abs)        0F010
__Umul8_16                text13       004D2
__Umul8_16@multiplicand   cstackCOMMON 00070
__Umul8_16@multiplier     cstackCOMMON 00077
__Umul8_16@product        cstackCOMMON 00073
__Umul8_16@word_mpld      cstackCOMMON 00075
___fladd                  text3        001DF
___fladd@a                cstackBANK1  000A4
___fladd@aexp             cstackBANK1  000B1
___fladd@b                cstackBANK1  000A0
___fladd@bexp             cstackBANK1  000B2
___fladd@grs              cstackBANK1  000B3
___fladd@signs            cstackBANK1  000B0
___fldiv                  text18       0052E
___fldiv@a                cstackBANK0  00056
___fldiv@aexp             cstackBANK0  0006E
___fldiv@b                cstackBANK0  0005A
___fldiv@bexp             cstackBANK0  0006D
___fldiv@grs              cstackBANK0  00069
___fldiv@new_exp          cstackBANK0  00067
___fldiv@rem              cstackBANK0  00062
___fldiv@sign             cstackBANK0  00066
___fleq                   cinit        00B9B
___fleq@ff1               cstackBANK0  0002A
___fleq@ff2               cstackBANK0  0002E
___flge                   cinit        00CF9
___flge@ff1               cstackCOMMON 00070
___flge@ff2               cstackCOMMON 00074
___flmul                  text13       003B8
___flmul@a                cstackBANK0  00041
___flmul@aexp             cstackBANK0  0004A
___flmul@b                cstackBANK0  0003D
___flmul@bexp             cstackBANK0  0004F
___flmul@grs              cstackBANK0  0004B
___flmul@prod             cstackBANK0  00050
___flmul@sign             cstackBANK0  00049
___flmul@temp             cstackBANK0  00054
___flneg                  cinit        00DBF
___flneg@f1               cstackCOMMON 00070
___flsub                  cinit        00E13
___flsub@a                cstackBANK1  000B4
___flsub@b                cstackBANK1  000B8
___fltol                  cinit        00DC8
___fltol@exp1             cstackCOMMON 00079
___fltol@f1               cstackCOMMON 00070
___fltol@sign1            cstackCOMMON 00078
___int_sp                 stack        00000
___latbits                (abs)        00001
___sp                     stack        00000
___stackhi                (abs)        020EF
___stacklo                (abs)        020D7
___xxtofl                 cinit        00D55
___xxtofl@arg             cstackBANK0  00026
___xxtofl@exp             cstackBANK0  00025
___xxtofl@sign            cstackBANK0  00024
___xxtofl@val             cstackCOMMON 0007A
__end_ofPL10              text3        00387
__end_ofPL12              cinit        00EAC
__end_ofPL14              text13       004F4
__end_ofPL16              cinit        00EBC
__end_ofPL18              cinit        00ECC
__end_ofPL2               cinit        00E5F
__end_ofPL20              cinit        00EDC
__end_ofPL22              cinit        00EEC
__end_ofPL24              cinit        00EFC
__end_ofPL26              text13       00504
__end_ofPL28              cinit        00F06
__end_ofPL30              text1        00720
__end_ofPL32              text13       00511
__end_ofPL34              cinit        00F0D
__end_ofPL36              cinit        00F1A
__end_ofPL38              text13       0051E
__end_ofPL4               cinit        00E85
__end_ofPL40              text3        0038D
__end_ofPL42              text3        00395
__end_ofPL44              cinit        00F23
__end_ofPL46              cinit        00F2B
__end_ofPL48              cinit        00F34
__end_ofPL50              text1        00729
__end_ofPL52              text3        0039D
__end_ofPL54              cinit        00F39
__end_ofPL56              text3        003A4
__end_ofPL58              text18       00632
__end_ofPL6               cinit        00EA5
__end_ofPL60              cinit        00F3E
__end_ofPL62              text3        003A9
__end_ofPL64              cinit        00F44
__end_ofPL66              cinit        00F49
__end_ofPL68              text3        003AE
__end_ofPL70              text13       00524
__end_ofPL72              cinit        00FFB
__end_ofPL74              cinit        01000
__end_ofPL76              text18       00638
__end_ofPL78              text3        003B3
__end_ofPL8               text3        0036F
__end_ofPL80              text13       00529
__end_ofPL82              text13       0052E
__end_ofPL84              text3        003B8
__end_ofPL86              cinit        00F4E
__end_of_ADC_read         cinit        00A9B
__end_of__Umul8_16        text13       004E9
__end_of___fladd          text3        0030F
__end_of___fldiv          text18       0062C
__end_of___fleq           cinit        00BCF
__end_of___flge           cinit        00D55
__end_of___flmul          text13       004D2
__end_of___flneg          cinit        00DC8
__end_of___flsub          cinit        00E30
__end_of___fltol          cinit        00E13
__end_of___xxtofl         cinit        00DBF
__end_of__initialization  cinit        00842
__end_of_eeprom_read      cinit        00F94
__end_of_eeprom_write     cinit        00A82
__end_of_eval_poly        text3        0035F
__end_of_exp              cinit        00CF9
__end_of_floor            text3        0019C
__end_of_frexp            text3        001DF
__end_of_init_I2C_buffer  cinit        00F85
__end_of_isr              intentry     0006E
__end_of_ldexp            cinit        00FF6
__end_of_log              text3        0011A
__end_of_main             cinit        00A69
__end_of_pow              cinit        00B9B
__end_of_sqrt             text1        00717
__end_ofexp@coeff         stringtext1  00751
__end_oflog@coeff         stringtext2  00775
__initialization          cinit        00835
__pbssBANK0               bssBANK0     0006F
__pbssBANK2               bssBANK2     00120
__pcstackBANK0            cstackBANK0  00020
__pcstackBANK1            cstackBANK1  000A0
__pcstackBANK2            cstackBANK2  00149
__pcstackCOMMON           cstackCOMMON 00070
__pdataBANK1              dataBANK1    000EE
__pidataBANK1             idataBANK1   00000
__pintentry               intentry     00004
__pmaintext               cinit        00845
__pstringtext1            stringtext1  00729
__pstringtext2            stringtext2  00751
__ptext1                  text1        00638
__ptext10                 cinit        00DC8
__ptext11                 cinit        00CF9
__ptext12                 text3        0030F
__ptext13                 text13       003B8
__ptext14                 text13       004D2
__ptext15                 cinit        00E13
__ptext16                 text3        001DF
__ptext17                 cinit        00DBF
__ptext18                 text18       0052E
__ptext19                 cinit        00F4E
__ptext2                  cinit        00A9B
__ptext20                 cinit        00F85
__ptext21                 cinit        00A69
__ptext22                 cinit        00A82
__ptext3                  text3        00070
__ptext4                  cinit        00BCF
__ptext5                  cinit        00F94
__ptext6                  text3        0011A
__ptext7                  text3        0019C
__ptext8                  cinit        00B9B
__ptext9                  cinit        00D55
__size_of_ADC_read        (abs)        00000
__size_of__Umul8_16       (abs)        00000
__size_of___fladd         (abs)        00000
__size_of___fldiv         (abs)        00000
__size_of___fleq          (abs)        00000
__size_of___flge          (abs)        00000
__size_of___flmul         (abs)        00000
__size_of___flneg         (abs)        00000
__size_of___flsub         (abs)        00000
__size_of___fltol         (abs)        00000
__size_of___xxtofl        (abs)        00000
__size_of_eeprom_read     (abs)        00000
__size_of_eeprom_write    (abs)        00000
__size_of_eval_poly       (abs)        00000
__size_of_exp             (abs)        00000
__size_of_floor           (abs)        00000
__size_of_frexp           (abs)        00000
__size_of_init_I2C_buffer (abs)        00000
__size_of_isr             (abs)        00000
__size_of_ldexp           (abs)        00000
__size_of_log             (abs)        00000
__size_of_main            (abs)        00000
__size_of_pow             (abs)        00000
__size_of_sqrt            (abs)        00000
_adc                      bssBANK2     00145
_eeprom_read              cinit        00F85
_eeprom_write             cinit        00A69
_eval_poly                text3        0030F
_exp                      cinit        00BCF
_exp$1335                 cstackBANK1  000D2
_first_i2c                dataBANK1    000EE
_floor                    text3        0011A
_frexp                    text3        0019C
_iacc                     bssBANK2     00141
_index_i2c                bssBANK0     0006F
_init_I2C_buffer          cinit        00F4E
_isr                      intentry     00004
_ldexp                    cinit        00F94
_log                      text3        00070
_main                     cinit        00845
_main$1332                cstackBANK2  00153
_pow                      cinit        00A9B
_pow$1333                 cstackBANK1  000E1
_pow$1334                 cstackBANK1  000E5
_sqrt                     text1        00638
_vacc                     bssBANK2     0013D
btemp                     (abs)        0007E
clear_ram0                clrtext      00775
eeprom_read@addr          cstackCOMMON 00070
eeprom_write@addr         cstackCOMMON 00071
eeprom_write@value        cstackCOMMON 00070
end_of_initialization     cinit        00842
eval_poly@d               cstackBANK1  000B8
eval_poly@n               cstackBANK1  000BA
eval_poly@res             cstackBANK1  000C2
eval_poly@x               cstackBANK1  000B4
exp@coeff                 stringtext1  00729
exp@exponent              cstackBANK1  000D6
exp@sign                  cstackBANK1  000D8
exp@x                     cstackBANK1  000CE
floor@expon               cstackBANK1  000BC
floor@i                   cstackBANK1  000B8
floor@x                   cstackBANK1  000B4
frexp@eptr                cstackBANK0  0003A
frexp@value               cstackBANK0  00036
int$flags                 (abs)        0007E
intlevel0                 functab      00000
intlevel1                 functab      00000
intlevel2                 functab      00000
intlevel3                 functab      00000
intlevel4                 functab      00000
intlevel5                 functab      00000
ldexp@newexp              cstackBANK1  000CA
ldexp@value               cstackBANK1  000C6
log@coeff                 stringtext2  00751
log@exponent              cstackBANK1  000CA
log@x                     cstackBANK1  000C6
main@i                    cstackBANK2  00151
pow@sign                  cstackBANK1  000E9
pow@x                     cstackBANK1  000D9
pow@y                     cstackBANK1  000DD
pow@yi                    cstackBANK1  000EA
reset_vec                 reset_vec    00000
sqrt@a                    cstackBANK1  000A0
sqrt@exp                  cstackBANK1  000B3
sqrt@frac                 cstackBANK1  000B5
sqrt@grs                  cstackBANK1  000AE
sqrt@i                    cstackBANK1  000A9
sqrt@p                    cstackBANK1  000B2
sqrt@root                 cstackBANK1  000B9
sqrt@sign                 cstackBANK1  000A8
sqrt@tfrac                cstackBANK1  000AA
start                     init         0006E
start_initialization      cinit        00835
wtemp0                    (abs)        0007E


FUNCTION INFORMATION:

 *************** function _main *****************
 Defined at:
		line 172 in file "main.c"
 Parameters:    Size  Location     Type
  argc            2    0[BANK2 ] int 
  argv            2    2[BANK2 ] PTR PTR unsigned char 
 Auto vars:     Size  Location     Type
  i               2    8[BANK2 ] int 
 Return value:  Size  Location     Type
                  2    0[BANK2 ] int 
 Registers used:
		wreg, fsr0l, fsr0h, fsr1l, fsr1h, status,2, status,0, pclath, cstack
 Tracked objects:
		On entry : 
		On exit  : 
		Unchanged: 
 Data sizes:     COMMON   BANK0   BANK1   BANK2
      Params:         0       0       0       4
      Locals:         0       0       0       6
      Temps:          0       0       0       4
      Totals:         0       0       0      14
Total ram usage:       14 bytes
 Hardware stack levels required when called:    6
 This function calls:
		_ADC_read
		___fladd
		___fldiv
		___flmul
		___xxtofl
		_eeprom_write
		_init_I2C_buffer
		_pow
		_sqrt
 This function is called by:
		Startup code after reset
 This function uses a non-reentrant model


 *************** function _sqrt *****************
 Defined at:
		line 9 in file "C:\Program Files (x86)\Microchip\xc8\v2.10\pic\sources\c90\common\sprcsqrt.c"
 Parameters:    Size  Location     Type
  a               4    0[BANK1 ] int 
 Auto vars:     Size  Location     Type
  root            4   25[BANK1 ] struct .
  frac            4   21[BANK1 ] unsigned long 
  grs             4   14[BANK1 ] unsigned long 
  tfrac           4   10[BANK1 ] unsigned long 
  exp             2   19[BANK1 ] int 
  p               1   18[BANK1 ] unsigned char 
  i               1    9[BANK1 ] unsigned char 
  sign            1    8[BANK1 ] unsigned char 
 Return value:  Size  Location     Type
                  4    0[BANK1 ] unsigned char 
 Registers used:
		wreg, status,2, status,0
 Tracked objects:
		On entry : 
		On exit  : 
		Unchanged: 
 Data sizes:     COMMON   BANK0   BANK1   BANK2
      Params:         0       0       4       0
      Locals:         0       0      21       0
      Temps:          0       0       4       0
      Totals:         0       0      29       0
Total ram usage:       29 bytes
 Hardware stack levels used:    1
 Hardware stack levels required when called:    1
 This function calls:
		Nothing
 This function is called by:
		_main
 This function uses a non-reentrant model


 *************** function _pow *****************
 Defined at:
		line 5 in file "C:\Program Files (x86)\Microchip\xc8\v2.10\pic\sources\c90\common\pow.c"
 Parameters:    Size  Location     Type
  x               4   57[BANK1 ] unsigned char 
  y               4   61[BANK1 ] unsigned char 
 Auto vars:     Size  Location     Type
  yi              4   74[BANK1 ] unsigned long 
  sign            1   73[BANK1 ] unsigned char 
 Return value:  Size  Location     Type
                  4   57[BANK1 ] unsigned char 
 Registers used:
		wreg, fsr0l, fsr0h, fsr1l, fsr1h, status,2, status,0, pclath, cstack
 Tracked objects:
		On entry : 
		On exit  : 
		Unchanged: 
 Data sizes:     COMMON   BANK0   BANK1   BANK2
      Params:         0       0       8       0
      Locals:         0       0      13       0
      Temps:          0       0       0       0
      Totals:         0       0      21       0
Total ram usage:       21 bytes
 Hardware stack levels used:    1
 Hardware stack levels required when called:    5
 This function calls:
		___fleq
		___flge
		___flmul
		___flneg
		___fltol
		___xxtofl
		_exp
		_log
 This function is called by:
		_main
 This function uses a non-reentrant model


 *************** function _log *****************
 Defined at:
		line 5 in file "C:\Program Files (x86)\Microchip\xc8\v2.10\pic\sources\c90\common\log.c"
 Parameters:    Size  Location     Type
  x               4   38[BANK1 ] unsigned char 
 Auto vars:     Size  Location     Type
  exponent        2   42[BANK1 ] int 
 Return value:  Size  Location     Type
                  4   38[BANK1 ] int 
 Registers used:
		wreg, fsr0l, fsr0h, fsr1l, fsr1h, status,2, status,0, pclath, cstack
 Tracked objects:
		On entry : 
		On exit  : 
		Unchanged: 
 Data sizes:     COMMON   BANK0   BANK1   BANK2
      Params:         0       0       4       0
      Locals:         0       0       2       0
      Temps:          0       0       0       0
      Totals:         0       0       6       0
Total ram usage:        6 bytes
 Hardware stack levels used:    1
 Hardware stack levels required when called:    4
 This function calls:
		___fladd
		___fleq
		___flge
		___flmul
		___xxtofl
		_eval_poly
		_frexp
 This function is called by:
		_pow
 This function uses a non-reentrant model


 *************** function _exp *****************
 Defined at:
		line 12 in file "C:\Program Files (x86)\Microchip\xc8\v2.10\pic\sources\c90\common\exp.c"
 Parameters:    Size  Location     Type
  x               4   46[BANK1 ] int 
 Auto vars:     Size  Location     Type
  exponent        2   54[BANK1 ] int 
  sign            1   56[BANK1 ] unsigned char 
 Return value:  Size  Location     Type
                  4   46[BANK1 ] unsigned char 
 Registers used:
		wreg, fsr0l, fsr0h, fsr1l, fsr1h, status,2, status,0, pclath, cstack
 Tracked objects:
		On entry : 
		On exit  : 
		Unchanged: 
 Data sizes:     COMMON   BANK0   BANK1   BANK2
      Params:         0       0       4       0
      Locals:         0       0       7       0
      Temps:          0       0       0       0
      Totals:         0       0      11       0
Total ram usage:       11 bytes
 Hardware stack levels used:    1
 Hardware stack levels required when called:    4
 This function calls:
		___fldiv
		___fleq
		___flge
		___flmul
		___flneg
		___flsub
		___fltol
		___xxtofl
		_eval_poly
		_floor
		_ldexp
 This function is called by:
		_pow
 This function uses a non-reentrant model


 *************** function _ldexp *****************
 Defined at:
		line 277 in file "C:\Program Files (x86)\Microchip\xc8\v2.10\pic\sources\c90\common\frexp.c"
 Parameters:    Size  Location     Type
  value           4   38[BANK1 ] unsigned char 
  newexp          2   42[BANK1 ] int 
 Auto vars:     Size  Location     Type
		None
 Return value:  Size  Location     Type
                  4   38[BANK1 ] int 
 Registers used:
		wreg, status,2, status,0, pclath, cstack
 Tracked objects:
		On entry : 
		On exit  : 
		Unchanged: 
 Data sizes:     COMMON   BANK0   BANK1   BANK2
      Params:         0       0       6       0
      Locals:         0       0       0       0
      Temps:          0       0       2       0
      Totals:         0       0       8       0
Total ram usage:        8 bytes
 Hardware stack levels used:    1
 Hardware stack levels required when called:    2
 This function calls:
		___fleq
		___flge
 This function is called by:
		_exp
 This function uses a non-reentrant model


 *************** function _floor *****************
 Defined at:
		line 13 in file "C:\Program Files (x86)\Microchip\xc8\v2.10\pic\sources\c90\common\floor.c"
 Parameters:    Size  Location     Type
  x               4   20[BANK1 ] int 
 Auto vars:     Size  Location     Type
  i               4   24[BANK1 ] int 
  expon           2   28[BANK1 ] int 
 Return value:  Size  Location     Type
                  4   20[BANK1 ] int 
 Registers used:
		wreg, fsr1l, fsr1h, status,2, status,0, pclath, cstack
 Tracked objects:
		On entry : 
		On exit  : 
		Unchanged: 
 Data sizes:     COMMON   BANK0   BANK1   BANK2
      Params:         0       0       4       0
      Locals:         0       0       6       0
      Temps:          0       0       0       0
      Totals:         0       0      10       0
Total ram usage:       10 bytes
 Hardware stack levels used:    1
 Hardware stack levels required when called:    3
 This function calls:
		___fladd
		___flge
		___fltol
		___xxtofl
		_frexp
 This function is called by:
		_exp
 This function uses a non-reentrant model


 *************** function _frexp *****************
 Defined at:
		line 254 in file "C:\Program Files (x86)\Microchip\xc8\v2.10\pic\sources\c90\common\frexp.c"
 Parameters:    Size  Location     Type
  value           4   22[BANK0 ] int 
  eptr            1   26[BANK0 ] PTR int 
		 -> log@exponent(2), floor@expon(2), 
 Auto vars:     Size  Location     Type
		None
 Return value:  Size  Location     Type
                  4   22[BANK0 ] PTR int 
 Registers used:
		wreg, fsr1l, fsr1h, status,2, status,0, pclath, cstack
 Tracked objects:
		On entry : 
		On exit  : 
		Unchanged: 
 Data sizes:     COMMON   BANK0   BANK1   BANK2
      Params:         0       5       0       0
      Locals:         0       0       0       0
      Temps:          0       2       0       0
      Totals:         0       7       0       0
Total ram usage:        7 bytes
 Hardware stack levels used:    1
 Hardware stack levels required when called:    2
 This function calls:
		___fleq
 This function is called by:
		_floor
		_log
 This function uses a non-reentrant model


 *************** function ___fleq *****************
 Defined at:
		line 4 in file "C:\Program Files (x86)\Microchip\xc8\v2.10\pic\sources\c90\common\fleq.c"
 Parameters:    Size  Location     Type
  ff1             4   10[BANK0 ] PTR int 
  ff2             4   14[BANK0 ] PTR int 
 Auto vars:     Size  Location     Type
		None
 Return value:  Size  Location     Type
		None               void
 Registers used:
		wreg, status,2, status,0
 Tracked objects:
		On entry : 
		On exit  : 
		Unchanged: 
 Data sizes:     COMMON   BANK0   BANK1   BANK2
      Params:         0       8       0       0
      Locals:         0       0       0       0
      Temps:          0       4       0       0
      Totals:         0      12       0       0
Total ram usage:       12 bytes
 Hardware stack levels used:    1
 Hardware stack levels required when called:    1
 This function calls:
		Nothing
 This function is called by:
		_pow
		_exp
		_frexp
		_ldexp
		_log
 This function uses a non-reentrant model


 *************** function ___xxtofl *****************
 Defined at:
		line 10 in file "C:\Program Files (x86)\Microchip\xc8\v2.10\pic\sources\c90\common\xxtofl.c"
 Parameters:    Size  Location     Type
  sign            1    wreg     unsigned char 
  val             4   10[COMMON] long 
 Auto vars:     Size  Location     Type
  sign            1    4[BANK0 ] unsigned char 
  arg             4    6[BANK0 ] unsigned long 
  exp             1    5[BANK0 ] unsigned char 
 Return value:  Size  Location     Type
                  4   10[COMMON] unsigned char 
 Registers used:
		wreg, status,2, status,0
 Tracked objects:
		On entry : 
		On exit  : 
		Unchanged: 
 Data sizes:     COMMON   BANK0   BANK1   BANK2
      Params:         4       0       0       0
      Locals:         0       6       0       0
      Temps:          0       4       0       0
      Totals:         4      10       0       0
Total ram usage:       14 bytes
 Hardware stack levels used:    1
 Hardware stack levels required when called:    1
 This function calls:
		Nothing
 This function is called by:
		_main
		_pow
		_exp
		_floor
		_log
 This function uses a non-reentrant model


 *************** function ___fltol *****************
 Defined at:
		line 43 in file "C:\Program Files (x86)\Microchip\xc8\v2.10\pic\sources\c90\common\fltol.c"
 Parameters:    Size  Location     Type
  f1              4    0[COMMON] unsigned char 
 Auto vars:     Size  Location     Type
  exp1            1    9[COMMON] unsigned char 
  sign1           1    8[COMMON] unsigned char 
 Return value:  Size  Location     Type
                  4    0[COMMON] long 
 Registers used:
		wreg, status,2, status,0
 Tracked objects:
		On entry : 
		On exit  : 
		Unchanged: 
 Data sizes:     COMMON   BANK0   BANK1   BANK2
      Params:         4       0       0       0
      Locals:         2       0       0       0
      Temps:          4       0       0       0
      Totals:        10       0       0       0
Total ram usage:       10 bytes
 Hardware stack levels used:    1
 Hardware stack levels required when called:    1
 This function calls:
		Nothing
 This function is called by:
		_pow
		_exp
		_floor
 This function uses a non-reentrant model


 *************** function ___flge *****************
 Defined at:
		line 4 in file "C:\Program Files (x86)\Microchip\xc8\v2.10\pic\sources\c90\common\flge.c"
 Parameters:    Size  Location     Type
  ff1             4    0[COMMON] long 
  ff2             4    4[COMMON] long 
 Auto vars:     Size  Location     Type
		None
 Return value:  Size  Location     Type
		None               void
 Registers used:
		wreg, status,2, status,0
 Tracked objects:
		On entry : 
		On exit  : 
		Unchanged: 
 Data sizes:     COMMON   BANK0   BANK1   BANK2
      Params:         8       0       0       0
      Locals:         0       0       0       0
      Temps:          4       0       0       0
      Totals:        12       0       0       0
Total ram usage:       12 bytes
 Hardware stack levels used:    1
 Hardware stack levels required when called:    1
 This function calls:
		Nothing
 This function is called by:
		_pow
		_exp
		_floor
		_ldexp
		_log
 This function uses a non-reentrant model


 *************** function _eval_poly *****************
 Defined at:
		line 4 in file "C:\Program Files (x86)\Microchip\xc8\v2.10\pic\sources\c90\common\evalpoly.c"
 Parameters:    Size  Location     Type
  x               4   20[BANK1 ] long 
  d               2   24[BANK1 ] PTR const 
		 -> log@coeff(36), exp@coeff(40), 
  n               2   26[BANK1 ] int 
 Auto vars:     Size  Location     Type
  res             4   34[BANK1 ] int 
 Return value:  Size  Location     Type
                  4   20[BANK1 ] int 
 Registers used:
		wreg, fsr0l, fsr0h, status,2, status,0, pclath, cstack
 Tracked objects:
		On entry : 
		On exit  : 
		Unchanged: 
 Data sizes:     COMMON   BANK0   BANK1   BANK2
      Params:         0       0       8       0
      Locals:         0       0       4       0
      Temps:          0       0       6       0
      Totals:         0       0      18       0
Total ram usage:       18 bytes
 Hardware stack levels used:    1
 Hardware stack levels required when called:    3
 This function calls:
		___fladd
		___flmul
 This function is called by:
		_exp
		_log
 This function uses a non-reentrant model


 *************** function ___flmul *****************
 Defined at:
		line 8 in file "C:\Program Files (x86)\Microchip\xc8\v2.10\pic\sources\c90\common\sprcmul.c"
 Parameters:    Size  Location     Type
  b               4   29[BANK0 ] int 
  a               4   33[BANK0 ] int 
 Auto vars:     Size  Location     Type
  prod            4   48[BANK0 ] struct .
  grs             4   43[BANK0 ] unsigned long 
  temp            2   52[BANK0 ] struct .
  bexp            1   47[BANK0 ] unsigned char 
  aexp            1   42[BANK0 ] unsigned char 
  sign            1   41[BANK0 ] unsigned char 
 Return value:  Size  Location     Type
                  4   29[BANK0 ] unsigned char 
 Registers used:
		wreg, status,2, status,0, pclath, cstack
 Tracked objects:
		On entry : 
		On exit  : 
		Unchanged: 
 Data sizes:     COMMON   BANK0   BANK1   BANK2
      Params:         0       8       0       0
      Locals:         0      13       0       0
      Temps:          0       4       0       0
      Totals:         0      25       0       0
Total ram usage:       25 bytes
 Hardware stack levels used:    1
 Hardware stack levels required when called:    2
 This function calls:
		__Umul8_16
 This function is called by:
		_main
		_pow
		_exp
		_log
		_eval_poly
 This function uses a non-reentrant model


 *************** function __Umul8_16 *****************
 Defined at:
		line 4 in file "C:\Program Files (x86)\Microchip\xc8\v2.10\pic\sources\c90\common\Umul8_16.c"
 Parameters:    Size  Location     Type
  multiplier      1    wreg     unsigned char 
  multiplicand    1    0[COMMON] unsigned char 
 Auto vars:     Size  Location     Type
  multiplier      1    7[COMMON] unsigned char 
  word_mpld       2    5[COMMON] unsigned int 
  product         2    3[COMMON] unsigned int 
 Return value:  Size  Location     Type
                  2    0[COMMON] unsigned int 
 Registers used:
		wreg, status,2, status,0
 Tracked objects:
		On entry : 
		On exit  : 
		Unchanged: 
 Data sizes:     COMMON   BANK0   BANK1   BANK2
      Params:         3       0       0       0
      Locals:         5       0       0       0
      Temps:          0       0       0       0
      Totals:         8       0       0       0
Total ram usage:        8 bytes
 Hardware stack levels used:    1
 Hardware stack levels required when called:    1
 This function calls:
		Nothing
 This function is called by:
		___flmul
 This function uses a non-reentrant model


 *************** function ___flsub *****************
 Defined at:
		line 242 in file "C:\Program Files (x86)\Microchip\xc8\v2.10\pic\sources\c90\common\sprcadd.c"
 Parameters:    Size  Location     Type
  a               4   20[BANK1 ] unsigned int 
  b               4   24[BANK1 ] unsigned int 
 Auto vars:     Size  Location     Type
		None
 Return value:  Size  Location     Type
                  4   20[BANK1 ] unsigned int 
 Registers used:
		wreg, status,2, status,0, pclath, cstack
 Tracked objects:
		On entry : 
		On exit  : 
		Unchanged: 
 Data sizes:     COMMON   BANK0   BANK1   BANK2
      Params:         0       0       8       0
      Locals:         0       0       0       0
      Temps:          0       0       0       0
      Totals:         0       0       8       0
Total ram usage:        8 bytes
 Hardware stack levels used:    1
 Hardware stack levels required when called:    2
 This function calls:
		___fladd
 This function is called by:
		_exp
 This function uses a non-reentrant model


 *************** function ___fladd *****************
 Defined at:
		line 10 in file "C:\Program Files (x86)\Microchip\xc8\v2.10\pic\sources\c90\common\sprcadd.c"
 Parameters:    Size  Location     Type
  b               4    0[BANK1 ] unsigned int 
  a               4    4[BANK1 ] unsigned int 
 Auto vars:     Size  Location     Type
  grs             1   19[BANK1 ] unsigned char 
  bexp            1   18[BANK1 ] unsigned char 
  aexp            1   17[BANK1 ] unsigned char 
  signs           1   16[BANK1 ] unsigned char 
 Return value:  Size  Location     Type
                  4    0[BANK1 ] unsigned char 
 Registers used:
		wreg, status,2, status,0
 Tracked objects:
		On entry : 
		On exit  : 
		Unchanged: 
 Data sizes:     COMMON   BANK0   BANK1   BANK2
      Params:         0       0       8       0
      Locals:         0       0       4       0
      Temps:          0       0       8       0
      Totals:         0       0      20       0
Total ram usage:       20 bytes
 Hardware stack levels used:    1
 Hardware stack levels required when called:    1
 This function calls:
		Nothing
 This function is called by:
		_main
		___flsub
		_floor
		_log
		_eval_poly
 This function uses a non-reentrant model


 *************** function ___flneg *****************
 Defined at:
		line 15 in file "C:\Program Files (x86)\Microchip\xc8\v2.10\pic\sources\c90\common\flneg.c"
 Parameters:    Size  Location     Type
  f1              4    0[COMMON] unsigned char 
 Auto vars:     Size  Location     Type
		None
 Return value:  Size  Location     Type
                  4    0[COMMON] unsigned char 
 Registers used:
		wreg
 Tracked objects:
		On entry : 
		On exit  : 
		Unchanged: 
 Data sizes:     COMMON   BANK0   BANK1   BANK2
      Params:         4       0       0       0
      Locals:         0       0       0       0
      Temps:          0       0       0       0
      Totals:         4       0       0       0
Total ram usage:        4 bytes
 Hardware stack levels used:    1
 Hardware stack levels required when called:    1
 This function calls:
		Nothing
 This function is called by:
		_pow
		_exp
 This function uses a non-reentrant model


 *************** function ___fldiv *****************
 Defined at:
		line 8 in file "C:\Program Files (x86)\Microchip\xc8\v2.10\pic\sources\c90\common\sprcdiv.c"
 Parameters:    Size  Location     Type
  a               4   54[BANK0 ] unsigned char 
  b               4   58[BANK0 ] unsigned char 
 Auto vars:     Size  Location     Type
  grs             4   73[BANK0 ] unsigned long 
  rem             4   66[BANK0 ] unsigned long 
  new_exp         2   71[BANK0 ] int 
  aexp            1   78[BANK0 ] unsigned char 
  bexp            1   77[BANK0 ] unsigned char 
  sign            1   70[BANK0 ] unsigned char 
 Return value:  Size  Location     Type
                  4   54[BANK0 ] unsigned char 
 Registers used:
		wreg, status,2, status,0
 Tracked objects:
		On entry : 
		On exit  : 
		Unchanged: 
 Data sizes:     COMMON   BANK0   BANK1   BANK2
      Params:         0       8       0       0
      Locals:         0      13       0       0
      Temps:          0       4       0       0
      Totals:         0      25       0       0
Total ram usage:       25 bytes
 Hardware stack levels used:    1
 Hardware stack levels required when called:    1
 This function calls:
		Nothing
 This function is called by:
		_main
		_exp
 This function uses a non-reentrant model


 *************** function _init_I2C_buffer *****************
 Defined at:
		line 87 in file "main.c"
 Parameters:    Size  Location     Type
		None
 Auto vars:     Size  Location     Type
		None
 Return value:  Size  Location     Type
                  1    wreg      void 
 Registers used:
		wreg, status,2, status,0, pclath, cstack
 Tracked objects:
		On entry : 
		On exit  : 
		Unchanged: 
 Data sizes:     COMMON   BANK0   BANK1   BANK2
      Params:         0       0       0       0
      Locals:         0       0       0       0
      Temps:          0       0       0       0
      Totals:         0       0       0       0
Total ram usage:        0 bytes
 Hardware stack levels used:    1
 Hardware stack levels required when called:    2
 This function calls:
		_eeprom_read
 This function is called by:
		_main
 This function uses a non-reentrant model


 *************** function _eeprom_read *****************
 Defined at:
		line 6 in file "C:\Program Files (x86)\Microchip\xc8\v2.10\pic\sources\c90\pic\__eeread.c"
 Parameters:    Size  Location     Type
  addr            1    wreg     unsigned char 
 Auto vars:     Size  Location     Type
  addr            1    0[COMMON] unsigned char 
 Return value:  Size  Location     Type
                  1    wreg      unsigned char 
 Registers used:
		wreg, status,2, status,0
 Tracked objects:
		On entry : 
		On exit  : 
		Unchanged: 
 Data sizes:     COMMON   BANK0   BANK1   BANK2
      Params:         0       0       0       0
      Locals:         1       0       0       0
      Temps:          0       0       0       0
      Totals:         1       0       0       0
Total ram usage:        1 bytes
 Hardware stack levels used:    1
 Hardware stack levels required when called:    1
 This function calls:
		Nothing
 This function is called by:
		_init_I2C_buffer
 This function uses a non-reentrant model


 *************** function _eeprom_write *****************
 Defined at:
		line 6 in file "C:\Program Files (x86)\Microchip\xc8\v2.10\pic\sources\c90\pic\__eewrite.c"
 Parameters:    Size  Location     Type
  addr            1    wreg     unsigned char 
  value           1    0[COMMON] unsigned char 
 Auto vars:     Size  Location     Type
  addr            1    1[COMMON] unsigned char 
 Return value:  Size  Location     Type
                  1    wreg      void 
 Registers used:
		wreg, status,2, status,0
 Tracked objects:
		On entry : 
		On exit  : 
		Unchanged: 
 Data sizes:     COMMON   BANK0   BANK1   BANK2
      Params:         1       0       0       0
      Locals:         1       0       0       0
      Temps:          0       0       0       0
      Totals:         2       0       0       0
Total ram usage:        2 bytes
 Hardware stack levels used:    1
 Hardware stack levels required when called:    1
 This function calls:
		Nothing
 This function is called by:
		_main
 This function uses a non-reentrant model


 *************** function _ADC_read *****************
 Defined at:
		line 77 in file "main.c"
 Parameters:    Size  Location     Type
  channel         1    wreg     unsigned char 
 Auto vars:     Size  Location     Type
  channel         1    3[COMMON] unsigned char 
 Return value:  Size  Location     Type
                  2    0[COMMON] unsigned int 
 Registers used:
		wreg, status,2, status,0
 Tracked objects:
		On entry : 
		On exit  : 
		Unchanged: 
 Data sizes:     COMMON   BANK0   BANK1   BANK2
      Params:         2       0       0       0
      Locals:         1       0       0       0
      Temps:          1       0       0       0
      Totals:         4       0       0       0
Total ram usage:        4 bytes
 Hardware stack levels used:    1
 Hardware stack levels required when called:    1
 This function calls:
		Nothing
 This function is called by:
		_main
 This function uses a non-reentrant model


 *************** function _isr *****************
 Defined at:
		line 106 in file "main.c"
 Parameters:    Size  Location     Type
		None
 Auto vars:     Size  Location     Type
		None
 Return value:  Size  Location     Type
                  1    wreg      void 
 Registers used:
		wreg, fsr1l, fsr1h, status,2, status,0
 Tracked objects:
		On entry : 
		On exit  : 
		Unchanged: 
 Data sizes:     COMMON   BANK0   BANK1   BANK2
      Params:         0       0       0       0
      Locals:         0       0       0       0
      Temps:          0       0       0       0
      Totals:         0       0       0       0
Total ram usage:        0 bytes
 Hardware stack levels used:    1
 This function calls:
		Nothing
 This function is called by:
		Interrupt level 1
 This function uses a non-reentrant model



MODULE INFORMATION

Module		Function		Class		Link	Load	Size
C:\Program Files (x86)\Microchip\xc8\v2.10\pic\sources\c90\common\fleq.c
		___fleq        		CODE           	0B9B	0000	53

C:\Program Files (x86)\Microchip\xc8\v2.10\pic\sources\c90\common\fleq.c estimated size: 53

C:\Program Files (x86)\Microchip\xc8\v2.10\pic\sources\c90\common\log.c
		_log           		CODE           	0070	0000	171

C:\Program Files (x86)\Microchip\xc8\v2.10\pic\sources\c90\common\log.c estimated size: 171

C:\Program Files (x86)\Microchip\xc8\v2.10\pic\sources\c90\common\fltol.c
		___fltol       		CODE           	0DC8	0000	76

C:\Program Files (x86)\Microchip\xc8\v2.10\pic\sources\c90\common\fltol.c estimated size: 76

C:\Program Files (x86)\Microchip\xc8\v2.10\pic\sources\c90\pic\__eeread.c
		_eeprom_read   		CODE           	0F85	0000	16

C:\Program Files (x86)\Microchip\xc8\v2.10\pic\sources\c90\pic\__eeread.c estimated size: 16

C:\Program Files (x86)\Microchip\xc8\v2.10\pic\sources\c90\common\evalpoly.c
		_eval_poly     		CODE           	030F	0000	81

C:\Program Files (x86)\Microchip\xc8\v2.10\pic\sources\c90\common\evalpoly.c estimated size: 81

C:\Program Files (x86)\Microchip\xc8\v2.10\pic\sources\c90\common\pow.c
		_pow           		CODE           	0A9B	0000	257

C:\Program Files (x86)\Microchip\xc8\v2.10\pic\sources\c90\common\pow.c estimated size: 257

C:\Program Files (x86)\Microchip\xc8\v2.10\pic\sources\c90\common\sprcmul.c
		___flmul       		CODE           	03B8	0000	283

C:\Program Files (x86)\Microchip\xc8\v2.10\pic\sources\c90\common\sprcmul.c estimated size: 283

C:\Program Files (x86)\Microchip\xc8\v2.10\pic\sources\c90\common\Umul8_16.c
		__Umul8_16     		CODE           	04D2	0000	24

C:\Program Files (x86)\Microchip\xc8\v2.10\pic\sources\c90\common\Umul8_16.c estimated size: 24

C:\Program Files (x86)\Microchip\xc8\v2.10\pic\sources\c90\common\sprcsqrt.c
		_sqrt          		CODE           	0638	0000	224

C:\Program Files (x86)\Microchip\xc8\v2.10\pic\sources\c90\common\sprcsqrt.c estimated size: 224

C:\Program Files (x86)\Microchip\xc8\v2.10\pic\sources\c90\common\sprcdiv.c
		___fldiv       		CODE           	052E	0000	255

C:\Program Files (x86)\Microchip\xc8\v2.10\pic\sources\c90\common\sprcdiv.c estimated size: 255

C:\Program Files (x86)\Microchip\xc8\v2.10\pic\sources\c90\pic\__eewrite.c
		_eeprom_write  		CODE           	0A69	0000	26

C:\Program Files (x86)\Microchip\xc8\v2.10\pic\sources\c90\pic\__eewrite.c estimated size: 26

C:\Program Files (x86)\Microchip\xc8\v2.10\pic\sources\c90\common\flneg.c
		___flneg       		CODE           	0DBF	0000	10

C:\Program Files (x86)\Microchip\xc8\v2.10\pic\sources\c90\common\flneg.c estimated size: 10

C:\Program Files (x86)\Microchip\xc8\v2.10\pic\sources\c90\common\flge.c
		___flge        		CODE           	0CF9	0000	93

C:\Program Files (x86)\Microchip\xc8\v2.10\pic\sources\c90\common\flge.c estimated size: 93

C:\Program Files (x86)\Microchip\xc8\v2.10\pic\sources\c90\common\xxtofl.c
		___xxtofl      		CODE           	0D55	0000	107

C:\Program Files (x86)\Microchip\xc8\v2.10\pic\sources\c90\common\xxtofl.c estimated size: 107

shared
		PL12           		CODE           	0EA5	0000	8
		PL50           		CODE           	0720	0000	10
		PL8            		CODE           	035F	0000	17
		PL22           		CODE           	0EDC	0000	17
		PL60           		CODE           	0F39	0000	6
		PL32           		CODE           	0504	0000	14
		PL70           		CODE           	051E	0000	7
		PL42           		CODE           	038D	0000	9
		PL80           		CODE           	0524	0000	6
		exp@coeff      		STRCODE        	0729	0000	41
		PL14           		CODE           	04E9	0000	12
		PL52           		CODE           	0395	0000	9
		PL24           		CODE           	0EEC	0000	17
		PL62           		CODE           	03A4	0000	6
		PL34           		CODE           	0F06	0000	8
		PL72           		CODE           	0FF6	0000	6
		PL44           		CODE           	0F1A	0000	10
		PL82           		CODE           	0529	0000	6
		PL16           		CODE           	0EAC	0000	17
		PL54           		CODE           	0F34	0000	6
		PL26           		CODE           	04F4	0000	17
		PL64           		CODE           	0F3E	0000	7
		PL36           		CODE           	0F0D	0000	14
		PL74           		CODE           	0FFB	0000	6
		PL46           		CODE           	0F23	0000	9
		PL84           		CODE           	03B3	0000	6
		PL18           		CODE           	0EBC	0000	17
		PL56           		CODE           	039D	0000	8
		PL28           		CODE           	0EFC	0000	11
		PL66           		CODE           	0F44	0000	6
		PL38           		CODE           	0511	0000	14
		PL76           		CODE           	0632	0000	7
		PL48           		CODE           	0F2B	0000	10
		PL86           		CODE           	0F49	0000	6
		PL58           		CODE           	062C	0000	7
		PL68           		CODE           	03A9	0000	6
		PL78           		CODE           	03AE	0000	6
		__initialization		CODE           	0835	0000	14
		log@coeff      		STRCODE        	0751	0000	37
		PL2            		CODE           	0E30	0000	48
		PL10           		CODE           	036F	0000	25
		PL4            		CODE           	0E5F	0000	39
		PL20           		CODE           	0ECC	0000	17
		PL30           		CODE           	0717	0000	10
		PL6            		CODE           	0E85	0000	33
		PL40           		CODE           	0387	0000	7

shared estimated size: 619

C:\Program Files (x86)\Microchip\xc8\v2.10\pic\sources\c90\common\exp.c
		_exp           		CODE           	0BCF	0000	299

C:\Program Files (x86)\Microchip\xc8\v2.10\pic\sources\c90\common\exp.c estimated size: 299

C:\Program Files (x86)\Microchip\xc8\v2.10\pic\sources\c90\common\sprcadd.c
		___flsub       		CODE           	0E13	0000	30
		___fladd       		CODE           	01DF	0000	305

C:\Program Files (x86)\Microchip\xc8\v2.10\pic\sources\c90\common\sprcadd.c estimated size: 335

C:\Program Files (x86)\Microchip\xc8\v2.10\pic\sources\c90\common\frexp.c
		_ldexp         		CODE           	0F94	0000	99
		_frexp         		CODE           	019C	0000	68

C:\Program Files (x86)\Microchip\xc8\v2.10\pic\sources\c90\common\frexp.c estimated size: 167

main.c
		_main          		CODE           	0845	0000	549
		_ADC_read      		CODE           	0A82	0000	26
		_init_I2C_buffer		CODE           	0F4E	0000	56
		_isr           		CODE           	0004	0000	107

main.c estimated size: 738

C:\Program Files (x86)\Microchip\xc8\v2.10\pic\sources\c90\common\floor.c
		_floor         		CODE           	011A	0000	131

C:\Program Files (x86)\Microchip\xc8\v2.10\pic\sources\c90\common\floor.c estimated size: 131

